Archive member included to satisfy reference by file (symbol)

/home/knap-linux/st/stm32cubeide_1.17.0/plugins/com.st.stm32cube.ide.mcu.externaltools.gnu-tools-for-stm32.12.3.rel1.linux64_1.1.0.202410170702/tools/bin/../lib/gcc/arm-none-eabi/12.3.1/../../../../arm-none-eabi/lib/thumb/v7e-m+fp/hard/libstdc++_nano.a(del_ops.o)
                              ./Project/fdcan_controller.o (operator delete(void*, unsigned int))
/home/knap-linux/st/stm32cubeide_1.17.0/plugins/com.st.stm32cube.ide.mcu.externaltools.gnu-tools-for-stm32.12.3.rel1.linux64_1.1.0.202410170702/tools/bin/../lib/gcc/arm-none-eabi/12.3.1/../../../../arm-none-eabi/lib/thumb/v7e-m+fp/hard/libstdc++_nano.a(del_op.o)
                              /home/knap-linux/st/stm32cubeide_1.17.0/plugins/com.st.stm32cube.ide.mcu.externaltools.gnu-tools-for-stm32.12.3.rel1.linux64_1.1.0.202410170702/tools/bin/../lib/gcc/arm-none-eabi/12.3.1/../../../../arm-none-eabi/lib/thumb/v7e-m+fp/hard/libstdc++_nano.a(del_ops.o) (operator delete(void*))
/home/knap-linux/st/stm32cubeide_1.17.0/plugins/com.st.stm32cube.ide.mcu.externaltools.gnu-tools-for-stm32.12.3.rel1.linux64_1.1.0.202410170702/tools/bin/../lib/gcc/arm-none-eabi/12.3.1/../../../../arm-none-eabi/lib/thumb/v7e-m+fp/hard/libc_nano.a(libc_a-exit.o)
                              /home/knap-linux/st/stm32cubeide_1.17.0/plugins/com.st.stm32cube.ide.mcu.externaltools.gnu-tools-for-stm32.12.3.rel1.linux64_1.1.0.202410170702/tools/bin/../lib/gcc/arm-none-eabi/12.3.1/../../../../arm-none-eabi/lib/thumb/v7e-m+fp/hard/crt0.o (exit)
/home/knap-linux/st/stm32cubeide_1.17.0/plugins/com.st.stm32cube.ide.mcu.externaltools.gnu-tools-for-stm32.12.3.rel1.linux64_1.1.0.202410170702/tools/bin/../lib/gcc/arm-none-eabi/12.3.1/../../../../arm-none-eabi/lib/thumb/v7e-m+fp/hard/libc_nano.a(libc_a-malloc.o)
                              /home/knap-linux/st/stm32cubeide_1.17.0/plugins/com.st.stm32cube.ide.mcu.externaltools.gnu-tools-for-stm32.12.3.rel1.linux64_1.1.0.202410170702/tools/bin/../lib/gcc/arm-none-eabi/12.3.1/../../../../arm-none-eabi/lib/thumb/v7e-m+fp/hard/libstdc++_nano.a(del_op.o) (free)
/home/knap-linux/st/stm32cubeide_1.17.0/plugins/com.st.stm32cube.ide.mcu.externaltools.gnu-tools-for-stm32.12.3.rel1.linux64_1.1.0.202410170702/tools/bin/../lib/gcc/arm-none-eabi/12.3.1/../../../../arm-none-eabi/lib/thumb/v7e-m+fp/hard/libc_nano.a(libc_a-mallocr.o)
                              /home/knap-linux/st/stm32cubeide_1.17.0/plugins/com.st.stm32cube.ide.mcu.externaltools.gnu-tools-for-stm32.12.3.rel1.linux64_1.1.0.202410170702/tools/bin/../lib/gcc/arm-none-eabi/12.3.1/../../../../arm-none-eabi/lib/thumb/v7e-m+fp/hard/libc_nano.a(libc_a-malloc.o) (_malloc_r)
/home/knap-linux/st/stm32cubeide_1.17.0/plugins/com.st.stm32cube.ide.mcu.externaltools.gnu-tools-for-stm32.12.3.rel1.linux64_1.1.0.202410170702/tools/bin/../lib/gcc/arm-none-eabi/12.3.1/../../../../arm-none-eabi/lib/thumb/v7e-m+fp/hard/libc_nano.a(libc_a-mlock.o)
                              /home/knap-linux/st/stm32cubeide_1.17.0/plugins/com.st.stm32cube.ide.mcu.externaltools.gnu-tools-for-stm32.12.3.rel1.linux64_1.1.0.202410170702/tools/bin/../lib/gcc/arm-none-eabi/12.3.1/../../../../arm-none-eabi/lib/thumb/v7e-m+fp/hard/libc_nano.a(libc_a-mallocr.o) (__malloc_lock)
/home/knap-linux/st/stm32cubeide_1.17.0/plugins/com.st.stm32cube.ide.mcu.externaltools.gnu-tools-for-stm32.12.3.rel1.linux64_1.1.0.202410170702/tools/bin/../lib/gcc/arm-none-eabi/12.3.1/../../../../arm-none-eabi/lib/thumb/v7e-m+fp/hard/libc_nano.a(libc_a-findfp.o)
                              /home/knap-linux/st/stm32cubeide_1.17.0/plugins/com.st.stm32cube.ide.mcu.externaltools.gnu-tools-for-stm32.12.3.rel1.linux64_1.1.0.202410170702/tools/bin/../lib/gcc/arm-none-eabi/12.3.1/../../../../arm-none-eabi/lib/thumb/v7e-m+fp/hard/libc_nano.a(libc_a-exit.o) (__stdio_exit_handler)
/home/knap-linux/st/stm32cubeide_1.17.0/plugins/com.st.stm32cube.ide.mcu.externaltools.gnu-tools-for-stm32.12.3.rel1.linux64_1.1.0.202410170702/tools/bin/../lib/gcc/arm-none-eabi/12.3.1/../../../../arm-none-eabi/lib/thumb/v7e-m+fp/hard/libc_nano.a(libc_a-fwalk.o)
                              /home/knap-linux/st/stm32cubeide_1.17.0/plugins/com.st.stm32cube.ide.mcu.externaltools.gnu-tools-for-stm32.12.3.rel1.linux64_1.1.0.202410170702/tools/bin/../lib/gcc/arm-none-eabi/12.3.1/../../../../arm-none-eabi/lib/thumb/v7e-m+fp/hard/libc_nano.a(libc_a-findfp.o) (_fwalk_sglue)
/home/knap-linux/st/stm32cubeide_1.17.0/plugins/com.st.stm32cube.ide.mcu.externaltools.gnu-tools-for-stm32.12.3.rel1.linux64_1.1.0.202410170702/tools/bin/../lib/gcc/arm-none-eabi/12.3.1/../../../../arm-none-eabi/lib/thumb/v7e-m+fp/hard/libc_nano.a(libc_a-printf.o)
                              ./Core/Src/main.o (printf)
[...]
Memory Configuration

Name             Origin             Length             Attributes
RAM              0x20000000         0x00020000         xrw
FLASH            0x08000000         0x00080000         xr
*default*        0x00000000         0xffffffff

Linker script and memory map

LOAD /home/knap-linux/st/stm32cubeide_1.17.0/plugins/com.st.stm32cube.ide.mcu.externaltools.gnu-tools-for-stm32.12.3.rel1.linux64_1.1.0.202410170702/tools/bin/../lib/gcc/arm-none-eabi/12.3.1/thumb/v7e-m+fp/hard/crti.o
LOAD /home/knap-linux/st/stm32cubeide_1.17.0/plugins/com.st.stm32cube.ide.mcu.externaltools.gnu-tools-for-stm32.12.3.rel1.linux64_1.1.0.202410170702/tools/bin/../lib/gcc/arm-none-eabi/12.3.1/thumb/v7e-m+fp/hard/crtbegin.o
LOAD /home/knap-linux/st/stm32cubeide_1.17.0/plugins/com.st.stm32cube.ide.mcu.externaltools.gnu-tools-for-stm32.12.3.rel1.linux64_1.1.0.202410170702/tools/bin/../lib/gcc/arm-none-eabi/12.3.1/../../../../arm-none-eabi/lib/thumb/v7e-m+fp/hard/crt0.o
LOAD ./Core/Src/app_freertos.o
LOAD ./Core/Src/main.o
LOAD ./Core/Src/stm32g4xx_hal_msp.o
LOAD ./Core/Src/stm32g4xx_hal_timebase_tim.o
LOAD ./Core/Src/stm32g4xx_it.o
LOAD ./Core/Src/syscalls.o
LOAD ./Core/Src/sysmem.o
LOAD ./Core/Src/system_stm32g4xx.o
LOAD ./Core/Startup/startup_stm32g474retx.o
LOAD ./Drivers/STM32G4xx_HAL_Driver/Src/stm32g4xx_hal.o
LOAD ./Drivers/STM32G4xx_HAL_Driver/Src/stm32g4xx_hal_cortex.o
LOAD ./Drivers/STM32G4xx_HAL_Driver/Src/stm32g4xx_hal_dma.o
LOAD ./Drivers/STM32G4xx_HAL_Driver/Src/stm32g4xx_hal_dma_ex.o
LOAD ./Drivers/STM32G4xx_HAL_Driver/Src/stm32g4xx_hal_exti.o
LOAD ./Drivers/STM32G4xx_HAL_Driver/Src/stm32g4xx_hal_fdcan.o
LOAD ./Drivers/STM32G4xx_HAL_Driver/Src/stm32g4xx_hal_flash.o
LOAD ./Drivers/STM32G4xx_HAL_Driver/Src/stm32g4xx_hal_flash_ex.o
LOAD ./Drivers/STM32G4xx_HAL_Driver/Src/stm32g4xx_hal_flash_ramfunc.o
LOAD ./Drivers/STM32G4xx_HAL_Driver/Src/stm32g4xx_hal_gpio.o
LOAD ./Drivers/STM32G4xx_HAL_Driver/Src/stm32g4xx_hal_pwr.o
LOAD ./Drivers/STM32G4xx_HAL_Driver/Src/stm32g4xx_hal_pwr_ex.o
LOAD ./Drivers/STM32G4xx_HAL_Driver/Src/stm32g4xx_hal_rcc.o
LOAD ./Drivers/STM32G4xx_HAL_Driver/Src/stm32g4xx_hal_rcc_ex.o
LOAD ./Drivers/STM32G4xx_HAL_Driver/Src/stm32g4xx_hal_tim.o
LOAD ./Drivers/STM32G4xx_HAL_Driver/Src/stm32g4xx_hal_tim_ex.o
LOAD ./Drivers/STM32G4xx_HAL_Driver/Src/stm32g4xx_hal_uart.o
LOAD ./Drivers/STM32G4xx_HAL_Driver/Src/stm32g4xx_hal_uart_ex.o
LOAD ./Middlewares/Third_Party/FreeRTOS/Source/CMSIS_RTOS_V2/cmsis_os2.o
LOAD ./Middlewares/Third_Party/FreeRTOS/Source/croutine.o
LOAD ./Middlewares/Third_Party/FreeRTOS/Source/event_groups.o
LOAD ./Middlewares/Third_Party/FreeRTOS/Source/list.o
LOAD ./Middlewares/Third_Party/FreeRTOS/Source/queue.o
LOAD ./Middlewares/Third_Party/FreeRTOS/Source/stream_buffer.o
LOAD ./Middlewares/Third_Party/FreeRTOS/Source/tasks.o
LOAD ./Middlewares/Third_Party/FreeRTOS/Source/timers.o
LOAD ./Middlewares/Third_Party/FreeRTOS/Source/portable/GCC/ARM_CM4F/port.o
LOAD ./Middlewares/Third_Party/FreeRTOS/Source/portable/MemMang/heap_4.o
LOAD ./Project/fdcan_controller.o
LOAD ./Test/unity.o
START GROUP
LOAD /home/knap-linux/st/stm32cubeide_1.17.0/plugins/com.st.stm32cube.ide.mcu.externaltools.gnu-tools-for-stm32.12.3.rel1.linux64_1.1.0.202410170702/tools/bin/../lib/gcc/arm-none-eabi/12.3.1/../../../../arm-none-eabi/lib/thumb/v7e-m+fp/hard/libstdc++_nano.a
LOAD /home/knap-linux/st/stm32cubeide_1.17.0/plugins/com.st.stm32cube.ide.mcu.externaltools.gnu-tools-for-stm32.12.3.rel1.linux64_1.1.0.202410170702/tools/bin/../lib/gcc/arm-none-eabi/12.3.1/../../../../arm-none-eabi/lib/thumb/v7e-m+fp/hard/libsupc++_nano.a
END GROUP
LOAD /home/knap-linux/st/stm32cubeide_1.17.0/plugins/com.st.stm32cube.ide.mcu.externaltools.gnu-tools-for-stm32.12.3.rel1.linux64_1.1.0.202410170702/tools/bin/../lib/gcc/arm-none-eabi/12.3.1/../../../../arm-none-eabi/lib/thumb/v7e-m+fp/hard/libstdc++_nano.a
LOAD /home/knap-linux/st/stm32cubeide_1.17.0/plugins/com.st.stm32cube.ide.mcu.externaltools.gnu-tools-for-stm32.12.3.rel1.linux64_1.1.0.202410170702/tools/bin/../lib/gcc/arm-none-eabi/12.3.1/../../../../arm-none-eabi/lib/thumb/v7e-m+fp/hard/libm.a
LOAD /home/knap-linux/st/stm32cubeide_1.17.0/plugins/com.st.stm32cube.ide.mcu.externaltools.gnu-tools-for-stm32.12.3.rel1.linux64_1.1.0.202410170702/tools/bin/../lib/gcc/arm-none-eabi/12.3.1/../../../../arm-none-eabi/lib/thumb/v7e-m+fp/hard/libc_nano.a
START GROUP
LOAD /home/knap-linux/st/stm32cubeide_1.17.0/plugins/com.st.stm32cube.ide.mcu.externaltools.gnu-tools-for-stm32.12.3.rel1.linux64_1.1.0.202410170702/tools/bin/../lib/gcc/arm-none-eabi/12.3.1/thumb/v7e-m+fp/hard/libgcc.a
LOAD /home/knap-linux/st/stm32cubeide_1.17.0/plugins/com.st.stm32cube.ide.mcu.externaltools.gnu-tools-for-stm32.12.3.rel1.linux64_1.1.0.202410170702/tools/bin/../lib/gcc/arm-none-eabi/12.3.1/../../../../arm-none-eabi/lib/thumb/v7e-m+fp/hard/libc_nano.a
END GROUP
START GROUP
LOAD /home/knap-linux/st/stm32cubeide_1.17.0/plugins/com.st.stm32cube.ide.mcu.externaltools.gnu-tools-for-stm32.12.3.rel1.linux64_1.1.0.202410170702/tools/bin/../lib/gcc/arm-none-eabi/12.3.1/thumb/v7e-m+fp/hard/libgcc.a
LOAD /home/knap-linux/st/stm32cubeide_1.17.0/plugins/com.st.stm32cube.ide.mcu.externaltools.gnu-tools-for-stm32.12.3.rel1.linux64_1.1.0.202410170702/tools/bin/../lib/gcc/arm-none-eabi/12.3.1/../../../../arm-none-eabi/lib/thumb/v7e-m+fp/hard/libc_nano.a
LOAD /home/knap-linux/st/stm32cubeide_1.17.0/plugins/com.st.stm32cube.ide.mcu.externaltools.gnu-tools-for-stm32.12.3.rel1.linux64_1.1.0.202410170702/tools/bin/../lib/gcc/arm-none-eabi/12.3.1/../../../../arm-none-eabi/lib/thumb/v7e-m+fp/hard/libnosys.a
END GROUP
START GROUP
LOAD /home/knap-linux/st/stm32cubeide_1.17.0/plugins/com.st.stm32cube.ide.mcu.externaltools.gnu-tools-for-stm32.12.3.rel1.linux64_1.1.0.202410170702/tools/bin/../lib/gcc/arm-none-eabi/12.3.1/thumb/v7e-m+fp/hard/libgcc.a
LOAD /home/knap-linux/st/stm32cubeide_1.17.0/plugins/com.st.stm32cube.ide.mcu.externaltools.gnu-tools-for-stm32.12.3.rel1.linux64_1.1.0.202410170702/tools/bin/../lib/gcc/arm-none-eabi/12.3.1/../../../../arm-none-eabi/lib/thumb/v7e-m+fp/hard/libc_nano.a
LOAD /home/knap-linux/st/stm32cubeide_1.17.0/plugins/com.st.stm32cube.ide.mcu.externaltools.gnu-tools-for-stm32.12.3.rel1.linux64_1.1.0.202410170702/tools/bin/../lib/gcc/arm-none-eabi/12.3.1/../../../../arm-none-eabi/lib/thumb/v7e-m+fp/hard/libnosys.a
END GROUP
LOAD /home/knap-linux/st/stm32cubeide_1.17.0/plugins/com.st.stm32cube.ide.mcu.externaltools.gnu-tools-for-stm32.12.3.rel1.linux64_1.1.0.202410170702/tools/bin/../lib/gcc/arm-none-eabi/12.3.1/thumb/v7e-m+fp/hard/crtend.o
LOAD /home/knap-linux/st/stm32cubeide_1.17.0/plugins/com.st.stm32cube.ide.mcu.externaltools.gnu-tools-for-stm32.12.3.rel1.linux64_1.1.0.202410170702/tools/bin/../lib/gcc/arm-none-eabi/12.3.1/thumb/v7e-m+fp/hard/crtn.o
                0x20020000                        _estack = (ORIGIN (RAM) + LENGTH (RAM))
                0x00000200                        _Min_Heap_Size = 0x200
                0x00000400                        _Min_Stack_Size = 0x400

.isr_vector     0x08000000      0x1d8
                0x08000000                        . = ALIGN (0x4)
 *(.isr_vector)
 .isr_vector    0x08000000      0x1d8 ./Core/Startup/startup_stm32g474retx.o
                0x08000000                g_pfnVectors
                0x080001d8                        . = ALIGN (0x4)

.text           0x080001e0     0xa0f4
                0x080001e0                        . = ALIGN (0x4)
 *(.text)
 .text          0x080001e0       0x40 /home/knap-linux/st/stm32cubeide_1.17.0/plugins/com.st.stm32cube.ide.mcu.externaltools.gnu-tools-for-stm32.12.3.rel1.linux64_1.1.0.202410170702/tools/bin/../lib/gcc/arm-none-eabi/12.3.1/thumb/v7e-m+fp/hard/crtbegin.o
 .text          0x08000220       0xa0 /home/knap-linux/st/stm32cubeide_1.17.0/plugins/com.st.stm32cube.ide.mcu.externaltools.gnu-tools-for-stm32.12.3.rel1.linux64_1.1.0.202410170702/tools/bin/../lib/gcc/arm-none-eabi/12.3.1/../../../../arm-none-eabi/lib/thumb/v7e-m+fp/hard/libc_nano.a(libc_a-memchr.o)
                0x08000220                memchr
 .text          0x080002c0       0x30 /home/knap-linux/st/stm32cubeide_1.17.0/plugins/com.st.stm32cube.ide.mcu.externaltools.gnu-tools-for-stm32.12.3.rel1.linux64_1.1.0.202410170702/tools/bin/../lib/gcc/arm-none-eabi/12.3.1/thumb/v7e-m+fp/hard/libgcc.a(_aeabi_uldivmod.o)
                0x080002c0                __aeabi_uldivmod
 .text          0x080002f0      0x2bc /home/knap-linux/st/stm32cubeide_1.17.0/plugins/com.st.stm32cube.ide.mcu.externaltools.gnu-tools-for-stm32.12.3.rel1.linux64_1.1.0.202410170702/tools/bin/../lib/gcc/arm-none-eabi/12.3.1/thumb/v7e-m+fp/hard/libgcc.a(_udivmoddi4.o)
                0x080002f0                __udivmoddi4
 .text          0x080005ac        0x4 /home/knap-linux/st/stm32cubeide_1.17.0/plugins/com.st.stm32cube.ide.mcu.externaltools.gnu-tools-for-stm32.12.3.rel1.linux64_1.1.0.202410170702/tools/bin/../lib/gcc/arm-none-eabi/12.3.1/thumb/v7e-m+fp/hard/libgcc.a(_dvmd_tls.o)
                0x080005ac                __aeabi_ldiv0
                0x080005ac                __aeabi_idiv0
 *(.text*)
 .text.ITM_SendChar
                0x080005b0       0x62 ./Core/Src/main.o
 *fill*         0x08000612        0x2 
 .text._write   0x08000614       0x28 ./Core/Src/main.o
                0x08000614                _write
 .text.main     0x0800063c      0x1cc ./Core/Src/main.o
                0x0800063c                main
 .text._Z18SystemClock_Configv
                0x08000808       0xaa ./Core/Src/main.o
                0x08000808                SystemClock_Config()
 *fill*         0x080008b2        0x2 
 .text._ZL14MX_FDCAN1_Initv
                0x080008b4       0x98 ./Core/Src/main.o
 .text._ZL19MX_USART2_UART_Initv
                0x0800094c       0xc0 ./Core/Src/main.o
 .text._ZL12MX_GPIO_Initv
                0x08000a0c       0xdc ./Core/Src/main.o
 .text.HAL_FDCAN_TxBufferCompleteCallback
                0x08000ae8       0x38 ./Core/Src/main.o
                0x08000ae8                HAL_FDCAN_TxBufferCompleteCallback
 .text.HAL_FDCAN_RxFifo0Callback
                0x08000b20       0x3c ./Core/Src/main.o
                0x08000b20                HAL_FDCAN_RxFifo0Callback
 .text.HAL_FDCAN_RxFifo1Callback
                0x08000b5c       0x3c ./Core/Src/main.o
                0x08000b5c                HAL_FDCAN_RxFifo1Callback
 .text._Z11task_actionc
                0x08000b98       0x20 ./Core/Src/main.o
                0x08000b98                task_action(char)
 .text._Z10startTask0Pv
                0x08000bb8       0x74 ./Core/Src/main.o
                0x08000bb8                startTask0(void*)
 .text._Z10startTask1Pv
                0x08000c2c       0x30 ./Core/Src/main.o
                0x08000c2c                startTask1(void*)
 .text._Z10startTask2Pv
                0x08000c5c       0x74 ./Core/Src/main.o
                0x08000c5c                startTask2(void*)
 .text._Z10startTask3Pv
                0x08000cd0       0x30 ./Core/Src/main.o
                0x08000cd0                startTask3(void*)
 .text.HAL_TIM_PeriodElapsedCallback
                0x08000d00       0x24 ./Core/Src/main.o
                0x08000d00                HAL_TIM_PeriodElapsedCallback
 .text.Error_Handler
                0x08000d24        0xc ./Core/Src/main.o
                0x08000d24                Error_Handler
 .text._Z41__static_initialization_and_destruction_0ii
                0x08000d30       0x44 ./Core/Src/main.o
 .text._GLOBAL__sub_I_hfdcan1
                0x08000d74       0x10 ./Core/Src/main.o
 .text._GLOBAL__sub_D_hfdcan1
                0x08000d84       0x10 ./Core/Src/main.o
 .text.HAL_MspInit
                0x08000d94       0x54 ./Core/Src/stm32g4xx_hal_msp.o
                0x08000d94                HAL_MspInit
 .text.HAL_FDCAN_MspInit
                0x08000de8       0xd4 ./Core/Src/stm32g4xx_hal_msp.o
                0x08000de8                HAL_FDCAN_MspInit
 .text.HAL_UART_MspInit
                0x08000ebc       0xc0 ./Core/Src/stm32g4xx_hal_msp.o
                0x08000ebc                HAL_UART_MspInit
 .text.HAL_InitTick
                0x08000f7c       0xd8 ./Core/Src/stm32g4xx_hal_timebase_tim.o
                0x08000f7c                HAL_InitTick
 .text.NMI_Handler
                0x08001054        0x8 ./Core/Src/stm32g4xx_it.o
                0x08001054                NMI_Handler
 .text.HardFault_Handler
                0x0800105c        0x8 ./Core/Src/stm32g4xx_it.o
                0x0800105c                HardFault_Handler
 .text.MemManage_Handler
                0x08001064        0x8 ./Core/Src/stm32g4xx_it.o
                0x08001064                MemManage_Handler
 .text.BusFault_Handler
                0x0800106c        0x8 ./Core/Src/stm32g4xx_it.o
                0x0800106c                BusFault_Handler
 .text.UsageFault_Handler
                0x08001074        0x8 ./Core/Src/stm32g4xx_it.o
                0x08001074                UsageFault_Handler
 .text.DebugMon_Handler
                0x0800107c        0xe ./Core/Src/stm32g4xx_it.o
                0x0800107c                DebugMon_Handler
 *fill*         0x0800108a        0x2 
 .text.FDCAN1_IT0_IRQHandler
                0x0800108c       0x14 ./Core/Src/stm32g4xx_it.o
                0x0800108c                FDCAN1_IT0_IRQHandler
 .text.FDCAN1_IT1_IRQHandler
                0x080010a0       0x14 ./Core/Src/stm32g4xx_it.o
                0x080010a0                FDCAN1_IT1_IRQHandler
 .text.USART2_IRQHandler
                0x080010b4       0x14 ./Core/Src/stm32g4xx_it.o
                0x080010b4                USART2_IRQHandler
 .text.EXTI15_10_IRQHandler
                0x080010c8       0x10 ./Core/Src/stm32g4xx_it.o
                0x080010c8                EXTI15_10_IRQHandler
 .text.TIM6_DAC_IRQHandler
                0x080010d8       0x14 ./Core/Src/stm32g4xx_it.o
                0x080010d8                TIM6_DAC_IRQHandler
 .text._read    0x080010ec       0x3a ./Core/Src/syscalls.o
                0x080010ec                _read
 .text._close   0x08001126       0x18 ./Core/Src/syscalls.o
                0x08001126                _close
 .text._fstat   0x0800113e       0x20 ./Core/Src/syscalls.o
                0x0800113e                _fstat
 .text._isatty  0x0800115e       0x16 ./Core/Src/syscalls.o
                0x0800115e                _isatty
 .text._lseek   0x08001174       0x1a ./Core/Src/syscalls.o
                0x08001174                _lseek
 *fill*         0x0800118e        0x2 
 .text._sbrk    0x08001190       0x6c ./Core/Src/sysmem.o
                0x08001190                _sbrk
 .text.SystemInit
                0x080011fc       0x24 ./Core/Src/system_stm32g4xx.o
                0x080011fc                SystemInit
 .text.Reset_Handler
                0x08001220       0x50 ./Core/Startup/startup_stm32g474retx.o
                0x08001220                Reset_Handler
 .text.Default_Handler
                0x08001270        0x2 ./Core/Startup/startup_stm32g474retx.o
                0x08001270                RTC_Alarm_IRQHandler
                0x08001270                EXTI2_IRQHandler
                0x08001270                TIM8_TRG_COM_IRQHandler
                0x08001270                TIM8_CC_IRQHandler
                0x08001270                HRTIM1_Master_IRQHandler
                0x08001270                SPI4_IRQHandler
                0x08001270                FDCAN3_IT0_IRQHandler
                0x08001270                TIM1_CC_IRQHandler
                0x08001270                HRTIM1_FLT_IRQHandler
                0x08001270                HRTIM1_TIMF_IRQHandler
                0x08001270                USB_HP_IRQHandler
                0x08001270                CORDIC_IRQHandler
                0x08001270                HRTIM1_TIMD_IRQHandler
                0x08001270                DMA2_Channel8_IRQHandler
                0x08001270                EXTI3_IRQHandler
                0x08001270                I2C3_ER_IRQHandler
                0x08001270                EXTI0_IRQHandler
                0x08001270                I2C2_EV_IRQHandler
                0x08001270                FPU_IRQHandler
                0x08001270                TIM1_UP_TIM16_IRQHandler
                0x08001270                ADC1_2_IRQHandler
                0x08001270                HRTIM1_TIME_IRQHandler
                0x08001270                SPI1_IRQHandler
                0x08001270                HRTIM1_TIMC_IRQHandler
                0x08001270                TIM8_UP_IRQHandler
                0x08001270                DMA2_Channel2_IRQHandler
                0x08001270                DMA1_Channel4_IRQHandler
                0x08001270                TIM20_TRG_COM_IRQHandler
                0x08001270                USART3_IRQHandler
                0x08001270                DMA1_Channel7_IRQHandler
                0x08001270                UART5_IRQHandler
                0x08001270                ADC3_IRQHandler
                0x08001270                TIM4_IRQHandler
                0x08001270                DMA2_Channel1_IRQHandler
                0x08001270                QUADSPI_IRQHandler
                0x08001270                I2C1_EV_IRQHandler
                0x08001270                DMA1_Channel6_IRQHandler
                0x08001270                UART4_IRQHandler
                0x08001270                DMA2_Channel4_IRQHandler
                0x08001270                TIM3_IRQHandler
                0x08001270                RCC_IRQHandler
                0x08001270                TIM20_UP_IRQHandler
                0x08001270                DMA1_Channel1_IRQHandler
                0x08001270                Default_Handler
                0x08001270                DMA2_Channel7_IRQHandler
                0x08001270                RTC_TAMP_LSECSS_IRQHandler
                0x08001270                FMAC_IRQHandler
                0x08001270                DMA1_Channel8_IRQHandler
                0x08001270                HRTIM1_TIMA_IRQHandler
                0x08001270                TIM7_DAC_IRQHandler
                0x08001270                FDCAN3_IT1_IRQHandler
                0x08001270                TIM5_IRQHandler
                0x08001270                UCPD1_IRQHandler
                0x08001270                I2C3_EV_IRQHandler
                0x08001270                EXTI9_5_IRQHandler
                0x08001270                RTC_WKUP_IRQHandler
                0x08001270                PVD_PVM_IRQHandler
                0x08001270                SPI2_IRQHandler
                0x08001270                ADC5_IRQHandler
                0x08001270                DMA2_Channel5_IRQHandler
                0x08001270                CRS_IRQHandler
                0x08001270                DMA1_Channel5_IRQHandler
                0x08001270                USB_LP_IRQHandler
                0x08001270                EXTI4_IRQHandler
                0x08001270                RNG_IRQHandler
                0x08001270                HRTIM1_TIMB_IRQHandler
                0x08001270                TIM1_TRG_COM_TIM17_IRQHandler
                0x08001270                FDCAN2_IT1_IRQHandler
                0x08001270                DMA1_Channel3_IRQHandler
                0x08001270                ADC4_IRQHandler
                0x08001270                WWDG_IRQHandler
                0x08001270                I2C4_EV_IRQHandler
                0x08001270                FDCAN2_IT0_IRQHandler
                0x08001270                LPUART1_IRQHandler
                0x08001270                DMA2_Channel6_IRQHandler
                0x08001270                TIM2_IRQHandler
                0x08001270                COMP7_IRQHandler
                0x08001270                COMP1_2_3_IRQHandler
                0x08001270                EXTI1_IRQHandler
                0x08001270                COMP4_5_6_IRQHandler
                0x08001270                TIM20_BRK_IRQHandler
                0x08001270                I2C2_ER_IRQHandler
                0x08001270                DMA1_Channel2_IRQHandler
                0x08001270                TIM8_BRK_IRQHandler
                0x08001270                FLASH_IRQHandler
                0x08001270                TIM20_CC_IRQHandler
                0x08001270                USART1_IRQHandler
                0x08001270                SPI3_IRQHandler
                0x08001270                I2C1_ER_IRQHandler
                0x08001270                FMC_IRQHandler
                0x08001270                LPTIM1_IRQHandler
                0x08001270                DMAMUX_OVR_IRQHandler
                0x08001270                I2C4_ER_IRQHandler
                0x08001270                USBWakeUp_IRQHandler
                0x08001270                SAI1_IRQHandler
                0x08001270                DMA2_Channel3_IRQHandler
                0x08001270                TIM1_BRK_TIM15_IRQHandler
 .text.HAL_Init
                0x08001272       0x30 ./Drivers/STM32G4xx_HAL_Driver/Src/stm32g4xx_hal.o
                0x08001272                HAL_Init
 *fill*         0x080012a2        0x2 
 .text.HAL_IncTick
                0x080012a4       0x24 ./Drivers/STM32G4xx_HAL_Driver/Src/stm32g4xx_hal.o
                0x080012a4                HAL_IncTick
 .text.HAL_GetTick
                0x080012c8       0x18 ./Drivers/STM32G4xx_HAL_Driver/Src/stm32g4xx_hal.o
                0x080012c8                HAL_GetTick
 .text.__NVIC_SetPriorityGrouping
                0x080012e0       0x48 ./Drivers/STM32G4xx_HAL_Driver/Src/stm32g4xx_hal_cortex.o
 .text.__NVIC_GetPriorityGrouping
                0x08001328       0x1c ./Drivers/STM32G4xx_HAL_Driver/Src/stm32g4xx_hal_cortex.o
 .text.__NVIC_EnableIRQ
                0x08001344       0x3c ./Drivers/STM32G4xx_HAL_Driver/Src/stm32g4xx_hal_cortex.o
 .text.__NVIC_SetPriority
                0x08001380       0x54 ./Drivers/STM32G4xx_HAL_Driver/Src/stm32g4xx_hal_cortex.o
 .text.NVIC_EncodePriority
                0x080013d4       0x66 ./Drivers/STM32G4xx_HAL_Driver/Src/stm32g4xx_hal_cortex.o
 .text.HAL_NVIC_SetPriorityGrouping
                0x0800143a       0x16 ./Drivers/STM32G4xx_HAL_Driver/Src/stm32g4xx_hal_cortex.o
                0x0800143a                HAL_NVIC_SetPriorityGrouping
 .text.HAL_NVIC_SetPriority
                0x08001450       0x34 ./Drivers/STM32G4xx_HAL_Driver/Src/stm32g4xx_hal_cortex.o
                0x08001450                HAL_NVIC_SetPriority
 .text.HAL_NVIC_EnableIRQ
                0x08001484       0x1c ./Drivers/STM32G4xx_HAL_Driver/Src/stm32g4xx_hal_cortex.o
                0x08001484                HAL_NVIC_EnableIRQ
 .text.HAL_DMA_Abort
                0x080014a0       0xb2 ./Drivers/STM32G4xx_HAL_Driver/Src/stm32g4xx_hal_dma.o
                0x080014a0                HAL_DMA_Abort
 .text.HAL_DMA_Abort_IT
                0x08001552       0xce ./Drivers/STM32G4xx_HAL_Driver/Src/stm32g4xx_hal_dma.o
                0x08001552                HAL_DMA_Abort_IT
 .text.HAL_FDCAN_Init
                0x08001620      0x2b4 ./Drivers/STM32G4xx_HAL_Driver/Src/stm32g4xx_hal_fdcan.o
                0x08001620                HAL_FDCAN_Init
 .text.HAL_FDCAN_ConfigFilter
                0x080018d4       0xb4 ./Drivers/STM32G4xx_HAL_Driver/Src/stm32g4xx_hal_fdcan.o
                0x080018d4                HAL_FDCAN_ConfigFilter
 .text.HAL_FDCAN_Start
                0x08001988       0x50 ./Drivers/STM32G4xx_HAL_Driver/Src/stm32g4xx_hal_fdcan.o
                0x08001988                HAL_FDCAN_Start
 .text.HAL_FDCAN_AddMessageToTxFifoQ
                0x080019d8       0x88 ./Drivers/STM32G4xx_HAL_Driver/Src/stm32g4xx_hal_fdcan.o
                0x080019d8                HAL_FDCAN_AddMessageToTxFifoQ
 .text.HAL_FDCAN_GetRxMessage
                0x08001a60      0x210 ./Drivers/STM32G4xx_HAL_Driver/Src/stm32g4xx_hal_fdcan.o
                0x08001a60                HAL_FDCAN_GetRxMessage
 .text.HAL_FDCAN_ActivateNotification
                0x08001c70      0x1cc ./Drivers/STM32G4xx_HAL_Driver/Src/stm32g4xx_hal_fdcan.o
                0x08001c70                HAL_FDCAN_ActivateNotification
 .text.HAL_FDCAN_IRQHandler
                0x08001e3c      0x24a ./Drivers/STM32G4xx_HAL_Driver/Src/stm32g4xx_hal_fdcan.o
                0x08001e3c                HAL_FDCAN_IRQHandler
 .text.HAL_FDCAN_TxEventFifoCallback
                0x08002086       0x16 ./Drivers/STM32G4xx_HAL_Driver/Src/stm32g4xx_hal_fdcan.o
                0x08002086                HAL_FDCAN_TxEventFifoCallback
 .text.HAL_FDCAN_TxFifoEmptyCallback
                0x0800209c       0x14 ./Drivers/STM32G4xx_HAL_Driver/Src/stm32g4xx_hal_fdcan.o
                0x0800209c                HAL_FDCAN_TxFifoEmptyCallback
 .text.HAL_FDCAN_TxBufferAbortCallback
                0x080020b0       0x16 ./Drivers/STM32G4xx_HAL_Driver/Src/stm32g4xx_hal_fdcan.o
                0x080020b0                HAL_FDCAN_TxBufferAbortCallback
 .text.HAL_FDCAN_TimestampWraparoundCallback
                0x080020c6       0x14 ./Drivers/STM32G4xx_HAL_Driver/Src/stm32g4xx_hal_fdcan.o
                0x080020c6                HAL_FDCAN_TimestampWraparoundCallback
 .text.HAL_FDCAN_TimeoutOccurredCallback
                0x080020da       0x14 ./Drivers/STM32G4xx_HAL_Driver/Src/stm32g4xx_hal_fdcan.o
                0x080020da                HAL_FDCAN_TimeoutOccurredCallback
 .text.HAL_FDCAN_HighPriorityMessageCallback
                0x080020ee       0x14 ./Drivers/STM32G4xx_HAL_Driver/Src/stm32g4xx_hal_fdcan.o
                0x080020ee                HAL_FDCAN_HighPriorityMessageCallback
 .text.HAL_FDCAN_ErrorCallback
                0x08002102       0x14 ./Drivers/STM32G4xx_HAL_Driver/Src/stm32g4xx_hal_fdcan.o
                0x08002102                HAL_FDCAN_ErrorCallback
 .text.HAL_FDCAN_ErrorStatusCallback
                0x08002116       0x16 ./Drivers/STM32G4xx_HAL_Driver/Src/stm32g4xx_hal_fdcan.o
                0x08002116                HAL_FDCAN_ErrorStatusCallback
 .text.FDCAN_CalcultateRamBlockAddresses
                0x0800212c       0xd8 ./Drivers/STM32G4xx_HAL_Driver/Src/stm32g4xx_hal_fdcan.o
 .text.FDCAN_CopyMessageToRAM
                0x08002204       0xf8 ./Drivers/STM32G4xx_HAL_Driver/Src/stm32g4xx_hal_fdcan.o
 .text.HAL_GPIO_Init
                0x080022fc      0x304 ./Drivers/STM32G4xx_HAL_Driver/Src/stm32g4xx_hal_gpio.o
                0x080022fc                HAL_GPIO_Init
 .text.HAL_GPIO_WritePin
                0x08002600       0x30 ./Drivers/STM32G4xx_HAL_Driver/Src/stm32g4xx_hal_gpio.o
                0x08002600                HAL_GPIO_WritePin
 .text.HAL_GPIO_EXTI_IRQHandler
                0x08002630       0x30 ./Drivers/STM32G4xx_HAL_Driver/Src/stm32g4xx_hal_gpio.o
                0x08002630                HAL_GPIO_EXTI_IRQHandler
 .text.HAL_GPIO_EXTI_Callback
                0x08002660       0x16 ./Drivers/STM32G4xx_HAL_Driver/Src/stm32g4xx_hal_gpio.o
                0x08002660                HAL_GPIO_EXTI_Callback
 *fill*         0x08002676        0x2 
 .text.HAL_PWREx_ControlVoltageScaling
                0x08002678      0x148 ./Drivers/STM32G4xx_HAL_Driver/Src/stm32g4xx_hal_pwr_ex.o
                0x08002678                HAL_PWREx_ControlVoltageScaling
 .text.HAL_PWREx_DisableUCPDDeadBattery
                0x080027c0       0x20 ./Drivers/STM32G4xx_HAL_Driver/Src/stm32g4xx_hal_pwr_ex.o
                0x080027c0                HAL_PWREx_DisableUCPDDeadBattery
 .text.HAL_RCC_OscConfig
                0x080027e0      0x624 ./Drivers/STM32G4xx_HAL_Driver/Src/stm32g4xx_hal_rcc.o
                0x080027e0                HAL_RCC_OscConfig
 .text.HAL_RCC_ClockConfig
                0x08002e04      0x278 ./Drivers/STM32G4xx_HAL_Driver/Src/stm32g4xx_hal_rcc.o
                0x08002e04                HAL_RCC_ClockConfig
 .text.HAL_RCC_GetSysClockFreq
                0x0800307c       0xc4 ./Drivers/STM32G4xx_HAL_Driver/Src/stm32g4xx_hal_rcc.o
                0x0800307c                HAL_RCC_GetSysClockFreq
 .text.HAL_RCC_GetHCLKFreq
                0x08003140       0x18 ./Drivers/STM32G4xx_HAL_Driver/Src/stm32g4xx_hal_rcc.o
                0x08003140                HAL_RCC_GetHCLKFreq
 .text.HAL_RCC_GetPCLK1Freq
                0x08003158       0x2c ./Drivers/STM32G4xx_HAL_Driver/Src/stm32g4xx_hal_rcc.o
                0x08003158                HAL_RCC_GetPCLK1Freq
 .text.HAL_RCC_GetPCLK2Freq
                0x08003184       0x2c ./Drivers/STM32G4xx_HAL_Driver/Src/stm32g4xx_hal_rcc.o
                0x08003184                HAL_RCC_GetPCLK2Freq
 .text.HAL_RCC_GetClockConfig
                0x080031b0       0x64 ./Drivers/STM32G4xx_HAL_Driver/Src/stm32g4xx_hal_rcc.o
                0x080031b0                HAL_RCC_GetClockConfig
 .text.RCC_GetSysClockFreqFromPLLSource
                0x08003214       0x8c ./Drivers/STM32G4xx_HAL_Driver/Src/stm32g4xx_hal_rcc.o
 .text.HAL_RCCEx_PeriphCLKConfig
                0x080032a0      0x49c ./Drivers/STM32G4xx_HAL_Driver/Src/stm32g4xx_hal_rcc_ex.o
                0x080032a0                HAL_RCCEx_PeriphCLKConfig
 .text.HAL_TIM_Base_Init
                0x0800373c       0xae ./Drivers/STM32G4xx_HAL_Driver/Src/stm32g4xx_hal_tim.o
                0x0800373c                HAL_TIM_Base_Init
 .text.HAL_TIM_Base_MspInit
                0x080037ea       0x14 ./Drivers/STM32G4xx_HAL_Driver/Src/stm32g4xx_hal_tim.o
                0x080037ea                HAL_TIM_Base_MspInit
 *fill*         0x080037fe        0x2 
 .text.HAL_TIM_Base_Start_IT
                0x08003800       0xf0 ./Drivers/STM32G4xx_HAL_Driver/Src/stm32g4xx_hal_tim.o
                0x08003800                HAL_TIM_Base_Start_IT
 .text.HAL_TIM_IRQHandler
                0x080038f0      0x29e ./Drivers/STM32G4xx_HAL_Driver/Src/stm32g4xx_hal_tim.o
                0x080038f0                HAL_TIM_IRQHandler
 .text.HAL_TIM_OC_DelayElapsedCallback
                0x08003b8e       0x14 ./Drivers/STM32G4xx_HAL_Driver/Src/stm32g4xx_hal_tim.o
                0x08003b8e                HAL_TIM_OC_DelayElapsedCallback
 .text.HAL_TIM_IC_CaptureCallback
                0x08003ba2       0x14 ./Drivers/STM32G4xx_HAL_Driver/Src/stm32g4xx_hal_tim.o
                0x08003ba2                HAL_TIM_IC_CaptureCallback
 .text.HAL_TIM_PWM_PulseFinishedCallback
                0x08003bb6       0x14 ./Drivers/STM32G4xx_HAL_Driver/Src/stm32g4xx_hal_tim.o
                0x08003bb6                HAL_TIM_PWM_PulseFinishedCallback
 .text.HAL_TIM_TriggerCallback
                0x08003bca       0x14 ./Drivers/STM32G4xx_HAL_Driver/Src/stm32g4xx_hal_tim.o
                0x08003bca                HAL_TIM_TriggerCallback
 *fill*         0x08003bde        0x2 
 .text.TIM_Base_SetConfig
                0x08003be0      0x168 ./Drivers/STM32G4xx_HAL_Driver/Src/stm32g4xx_hal_tim.o
                0x08003be0                TIM_Base_SetConfig
 .text.HAL_TIMEx_CommutCallback
                0x08003d48       0x14 ./Drivers/STM32G4xx_HAL_Driver/Src/stm32g4xx_hal_tim_ex.o
                0x08003d48                HAL_TIMEx_CommutCallback
 .text.HAL_TIMEx_BreakCallback
                0x08003d5c       0x14 ./Drivers/STM32G4xx_HAL_Driver/Src/stm32g4xx_hal_tim_ex.o
                0x08003d5c                HAL_TIMEx_BreakCallback
 .text.HAL_TIMEx_Break2Callback
                0x08003d70       0x14 ./Drivers/STM32G4xx_HAL_Driver/Src/stm32g4xx_hal_tim_ex.o
                0x08003d70                HAL_TIMEx_Break2Callback
 .text.HAL_TIMEx_EncoderIndexCallback
                0x08003d84       0x14 ./Drivers/STM32G4xx_HAL_Driver/Src/stm32g4xx_hal_tim_ex.o
                0x08003d84                HAL_TIMEx_EncoderIndexCallback
 .text.HAL_TIMEx_DirectionChangeCallback
                0x08003d98       0x14 ./Drivers/STM32G4xx_HAL_Driver/Src/stm32g4xx_hal_tim_ex.o
                0x08003d98                HAL_TIMEx_DirectionChangeCallback
 .text.HAL_TIMEx_IndexErrorCallback
                0x08003dac       0x14 ./Drivers/STM32G4xx_HAL_Driver/Src/stm32g4xx_hal_tim_ex.o
                0x08003dac                HAL_TIMEx_IndexErrorCallback
 .text.HAL_TIMEx_TransitionErrorCallback
                0x08003dc0       0x14 ./Drivers/STM32G4xx_HAL_Driver/Src/stm32g4xx_hal_tim_ex.o
                0x08003dc0                HAL_TIMEx_TransitionErrorCallback
 .text.HAL_UART_Init
                0x08003dd4       0xa0 ./Drivers/STM32G4xx_HAL_Driver/Src/stm32g4xx_hal_uart.o
                0x08003dd4                HAL_UART_Init
 .text.HAL_UART_Transmit
                0x08003e74      0x11c ./Drivers/STM32G4xx_HAL_Driver/Src/stm32g4xx_hal_uart.o
                0x08003e74                HAL_UART_Transmit
 .text.HAL_UART_IRQHandler
                0x08003f90      0x684 ./Drivers/STM32G4xx_HAL_Driver/Src/stm32g4xx_hal_uart.o
                0x08003f90                HAL_UART_IRQHandler
 .text.HAL_UART_TxCpltCallback
                0x08004614       0x14 ./Drivers/STM32G4xx_HAL_Driver/Src/stm32g4xx_hal_uart.o
                0x08004614                HAL_UART_TxCpltCallback
 .text.HAL_UART_ErrorCallback
                0x08004628       0x14 ./Drivers/STM32G4xx_HAL_Driver/Src/stm32g4xx_hal_uart.o
                0x08004628                HAL_UART_ErrorCallback
 .text.HAL_UARTEx_RxEventCallback
                0x0800463c       0x18 ./Drivers/STM32G4xx_HAL_Driver/Src/stm32g4xx_hal_uart.o
                0x0800463c                HAL_UARTEx_RxEventCallback
 .text.UART_SetConfig
                0x08004654      0x5f8 ./Drivers/STM32G4xx_HAL_Driver/Src/stm32g4xx_hal_uart.o
                0x08004654                UART_SetConfig
 .text.UART_AdvFeatureConfig
                0x08004c4c      0x144 ./Drivers/STM32G4xx_HAL_Driver/Src/stm32g4xx_hal_uart.o
                0x08004c4c                UART_AdvFeatureConfig
 .text.UART_CheckIdleState
                0x08004d90      0x154 ./Drivers/STM32G4xx_HAL_Driver/Src/stm32g4xx_hal_uart.o
                0x08004d90                UART_CheckIdleState
 .text.UART_WaitOnFlagUntilTimeout
                0x08004ee4       0xda ./Drivers/STM32G4xx_HAL_Driver/Src/stm32g4xx_hal_uart.o
                0x08004ee4                UART_WaitOnFlagUntilTimeout
 .text.UART_EndRxTransfer
                0x08004fbe       0xcc ./Drivers/STM32G4xx_HAL_Driver/Src/stm32g4xx_hal_uart.o
 .text.UART_DMAAbortOnError
                0x0800508a       0x24 ./Drivers/STM32G4xx_HAL_Driver/Src/stm32g4xx_hal_uart.o
 .text.UART_EndTransmit_IT
                0x080050ae       0x56 ./Drivers/STM32G4xx_HAL_Driver/Src/stm32g4xx_hal_uart.o
 .text.HAL_UARTEx_WakeupCallback
                0x08005104       0x14 ./Drivers/STM32G4xx_HAL_Driver/Src/stm32g4xx_hal_uart_ex.o
                0x08005104                HAL_UARTEx_WakeupCallback
 .text.HAL_UARTEx_RxFifoFullCallback
                0x08005118       0x14 ./Drivers/STM32G4xx_HAL_Driver/Src/stm32g4xx_hal_uart_ex.o
                0x08005118                HAL_UARTEx_RxFifoFullCallback
 .text.HAL_UARTEx_TxFifoEmptyCallback
                0x0800512c       0x14 ./Drivers/STM32G4xx_HAL_Driver/Src/stm32g4xx_hal_uart_ex.o
                0x0800512c                HAL_UARTEx_TxFifoEmptyCallback
 .text.HAL_UARTEx_DisableFifoMode
                0x08005140       0x72 ./Drivers/STM32G4xx_HAL_Driver/Src/stm32g4xx_hal_uart_ex.o
                0x08005140                HAL_UARTEx_DisableFifoMode
 .text.HAL_UARTEx_SetTxFifoThreshold
                0x080051b2       0x7c ./Drivers/STM32G4xx_HAL_Driver/Src/stm32g4xx_hal_uart_ex.o
                0x080051b2                HAL_UARTEx_SetTxFifoThreshold
 .text.HAL_UARTEx_SetRxFifoThreshold
                0x0800522e       0x7c ./Drivers/STM32G4xx_HAL_Driver/Src/stm32g4xx_hal_uart_ex.o
                0x0800522e                HAL_UARTEx_SetRxFifoThreshold
 *fill*         0x080052aa        0x2 
 .text.UARTEx_SetNbDataToProcess
                0x080052ac       0x9c ./Drivers/STM32G4xx_HAL_Driver/Src/stm32g4xx_hal_uart_ex.o
 .text.__NVIC_SetPriority
                0x08005348       0x54 ./Middlewares/Third_Party/FreeRTOS/Source/CMSIS_RTOS_V2/cmsis_os2.o
 .text.SysTick_Handler
                0x0800539c       0x20 ./Middlewares/Third_Party/FreeRTOS/Source/CMSIS_RTOS_V2/cmsis_os2.o
                0x0800539c                SysTick_Handler
 .text.SVC_Setup
                0x080053bc       0x12 ./Middlewares/Third_Party/FreeRTOS/Source/CMSIS_RTOS_V2/cmsis_os2.o
 *fill*         0x080053ce        0x2 
 .text.osKernelInitialize
                0x080053d0       0x48 ./Middlewares/Third_Party/FreeRTOS/Source/CMSIS_RTOS_V2/cmsis_os2.o
                0x080053d0                osKernelInitialize
 .text.osKernelStart
                0x08005418       0x4c ./Middlewares/Third_Party/FreeRTOS/Source/CMSIS_RTOS_V2/cmsis_os2.o
                0x08005418                osKernelStart
 .text.osThreadNew
                0x08005464      0x124 ./Middlewares/Third_Party/FreeRTOS/Source/CMSIS_RTOS_V2/cmsis_os2.o
                0x08005464                osThreadNew
 .text.osDelay  0x08005588       0x36 ./Middlewares/Third_Party/FreeRTOS/Source/CMSIS_RTOS_V2/cmsis_os2.o
                0x08005588                osDelay
 .text.osMutexNew
                0x080055be      0x10c ./Middlewares/Third_Party/FreeRTOS/Source/CMSIS_RTOS_V2/cmsis_os2.o
                0x080055be                osMutexNew
 .text.osMutexAcquire
                0x080056ca       0x96 ./Middlewares/Third_Party/FreeRTOS/Source/CMSIS_RTOS_V2/cmsis_os2.o
                0x080056ca                osMutexAcquire
 .text.osMutexRelease
                0x08005760       0x7a ./Middlewares/Third_Party/FreeRTOS/Source/CMSIS_RTOS_V2/cmsis_os2.o
                0x08005760                osMutexRelease
 .text.osSemaphoreNew
                0x080057da      0x112 ./Middlewares/Third_Party/FreeRTOS/Source/CMSIS_RTOS_V2/cmsis_os2.o
                0x080057da                osSemaphoreNew
 .text.osSemaphoreAcquire
                0x080058ec       0xa4 ./Middlewares/Third_Party/FreeRTOS/Source/CMSIS_RTOS_V2/cmsis_os2.o
                0x080058ec                osSemaphoreAcquire
 .text.osSemaphoreRelease
                0x08005990       0x88 ./Middlewares/Third_Party/FreeRTOS/Source/CMSIS_RTOS_V2/cmsis_os2.o
                0x08005990                osSemaphoreRelease
 .text.osMessageQueueNew
                0x08005a18       0xe6 ./Middlewares/Third_Party/FreeRTOS/Source/CMSIS_RTOS_V2/cmsis_os2.o
                0x08005a18                osMessageQueueNew
 *fill*         0x08005afe        0x2 
 .text.osMessageQueuePut
                0x08005b00       0xc0 ./Middlewares/Third_Party/FreeRTOS/Source/CMSIS_RTOS_V2/cmsis_os2.o
                0x08005b00                osMessageQueuePut
 .text.osMessageQueueGet
                0x08005bc0       0xbc ./Middlewares/Third_Party/FreeRTOS/Source/CMSIS_RTOS_V2/cmsis_os2.o
                0x08005bc0                osMessageQueueGet
 .text.vApplicationGetIdleTaskMemory
                0x08005c7c       0x34 ./Middlewares/Third_Party/FreeRTOS/Source/CMSIS_RTOS_V2/cmsis_os2.o
                0x08005c7c                vApplicationGetIdleTaskMemory
 .text.vApplicationGetTimerTaskMemory
                0x08005cb0       0x34 ./Middlewares/Third_Party/FreeRTOS/Source/CMSIS_RTOS_V2/cmsis_os2.o
                0x08005cb0                vApplicationGetTimerTaskMemory
 .text.vListInitialise
                0x08005ce4       0x40 ./Middlewares/Third_Party/FreeRTOS/Source/list.o
                0x08005ce4                vListInitialise
 .text.vListInitialiseItem
                0x08005d24       0x1a ./Middlewares/Third_Party/FreeRTOS/Source/list.o
                0x08005d24                vListInitialiseItem
 .text.vListInsertEnd
                0x08005d3e       0x48 ./Middlewares/Third_Party/FreeRTOS/Source/list.o
                0x08005d3e                vListInsertEnd
 .text.vListInsert
                0x08005d86       0x72 ./Middlewares/Third_Party/FreeRTOS/Source/list.o
                0x08005d86                vListInsert
 .text.uxListRemove
                0x08005df8       0x54 ./Middlewares/Third_Party/FreeRTOS/Source/list.o
                0x08005df8                uxListRemove
 .text.xQueueGenericReset
                0x08005e4c       0xd4 ./Middlewares/Third_Party/FreeRTOS/Source/queue.o
                0x08005e4c                xQueueGenericReset
 .text.xQueueGenericCreateStatic
                0x08005f20       0xfa ./Middlewares/Third_Party/FreeRTOS/Source/queue.o
                0x08005f20                xQueueGenericCreateStatic
 .text.xQueueGenericCreate
                0x0800601a       0x76 ./Middlewares/Third_Party/FreeRTOS/Source/queue.o
                0x0800601a                xQueueGenericCreate
 .text.prvInitialiseNewQueue
                0x08006090       0x46 ./Middlewares/Third_Party/FreeRTOS/Source/queue.o
 .text.prvInitialiseMutex
                0x080060d6       0x34 ./Middlewares/Third_Party/FreeRTOS/Source/queue.o
 .text.xQueueCreateMutex
                0x0800610a       0x30 ./Middlewares/Third_Party/FreeRTOS/Source/queue.o
                0x0800610a                xQueueCreateMutex
 .text.xQueueCreateMutexStatic
                0x0800613a       0x36 ./Middlewares/Third_Party/FreeRTOS/Source/queue.o
                0x0800613a                xQueueCreateMutexStatic
 .text.xQueueGiveMutexRecursive
                0x08006170       0x6a ./Middlewares/Third_Party/FreeRTOS/Source/queue.o
                0x08006170                xQueueGiveMutexRecursive
 .text.xQueueTakeMutexRecursive
                0x080061da       0x6e ./Middlewares/Third_Party/FreeRTOS/Source/queue.o
                0x080061da                xQueueTakeMutexRecursive
 .text.xQueueCreateCountingSemaphoreStatic
                0x08006248       0x72 ./Middlewares/Third_Party/FreeRTOS/Source/queue.o
                0x08006248                xQueueCreateCountingSemaphoreStatic
 .text.xQueueCreateCountingSemaphore
                0x080062ba       0x6a ./Middlewares/Third_Party/FreeRTOS/Source/queue.o
                0x080062ba                xQueueCreateCountingSemaphore
 .text.xQueueGenericSend
                0x08006324      0x204 ./Middlewares/Third_Party/FreeRTOS/Source/queue.o
                0x08006324                xQueueGenericSend
 .text.xQueueGenericSendFromISR
                0x08006528      0x13c ./Middlewares/Third_Party/FreeRTOS/Source/queue.o
                0x08006528                xQueueGenericSendFromISR
 .text.xQueueGiveFromISR
                0x08006664      0x120 ./Middlewares/Third_Party/FreeRTOS/Source/queue.o
                0x08006664                xQueueGiveFromISR
 .text.xQueueReceive
                0x08006784      0x1c4 ./Middlewares/Third_Party/FreeRTOS/Source/queue.o
                0x08006784                xQueueReceive
 .text.xQueueSemaphoreTake
                0x08006948      0x220 ./Middlewares/Third_Party/FreeRTOS/Source/queue.o
                0x08006948                xQueueSemaphoreTake
 .text.xQueueReceiveFromISR
                0x08006b68      0x104 ./Middlewares/Third_Party/FreeRTOS/Source/queue.o
                0x08006b68                xQueueReceiveFromISR
 .text.vQueueDelete
                0x08006c6c       0x48 ./Middlewares/Third_Party/FreeRTOS/Source/queue.o
                0x08006c6c                vQueueDelete
 .text.prvGetDisinheritPriorityAfterTimeout
                0x08006cb4       0x30 ./Middlewares/Third_Party/FreeRTOS/Source/queue.o
 .text.prvCopyDataToQueue
                0x08006ce4       0xd4 ./Middlewares/Third_Party/FreeRTOS/Source/queue.o
 .text.prvCopyDataFromQueue
                0x08006db8       0x4c ./Middlewares/Third_Party/FreeRTOS/Source/queue.o
 .text.prvUnlockQueue
                0x08006e04       0xa4 ./Middlewares/Third_Party/FreeRTOS/Source/queue.o
 .text.prvIsQueueEmpty
                0x08006ea8       0x2c ./Middlewares/Third_Party/FreeRTOS/Source/queue.o
 .text.prvIsQueueFull
                0x08006ed4       0x30 ./Middlewares/Third_Party/FreeRTOS/Source/queue.o
 .text.vQueueAddToRegistry
                0x08006f04       0x54 ./Middlewares/Third_Party/FreeRTOS/Source/queue.o
                0x08006f04                vQueueAddToRegistry
 .text.vQueueUnregisterQueue
                0x08006f58       0x54 ./Middlewares/Third_Party/FreeRTOS/Source/queue.o
                0x08006f58                vQueueUnregisterQueue
 .text.vQueueWaitForMessageRestricted
                0x08006fac       0x68 ./Middlewares/Third_Party/FreeRTOS/Source/queue.o
                0x08006fac                vQueueWaitForMessageRestricted
 .text.xTaskCreateStatic
                0x08007014       0xc0 ./Middlewares/Third_Party/FreeRTOS/Source/tasks.o
                0x08007014                xTaskCreateStatic
 .text.xTaskCreate
                0x080070d4       0x8a ./Middlewares/Third_Party/FreeRTOS/Source/tasks.o
                0x080070d4                xTaskCreate
 .text.prvInitialiseNewTask
                0x0800715e      0x120 ./Middlewares/Third_Party/FreeRTOS/Source/tasks.o
 *fill*         0x0800727e        0x2 
 .text.prvAddNewTaskToReadyList
                0x08007280       0xe0 ./Middlewares/Third_Party/FreeRTOS/Source/tasks.o
 .text.vTaskDelay
                0x08007360       0x6c ./Middlewares/Third_Party/FreeRTOS/Source/tasks.o
                0x08007360                vTaskDelay
 .text.vTaskStartScheduler
                0x080073cc       0xd0 ./Middlewares/Third_Party/FreeRTOS/Source/tasks.o
                0x080073cc                vTaskStartScheduler
 .text.vTaskSuspendAll
                0x0800749c       0x1c ./Middlewares/Third_Party/FreeRTOS/Source/tasks.o
                0x0800749c                vTaskSuspendAll
 .text.xTaskResumeAll
                0x080074b8      0x13c ./Middlewares/Third_Party/FreeRTOS/Source/tasks.o
                0x080074b8                xTaskResumeAll
 .text.xTaskGetTickCount
                0x080075f4       0x20 ./Middlewares/Third_Party/FreeRTOS/Source/tasks.o
                0x080075f4                xTaskGetTickCount
 .text.xTaskIncrementTick
                0x08007614      0x174 ./Middlewares/Third_Party/FreeRTOS/Source/tasks.o
                0x08007614                xTaskIncrementTick
 .text.vTaskSwitchContext
                0x08007788       0xbc ./Middlewares/Third_Party/FreeRTOS/Source/tasks.o
                0x08007788                vTaskSwitchContext
 .text.vTaskPlaceOnEventList
                0x08007844       0x4c ./Middlewares/Third_Party/FreeRTOS/Source/tasks.o
                0x08007844                vTaskPlaceOnEventList
 .text.vTaskPlaceOnEventListRestricted
                0x08007890       0x58 ./Middlewares/Third_Party/FreeRTOS/Source/tasks.o
                0x08007890                vTaskPlaceOnEventListRestricted
 .text.xTaskRemoveFromEventList
                0x080078e8       0xc8 ./Middlewares/Third_Party/FreeRTOS/Source/tasks.o
                0x080078e8                xTaskRemoveFromEventList
 .text.vTaskInternalSetTimeOutState
                0x080079b0       0x2c ./Middlewares/Third_Party/FreeRTOS/Source/tasks.o
                0x080079b0                vTaskInternalSetTimeOutState
 .text.xTaskCheckForTimeOut
                0x080079dc       0xc8 ./Middlewares/Third_Party/FreeRTOS/Source/tasks.o
                0x080079dc                xTaskCheckForTimeOut
 .text.vTaskMissedYield
                0x08007aa4       0x18 ./Middlewares/Third_Party/FreeRTOS/Source/tasks.o
                0x08007aa4                vTaskMissedYield
 .text.prvIdleTask
                0x08007abc       0x30 ./Middlewares/Third_Party/FreeRTOS/Source/tasks.o
 .text.prvInitialiseTaskLists
                0x08007aec       0x80 ./Middlewares/Third_Party/FreeRTOS/Source/tasks.o
 .text.prvCheckTasksWaitingTermination
                0x08007b6c       0x5c ./Middlewares/Third_Party/FreeRTOS/Source/tasks.o
 .text.prvDeleteTCB
                0x08007bc8       0x60 ./Middlewares/Third_Party/FreeRTOS/Source/tasks.o
 .text.prvResetNextTaskUnblockTime
                0x08007c28       0x40 ./Middlewares/Third_Party/FreeRTOS/Source/tasks.o
 .text.xTaskGetCurrentTaskHandle
                0x08007c68       0x20 ./Middlewares/Third_Party/FreeRTOS/Source/tasks.o
                0x08007c68                xTaskGetCurrentTaskHandle
 .text.xTaskGetSchedulerState
                0x08007c88       0x3c ./Middlewares/Third_Party/FreeRTOS/Source/tasks.o
                0x08007c88                xTaskGetSchedulerState
 .text.xTaskPriorityInherit
                0x08007cc4       0xd0 ./Middlewares/Third_Party/FreeRTOS/Source/tasks.o
                0x08007cc4                xTaskPriorityInherit
 .text.xTaskPriorityDisinherit
                0x08007d94       0xe0 ./Middlewares/Third_Party/FreeRTOS/Source/tasks.o
                0x08007d94                xTaskPriorityDisinherit
 .text.vTaskPriorityDisinheritAfterTimeout
                0x08007e74      0x108 ./Middlewares/Third_Party/FreeRTOS/Source/tasks.o
                0x08007e74                vTaskPriorityDisinheritAfterTimeout
 .text.pvTaskIncrementMutexHeldCount
                0x08007f7c       0x28 ./Middlewares/Third_Party/FreeRTOS/Source/tasks.o
                0x08007f7c                pvTaskIncrementMutexHeldCount
 .text.prvAddCurrentTaskToDelayedList
                0x08007fa4       0xa8 ./Middlewares/Third_Party/FreeRTOS/Source/tasks.o
 .text.xTimerCreateTimerTask
                0x0800804c       0x94 ./Middlewares/Third_Party/FreeRTOS/Source/timers.o
                0x0800804c                xTimerCreateTimerTask
 .text.xTimerGenericCommand
                0x080080e0       0x9c ./Middlewares/Third_Party/FreeRTOS/Source/timers.o
                0x080080e0                xTimerGenericCommand
 .text.prvProcessExpiredTimer
                0x0800817c       0x9c ./Middlewares/Third_Party/FreeRTOS/Source/timers.o
 .text.prvTimerTask
                0x08008218       0x26 ./Middlewares/Third_Party/FreeRTOS/Source/timers.o
 *fill*         0x0800823e        0x2 
 .text.prvProcessTimerOrBlockTask
                0x08008240       0x9c ./Middlewares/Third_Party/FreeRTOS/Source/timers.o
 .text.prvGetNextExpireTime
                0x080082dc       0x48 ./Middlewares/Third_Party/FreeRTOS/Source/timers.o
 .text.prvSampleTimeNow
                0x08008324       0x40 ./Middlewares/Third_Party/FreeRTOS/Source/timers.o
 .text.prvInsertTimerInActiveList
                0x08008364       0x84 ./Middlewares/Third_Party/FreeRTOS/Source/timers.o
 .text.prvProcessReceivedCommands
                0x080083e8      0x1cc ./Middlewares/Third_Party/FreeRTOS/Source/timers.o
 .text.prvSwitchTimerLists
                0x080085b4       0xcc ./Middlewares/Third_Party/FreeRTOS/Source/timers.o
 .text.prvCheckForValidListAndQueue
                0x08008680       0x80 ./Middlewares/Third_Party/FreeRTOS/Source/timers.o
 .text.pxPortInitialiseStack
                0x08008700       0x68 ./Middlewares/Third_Party/FreeRTOS/Source/portable/GCC/ARM_CM4F/port.o
                0x08008700                pxPortInitialiseStack
 .text.prvTaskExitError
                0x08008768       0x5c ./Middlewares/Third_Party/FreeRTOS/Source/portable/GCC/ARM_CM4F/port.o
 *fill*         0x080087c4        0xc 
 .text.SVC_Handler
                0x080087d0       0x28 ./Middlewares/Third_Party/FreeRTOS/Source/portable/GCC/ARM_CM4F/port.o
                0x080087d0                SVC_Handler
 .text.prvPortStartFirstTask
                0x080087f8       0x28 ./Middlewares/Third_Party/FreeRTOS/Source/portable/GCC/ARM_CM4F/port.o
 .text.xPortStartScheduler
                0x08008820      0x148 ./Middlewares/Third_Party/FreeRTOS/Source/portable/GCC/ARM_CM4F/port.o
                0x08008820                xPortStartScheduler
 .text.vPortEnterCritical
                0x08008968       0x64 ./Middlewares/Third_Party/FreeRTOS/Source/portable/GCC/ARM_CM4F/port.o
                0x08008968                vPortEnterCritical
 .text.vPortExitCritical
                0x080089cc       0x54 ./Middlewares/Third_Party/FreeRTOS/Source/portable/GCC/ARM_CM4F/port.o
                0x080089cc                vPortExitCritical
 .text.PendSV_Handler
                0x08008a20       0x68 ./Middlewares/Third_Party/FreeRTOS/Source/portable/GCC/ARM_CM4F/port.o
                0x08008a20                PendSV_Handler
 .text.xPortSysTickHandler
                0x08008a88       0x44 ./Middlewares/Third_Party/FreeRTOS/Source/portable/GCC/ARM_CM4F/port.o
                0x08008a88                xPortSysTickHandler
 .text.vPortSetupTimerInterrupt
                0x08008acc       0x48 ./Middlewares/Third_Party/FreeRTOS/Source/portable/GCC/ARM_CM4F/port.o
                0x08008acc                vPortSetupTimerInterrupt
 .text.vPortEnableVFP
                0x08008b14       0x14 ./Middlewares/Third_Party/FreeRTOS/Source/portable/GCC/ARM_CM4F/port.o
 .text.vPortValidateInterruptPriority
                0x08008b28       0x84 ./Middlewares/Third_Party/FreeRTOS/Source/portable/GCC/ARM_CM4F/port.o
                0x08008b28                vPortValidateInterruptPriority
 .text.pvPortMalloc
                0x08008bac      0x19c ./Middlewares/Third_Party/FreeRTOS/Source/portable/MemMang/heap_4.o
                0x08008bac                pvPortMalloc
 .text.vPortFree
                0x08008d48       0xc8 ./Middlewares/Third_Party/FreeRTOS/Source/portable/MemMang/heap_4.o
                0x08008d48                vPortFree
 .text.prvHeapInit
                0x08008e10       0xc4 ./Middlewares/Third_Party/FreeRTOS/Source/portable/MemMang/heap_4.o
 .text.prvInsertBlockIntoFreeList
                0x08008ed4       0xb4 ./Middlewares/Third_Party/FreeRTOS/Source/portable/MemMang/heap_4.o
 .text._ZN15FdcanControllerC2Ev
                0x08008f88       0x40 ./Project/fdcan_controller.o
                0x08008f88                FdcanController::FdcanController()
                0x08008f88                FdcanController::FdcanController()
 .text._ZN15FdcanControllerD2Ev
                0x08008fc8       0x20 ./Project/fdcan_controller.o
                0x08008fc8                FdcanController::~FdcanController()
                0x08008fc8                FdcanController::~FdcanController()
 .text._ZN15FdcanControllerD0Ev
                0x08008fe8       0x20 ./Project/fdcan_controller.o
                0x08008fe8                FdcanController::~FdcanController()
 .text._ZN15FdcanController14setHandleFdcanEP19FDCAN_HandleTypeDef
                0x08009008       0x1c ./Project/fdcan_controller.o
                0x08009008                FdcanController::setHandleFdcan(FDCAN_HandleTypeDef*)
 .text._ZN15FdcanController14setHandleQueueEPPvNS_6BufferE
                0x08009024       0x3a ./Project/fdcan_controller.o
                0x08009024                FdcanController::setHandleQueue(void**, FdcanController::Buffer)
 .text._ZN15FdcanController14setHandleMutexEPPv
                0x0800905e       0x1c ./Project/fdcan_controller.o
                0x0800905e                FdcanController::setHandleMutex(void**)
 .text._ZN15FdcanController12setHandleSemEPPv
                0x0800907a       0x1c ./Project/fdcan_controller.o
                0x0800907a                FdcanController::setHandleSem(void**)
 .text._ZN15FdcanController4initEv
                0x08009096       0x8a ./Project/fdcan_controller.o
                0x08009096                FdcanController::init()
 .text._ZN15FdcanController4sendE8FdcanMsg
                0x08009120       0xce ./Project/fdcan_controller.o
                0x08009120                FdcanController::send(FdcanMsg)
 .text._ZN15FdcanController7receiveEP8FdcanMsgNS_6BufferE
                0x080091ee       0x5e ./Project/fdcan_controller.o
                0x080091ee                FdcanController::receive(FdcanMsg*, FdcanController::Buffer)
 .text._ZN15FdcanController17updateInterruptTxEP19FDCAN_HandleTypeDef
                0x0800924c       0x42 ./Project/fdcan_controller.o
                0x0800924c                FdcanController::updateInterruptTx(FDCAN_HandleTypeDef*)
 .text._ZN15FdcanController17updateInterruptRxEP19FDCAN_HandleTypeDefm
                0x0800928e       0xa8 ./Project/fdcan_controller.o
                0x0800928e                FdcanController::updateInterruptRx(FDCAN_HandleTypeDef*, unsigned long)
 .text._ZN15FdcanController9setFilterEP19FDCAN_FilterTypeDef
                0x08009336       0x34 ./Project/fdcan_controller.o
                0x08009336                FdcanController::setFilter(FDCAN_FilterTypeDef*)
 .text._ZdlPvj  0x0800936a        0x4 /home/knap-linux/st/stm32cubeide_1.17.0/plugins/com.st.stm32cube.ide.mcu.externaltools.gnu-tools-for-stm32.12.3.rel1.linux64_1.1.0.202410170702/tools/bin/../lib/gcc/arm-none-eabi/12.3.1/../../../../arm-none-eabi/lib/thumb/v7e-m+fp/hard/libstdc++_nano.a(del_ops.o)
                0x0800936a                operator delete(void*, unsigned int)
 .text._ZdlPv   0x0800936e        0x4 /home/knap-linux/st/stm32cubeide_1.17.0/plugins/com.st.stm32cube.ide.mcu.externaltools.gnu-tools-for-stm32.12.3.rel1.linux64_1.1.0.202410170702/tools/bin/../lib/gcc/arm-none-eabi/12.3.1/../../../../arm-none-eabi/lib/thumb/v7e-m+fp/hard/libstdc++_nano.a(del_op.o)
                0x0800936e                operator delete(void*)
 *fill*         0x08009372        0x2 
 .text.free     0x08009374       0x10 /home/knap-linux/st/stm32cubeide_1.17.0/plugins/com.st.stm32cube.ide.mcu.externaltools.gnu-tools-for-stm32.12.3.rel1.linux64_1.1.0.202410170702/tools/bin/../lib/gcc/arm-none-eabi/12.3.1/../../../../arm-none-eabi/lib/thumb/v7e-m+fp/hard/libc_nano.a(libc_a-malloc.o)
                0x08009374                free
 .text.sbrk_aligned
                0x08009384       0x44 /home/knap-linux/st/stm32cubeide_1.17.0/plugins/com.st.stm32cube.ide.mcu.externaltools.gnu-tools-for-stm32.12.3.rel1.linux64_1.1.0.202410170702/tools/bin/../lib/gcc/arm-none-eabi/12.3.1/../../../../arm-none-eabi/lib/thumb/v7e-m+fp/hard/libc_nano.a(libc_a-mallocr.o)
 .text._malloc_r
                0x080093c8      0x100 /home/knap-linux/st/stm32cubeide_1.17.0/plugins/com.st.stm32cube.ide.mcu.externaltools.gnu-tools-for-stm32.12.3.rel1.linux64_1.1.0.202410170702/tools/bin/../lib/gcc/arm-none-eabi/12.3.1/../../../../arm-none-eabi/lib/thumb/v7e-m+fp/hard/libc_nano.a(libc_a-mallocr.o)
                0x080093c8                _malloc_r
 .text.__malloc_lock
                0x080094c8        0xc /home/knap-linux/st/stm32cubeide_1.17.0/plugins/com.st.stm32cube.ide.mcu.externaltools.gnu-tools-for-stm32.12.3.rel1.linux64_1.1.0.202410170702/tools/bin/../lib/gcc/arm-none-eabi/12.3.1/../../../../arm-none-eabi/lib/thumb/v7e-m+fp/hard/libc_nano.a(libc_a-mlock.o)
                0x080094c8                __malloc_lock
 .text.__malloc_unlock
                0x080094d4        0xc /home/knap-linux/st/stm32cubeide_1.17.0/plugins/com.st.stm32cube.ide.mcu.externaltools.gnu-tools-for-stm32.12.3.rel1.linux64_1.1.0.202410170702/tools/bin/../lib/gcc/arm-none-eabi/12.3.1/../../../../arm-none-eabi/lib/thumb/v7e-m+fp/hard/libc_nano.a(libc_a-mlock.o)
                0x080094d4                __malloc_unlock
 .text.std      0x080094e0       0x6c /home/knap-linux/st/stm32cubeide_1.17.0/plugins/com.st.stm32cube.ide.mcu.externaltools.gnu-tools-for-stm32.12.3.rel1.linux64_1.1.0.202410170702/tools/bin/../lib/gcc/arm-none-eabi/12.3.1/../../../../arm-none-eabi/lib/thumb/v7e-m+fp/hard/libc_nano.a(libc_a-findfp.o)
 .text.stdio_exit_handler
                0x0800954c       0x18 /home/knap-linux/st/stm32cubeide_1.17.0/plugins/com.st.stm32cube.ide.mcu.externaltools.gnu-tools-for-stm32.12.3.rel1.linux64_1.1.0.202410170702/tools/bin/../lib/gcc/arm-none-eabi/12.3.1/../../../../arm-none-eabi/lib/thumb/v7e-m+fp/hard/libc_nano.a(libc_a-findfp.o)
 .text.cleanup_stdio
                0x08009564       0x40 /home/knap-linux/st/stm32cubeide_1.17.0/plugins/com.st.stm32cube.ide.mcu.externaltools.gnu-tools-for-stm32.12.3.rel1.linux64_1.1.0.202410170702/tools/bin/../lib/gcc/arm-none-eabi/12.3.1/../../../../arm-none-eabi/lib/thumb/v7e-m+fp/hard/libc_nano.a(libc_a-findfp.o)
 .text.global_stdio_init.part.0
                0x080095a4       0x3c /home/knap-linux/st/stm32cubeide_1.17.0/plugins/com.st.stm32cube.ide.mcu.externaltools.gnu-tools-for-stm32.12.3.rel1.linux64_1.1.0.202410170702/tools/bin/../lib/gcc/arm-none-eabi/12.3.1/../../../../arm-none-eabi/lib/thumb/v7e-m+fp/hard/libc_nano.a(libc_a-findfp.o)
 .text.__sfp_lock_acquire
                0x080095e0        0xc /home/knap-linux/st/stm32cubeide_1.17.0/plugins/com.st.stm32cube.ide.mcu.externaltools.gnu-tools-for-stm32.12.3.rel1.linux64_1.1.0.202410170702/tools/bin/../lib/gcc/arm-none-eabi/12.3.1/../../../../arm-none-eabi/lib/thumb/v7e-m+fp/hard/libc_nano.a(libc_a-findfp.o)
                0x080095e0                __sfp_lock_acquire
 .text.__sfp_lock_release
                0x080095ec        0xc /home/knap-linux/st/stm32cubeide_1.17.0/plugins/com.st.stm32cube.ide.mcu.externaltools.gnu-tools-for-stm32.12.3.rel1.linux64_1.1.0.202410170702/tools/bin/../lib/gcc/arm-none-eabi/12.3.1/../../../../arm-none-eabi/lib/thumb/v7e-m+fp/hard/libc_nano.a(libc_a-findfp.o)
                0x080095ec                __sfp_lock_release
 .text.__sinit  0x080095f8       0x30 /home/knap-linux/st/stm32cubeide_1.17.0/plugins/com.st.stm32cube.ide.mcu.externaltools.gnu-tools-for-stm32.12.3.rel1.linux64_1.1.0.202410170702/tools/bin/../lib/gcc/arm-none-eabi/12.3.1/../../../../arm-none-eabi/lib/thumb/v7e-m+fp/hard/libc_nano.a(libc_a-findfp.o)
                0x080095f8                __sinit
 .text._fwalk_sglue
                0x08009628       0x3c /home/knap-linux/st/stm32cubeide_1.17.0/plugins/com.st.stm32cube.ide.mcu.externaltools.gnu-tools-for-stm32.12.3.rel1.linux64_1.1.0.202410170702/tools/bin/../lib/gcc/arm-none-eabi/12.3.1/../../../../arm-none-eabi/lib/thumb/v7e-m+fp/hard/libc_nano.a(libc_a-fwalk.o)
                0x08009628                _fwalk_sglue
 .text.printf   0x08009664       0x24 /home/knap-linux/st/stm32cubeide_1.17.0/plugins/com.st.stm32cube.ide.mcu.externaltools.gnu-tools-for-stm32.12.3.rel1.linux64_1.1.0.202410170702/tools/bin/../lib/gcc/arm-none-eabi/12.3.1/../../../../arm-none-eabi/lib/thumb/v7e-m+fp/hard/libc_nano.a(libc_a-printf.o)
                0x08009664                printf
                0x08009664                iprintf
 .text._puts_r  0x08009688       0xaa /home/knap-linux/st/stm32cubeide_1.17.0/plugins/com.st.stm32cube.ide.mcu.externaltools.gnu-tools-for-stm32.12.3.rel1.linux64_1.1.0.202410170702/tools/bin/../lib/gcc/arm-none-eabi/12.3.1/../../../../arm-none-eabi/lib/thumb/v7e-m+fp/hard/libc_nano.a(libc_a-puts.o)
                0x08009688                _puts_r
 *fill*         0x08009732        0x2 
 .text.puts     0x08009734       0x10 /home/knap-linux/st/stm32cubeide_1.17.0/plugins/com.st.stm32cube.ide.mcu.externaltools.gnu-tools-for-stm32.12.3.rel1.linux64_1.1.0.202410170702/tools/bin/../lib/gcc/arm-none-eabi/12.3.1/../../../../arm-none-eabi/lib/thumb/v7e-m+fp/hard/libc_nano.a(libc_a-puts.o)
                0x08009734                puts
 .text.__sread  0x08009744       0x22 /home/knap-linux/st/stm32cubeide_1.17.0/plugins/com.st.stm32cube.ide.mcu.externaltools.gnu-tools-for-stm32.12.3.rel1.linux64_1.1.0.202410170702/tools/bin/../lib/gcc/arm-none-eabi/12.3.1/../../../../arm-none-eabi/lib/thumb/v7e-m+fp/hard/libc_nano.a(libc_a-stdio.o)
                0x08009744                __sread
 .text.__swrite
                0x08009766       0x38 /home/knap-linux/st/stm32cubeide_1.17.0/plugins/com.st.stm32cube.ide.mcu.externaltools.gnu-tools-for-stm32.12.3.rel1.linux64_1.1.0.202410170702/tools/bin/../lib/gcc/arm-none-eabi/12.3.1/../../../../arm-none-eabi/lib/thumb/v7e-m+fp/hard/libc_nano.a(libc_a-stdio.o)
                0x08009766                __swrite
 .text.__sseek  0x0800979e       0x24 /home/knap-linux/st/stm32cubeide_1.17.0/plugins/com.st.stm32cube.ide.mcu.externaltools.gnu-tools-for-stm32.12.3.rel1.linux64_1.1.0.202410170702/tools/bin/../lib/gcc/arm-none-eabi/12.3.1/../../../../arm-none-eabi/lib/thumb/v7e-m+fp/hard/libc_nano.a(libc_a-stdio.o)
                0x0800979e                __sseek
 .text.__sclose
                0x080097c2        0x8 /home/knap-linux/st/stm32cubeide_1.17.0/plugins/com.st.stm32cube.ide.mcu.externaltools.gnu-tools-for-stm32.12.3.rel1.linux64_1.1.0.202410170702/tools/bin/../lib/gcc/arm-none-eabi/12.3.1/../../../../arm-none-eabi/lib/thumb/v7e-m+fp/hard/libc_nano.a(libc_a-stdio.o)
                0x080097c2                __sclose
 .text.__swbuf_r
                0x080097ca       0x7c /home/knap-linux/st/stm32cubeide_1.17.0/plugins/com.st.stm32cube.ide.mcu.externaltools.gnu-tools-for-stm32.12.3.rel1.linux64_1.1.0.202410170702/tools/bin/../lib/gcc/arm-none-eabi/12.3.1/../../../../arm-none-eabi/lib/thumb/v7e-m+fp/hard/libc_nano.a(libc_a-wbuf.o)
                0x080097ca                __swbuf_r
 *fill*         0x08009846        0x2 
 .text.__swsetup_r
                0x08009848       0xac /home/knap-linux/st/stm32cubeide_1.17.0/plugins/com.st.stm32cube.ide.mcu.externaltools.gnu-tools-for-stm32.12.3.rel1.linux64_1.1.0.202410170702/tools/bin/../lib/gcc/arm-none-eabi/12.3.1/../../../../arm-none-eabi/lib/thumb/v7e-m+fp/hard/libc_nano.a(libc_a-wsetup.o)
                0x08009848                __swsetup_r
 .text.memset   0x080098f4       0x10 /home/knap-linux/st/stm32cubeide_1.17.0/plugins/com.st.stm32cube.ide.mcu.externaltools.gnu-tools-for-stm32.12.3.rel1.linux64_1.1.0.202410170702/tools/bin/../lib/gcc/arm-none-eabi/12.3.1/../../../../arm-none-eabi/lib/thumb/v7e-m+fp/hard/libc_nano.a(libc_a-memset.o)
                0x080098f4                memset
 .text._close_r
                0x08009904       0x20 /home/knap-linux/st/stm32cubeide_1.17.0/plugins/com.st.stm32cube.ide.mcu.externaltools.gnu-tools-for-stm32.12.3.rel1.linux64_1.1.0.202410170702/tools/bin/../lib/gcc/arm-none-eabi/12.3.1/../../../../arm-none-eabi/lib/thumb/v7e-m+fp/hard/libc_nano.a(libc_a-closer.o)
                0x08009904                _close_r
 .text._lseek_r
                0x08009924       0x24 /home/knap-linux/st/stm32cubeide_1.17.0/plugins/com.st.stm32cube.ide.mcu.externaltools.gnu-tools-for-stm32.12.3.rel1.linux64_1.1.0.202410170702/tools/bin/../lib/gcc/arm-none-eabi/12.3.1/../../../../arm-none-eabi/lib/thumb/v7e-m+fp/hard/libc_nano.a(libc_a-lseekr.o)
                0x08009924                _lseek_r
 .text._read_r  0x08009948       0x24 /home/knap-linux/st/stm32cubeide_1.17.0/plugins/com.st.stm32cube.ide.mcu.externaltools.gnu-tools-for-stm32.12.3.rel1.linux64_1.1.0.202410170702/tools/bin/../lib/gcc/arm-none-eabi/12.3.1/../../../../arm-none-eabi/lib/thumb/v7e-m+fp/hard/libc_nano.a(libc_a-readr.o)
                0x08009948                _read_r
 .text._sbrk_r  0x0800996c       0x20 /home/knap-linux/st/stm32cubeide_1.17.0/plugins/com.st.stm32cube.ide.mcu.externaltools.gnu-tools-for-stm32.12.3.rel1.linux64_1.1.0.202410170702/tools/bin/../lib/gcc/arm-none-eabi/12.3.1/../../../../arm-none-eabi/lib/thumb/v7e-m+fp/hard/libc_nano.a(libc_a-sbrkr.o)
                0x0800996c                _sbrk_r
 .text._write_r
                0x0800998c       0x24 /home/knap-linux/st/stm32cubeide_1.17.0/plugins/com.st.stm32cube.ide.mcu.externaltools.gnu-tools-for-stm32.12.3.rel1.linux64_1.1.0.202410170702/tools/bin/../lib/gcc/arm-none-eabi/12.3.1/../../../../arm-none-eabi/lib/thumb/v7e-m+fp/hard/libc_nano.a(libc_a-writer.o)
                0x0800998c                _write_r
 .text.__errno  0x080099b0        0xc /home/knap-linux/st/stm32cubeide_1.17.0/plugins/com.st.stm32cube.ide.mcu.externaltools.gnu-tools-for-stm32.12.3.rel1.linux64_1.1.0.202410170702/tools/bin/../lib/gcc/arm-none-eabi/12.3.1/../../../../arm-none-eabi/lib/thumb/v7e-m+fp/hard/libc_nano.a(libc_a-errno.o)
                0x080099b0                __errno
 .text.__libc_init_array
                0x080099bc       0x48 /home/knap-linux/st/stm32cubeide_1.17.0/plugins/com.st.stm32cube.ide.mcu.externaltools.gnu-tools-for-stm32.12.3.rel1.linux64_1.1.0.202410170702/tools/bin/../lib/gcc/arm-none-eabi/12.3.1/../../../../arm-none-eabi/lib/thumb/v7e-m+fp/hard/libc_nano.a(libc_a-init.o)
                0x080099bc                __libc_init_array
 .text.__retarget_lock_init_recursive
                0x08009a04        0x2 /home/knap-linux/st/stm32cubeide_1.17.0/plugins/com.st.stm32cube.ide.mcu.externaltools.gnu-tools-for-stm32.12.3.rel1.linux64_1.1.0.202410170702/tools/bin/../lib/gcc/arm-none-eabi/12.3.1/../../../../arm-none-eabi/lib/thumb/v7e-m+fp/hard/libc_nano.a(libc_a-lock.o)
                0x08009a04                __retarget_lock_init_recursive
 .text.__retarget_lock_acquire_recursive
                0x08009a06        0x2 /home/knap-linux/st/stm32cubeide_1.17.0/plugins/com.st.stm32cube.ide.mcu.externaltools.gnu-tools-for-stm32.12.3.rel1.linux64_1.1.0.202410170702/tools/bin/../lib/gcc/arm-none-eabi/12.3.1/../../../../arm-none-eabi/lib/thumb/v7e-m+fp/hard/libc_nano.a(libc_a-lock.o)
                0x08009a06                __retarget_lock_acquire_recursive
 .text.__retarget_lock_release_recursive
                0x08009a08        0x2 /home/knap-linux/st/stm32cubeide_1.17.0/plugins/com.st.stm32cube.ide.mcu.externaltools.gnu-tools-for-stm32.12.3.rel1.linux64_1.1.0.202410170702/tools/bin/../lib/gcc/arm-none-eabi/12.3.1/../../../../arm-none-eabi/lib/thumb/v7e-m+fp/hard/libc_nano.a(libc_a-lock.o)
                0x08009a08                __retarget_lock_release_recursive
 .text.memcpy   0x08009a0a       0x1c /home/knap-linux/st/stm32cubeide_1.17.0/plugins/com.st.stm32cube.ide.mcu.externaltools.gnu-tools-for-stm32.12.3.rel1.linux64_1.1.0.202410170702/tools/bin/../lib/gcc/arm-none-eabi/12.3.1/../../../../arm-none-eabi/lib/thumb/v7e-m+fp/hard/libc_nano.a(libc_a-memcpy-stub.o)
                0x08009a0a                memcpy
 *fill*         0x08009a26        0x2 
 .text._free_r  0x08009a28       0x94 /home/knap-linux/st/stm32cubeide_1.17.0/plugins/com.st.stm32cube.ide.mcu.externaltools.gnu-tools-for-stm32.12.3.rel1.linux64_1.1.0.202410170702/tools/bin/../lib/gcc/arm-none-eabi/12.3.1/../../../../arm-none-eabi/lib/thumb/v7e-m+fp/hard/libc_nano.a(libc_a-freer.o)
                0x08009a28                _free_r
 .text.__sfputc_r
                0x08009abc       0x2e /home/knap-linux/st/stm32cubeide_1.17.0/plugins/com.st.stm32cube.ide.mcu.externaltools.gnu-tools-for-stm32.12.3.rel1.linux64_1.1.0.202410170702/tools/bin/../lib/gcc/arm-none-eabi/12.3.1/../../../../arm-none-eabi/lib/thumb/v7e-m+fp/hard/libc_nano.a(libc_a-nano-vfprintf.o)
 .text.__sfputs_r
                0x08009aea       0x24 /home/knap-linux/st/stm32cubeide_1.17.0/plugins/com.st.stm32cube.ide.mcu.externaltools.gnu-tools-for-stm32.12.3.rel1.linux64_1.1.0.202410170702/tools/bin/../lib/gcc/arm-none-eabi/12.3.1/../../../../arm-none-eabi/lib/thumb/v7e-m+fp/hard/libc_nano.a(libc_a-nano-vfprintf.o)
                0x08009aea                __sfputs_r
 *fill*         0x08009b0e        0x2 
 .text._vfprintf_r
                0x08009b10      0x230 /home/knap-linux/st/stm32cubeide_1.17.0/plugins/com.st.stm32cube.ide.mcu.externaltools.gnu-tools-for-stm32.12.3.rel1.linux64_1.1.0.202410170702/tools/bin/../lib/gcc/arm-none-eabi/12.3.1/../../../../arm-none-eabi/lib/thumb/v7e-m+fp/hard/libc_nano.a(libc_a-nano-vfprintf.o)
                0x08009b10                _vfiprintf_r
                0x08009b10                _vfprintf_r
 .text._printf_common
                0x08009d40       0xda /home/knap-linux/st/stm32cubeide_1.17.0/plugins/com.st.stm32cube.ide.mcu.externaltools.gnu-tools-for-stm32.12.3.rel1.linux64_1.1.0.202410170702/tools/bin/../lib/gcc/arm-none-eabi/12.3.1/../../../../arm-none-eabi/lib/thumb/v7e-m+fp/hard/libc_nano.a(libc_a-nano-vfprintf_i.o)
                0x08009d40                _printf_common
 *fill*         0x08009e1a        0x2 
 .text._printf_i
                0x08009e1c      0x240 /home/knap-linux/st/stm32cubeide_1.17.0/plugins/com.st.stm32cube.ide.mcu.externaltools.gnu-tools-for-stm32.12.3.rel1.linux64_1.1.0.202410170702/tools/bin/../lib/gcc/arm-none-eabi/12.3.1/../../../../arm-none-eabi/lib/thumb/v7e-m+fp/hard/libc_nano.a(libc_a-nano-vfprintf_i.o)
                0x08009e1c                _printf_i
 .text.__sflush_r
                0x0800a05c      0x108 /home/knap-linux/st/stm32cubeide_1.17.0/plugins/com.st.stm32cube.ide.mcu.externaltools.gnu-tools-for-stm32.12.3.rel1.linux64_1.1.0.202410170702/tools/bin/../lib/gcc/arm-none-eabi/12.3.1/../../../../arm-none-eabi/lib/thumb/v7e-m+fp/hard/libc_nano.a(libc_a-fflush.o)
                0x0800a05c                __sflush_r
 .text._fflush_r
                0x0800a164       0x50 /home/knap-linux/st/stm32cubeide_1.17.0/plugins/com.st.stm32cube.ide.mcu.externaltools.gnu-tools-for-stm32.12.3.rel1.linux64_1.1.0.202410170702/tools/bin/../lib/gcc/arm-none-eabi/12.3.1/../../../../arm-none-eabi/lib/thumb/v7e-m+fp/hard/libc_nano.a(libc_a-fflush.o)
                0x0800a164                _fflush_r
 .text.__swhatbuf_r
                0x0800a1b4       0x4c /home/knap-linux/st/stm32cubeide_1.17.0/plugins/com.st.stm32cube.ide.mcu.externaltools.gnu-tools-for-stm32.12.3.rel1.linux64_1.1.0.202410170702/tools/bin/../lib/gcc/arm-none-eabi/12.3.1/../../../../arm-none-eabi/lib/thumb/v7e-m+fp/hard/libc_nano.a(libc_a-makebuf.o)
                0x0800a1b4                __swhatbuf_r
 .text.__smakebuf_r
                0x0800a200       0x78 /home/knap-linux/st/stm32cubeide_1.17.0/plugins/com.st.stm32cube.ide.mcu.externaltools.gnu-tools-for-stm32.12.3.rel1.linux64_1.1.0.202410170702/tools/bin/../lib/gcc/arm-none-eabi/12.3.1/../../../../arm-none-eabi/lib/thumb/v7e-m+fp/hard/libc_nano.a(libc_a-makebuf.o)
                0x0800a200                __smakebuf_r
 .text._fstat_r
                0x0800a278       0x24 /home/knap-linux/st/stm32cubeide_1.17.0/plugins/com.st.stm32cube.ide.mcu.externaltools.gnu-tools-for-stm32.12.3.rel1.linux64_1.1.0.202410170702/tools/bin/../lib/gcc/arm-none-eabi/12.3.1/../../../../arm-none-eabi/lib/thumb/v7e-m+fp/hard/libc_nano.a(libc_a-fstatr.o)
                0x0800a278                _fstat_r
 .text._isatty_r
                0x0800a29c       0x20 /home/knap-linux/st/stm32cubeide_1.17.0/plugins/com.st.stm32cube.ide.mcu.externaltools.gnu-tools-for-stm32.12.3.rel1.linux64_1.1.0.202410170702/tools/bin/../lib/gcc/arm-none-eabi/12.3.1/../../../../arm-none-eabi/lib/thumb/v7e-m+fp/hard/libc_nano.a(libc_a-isattyr.o)
                0x0800a29c                _isatty_r
 *(.glue_7)
 .glue_7        0x0800a2bc        0x0 linker stubs
 *(.glue_7t)
 .glue_7t       0x0800a2bc        0x0 linker stubs
 *(.eh_frame)
 .eh_frame      0x0800a2bc        0x0 /home/knap-linux/st/stm32cubeide_1.17.0/plugins/com.st.stm32cube.ide.mcu.externaltools.gnu-tools-for-stm32.12.3.rel1.linux64_1.1.0.202410170702/tools/bin/../lib/gcc/arm-none-eabi/12.3.1/thumb/v7e-m+fp/hard/crtbegin.o
 *(.init)
 .init          0x0800a2bc        0x4 /home/knap-linux/st/stm32cubeide_1.17.0/plugins/com.st.stm32cube.ide.mcu.externaltools.gnu-tools-for-stm32.12.3.rel1.linux64_1.1.0.202410170702/tools/bin/../lib/gcc/arm-none-eabi/12.3.1/thumb/v7e-m+fp/hard/crti.o
                0x0800a2bc                _init
 .init          0x0800a2c0        0x8 /home/knap-linux/st/stm32cubeide_1.17.0/plugins/com.st.stm32cube.ide.mcu.externaltools.gnu-tools-for-stm32.12.3.rel1.linux64_1.1.0.202410170702/tools/bin/../lib/gcc/arm-none-eabi/12.3.1/thumb/v7e-m+fp/hard/crtn.o
 *(.fini)
 .fini          0x0800a2c8        0x4 /home/knap-linux/st/stm32cubeide_1.17.0/plugins/com.st.stm32cube.ide.mcu.externaltools.gnu-tools-for-stm32.12.3.rel1.linux64_1.1.0.202410170702/tools/bin/../lib/gcc/arm-none-eabi/12.3.1/thumb/v7e-m+fp/hard/crti.o
                0x0800a2c8                _fini
 .fini          0x0800a2cc        0x8 /home/knap-linux/st/stm32cubeide_1.17.0/plugins/com.st.stm32cube.ide.mcu.externaltools.gnu-tools-for-stm32.12.3.rel1.linux64_1.1.0.202410170702/tools/bin/../lib/gcc/arm-none-eabi/12.3.1/thumb/v7e-m+fp/hard/crtn.o
                0x0800a2d4                        . = ALIGN (0x4)
                0x0800a2d4                        _etext = .

.vfp11_veneer   0x0800a2d4        0x0
 .vfp11_veneer  0x0800a2d4        0x0 linker stubs

.v4_bx          0x0800a2d4        0x0
 .v4_bx         0x0800a2d4        0x0 linker stubs

.iplt           0x0800a2d4        0x0
 .iplt          0x0800a2d4        0x0 /home/knap-linux/st/stm32cubeide_1.17.0/plugins/com.st.stm32cube.ide.mcu.externaltools.gnu-tools-for-stm32.12.3.rel1.linux64_1.1.0.202410170702/tools/bin/../lib/gcc/arm-none-eabi/12.3.1/thumb/v7e-m+fp/hard/crtbegin.o

.rodata         0x0800a2d4      0x224
                0x0800a2d4                        . = ALIGN (0x4)
 *(.rodata)
 .rodata        0x0800a2d4       0x98 ./Core/Src/main.o
 .rodata        0x0800a36c        0x5 ./Middlewares/Third_Party/FreeRTOS/Source/tasks.o
 *fill*         0x0800a371        0x3 
 .rodata        0x0800a374        0xd ./Middlewares/Third_Party/FreeRTOS/Source/timers.o
 *(.rodata*)
 *fill*         0x0800a381        0x3 
 .rodata._ZL16task0_attributes
                0x0800a384       0x24 ./Core/Src/main.o
 .rodata._ZL16task1_attributes
                0x0800a3a8       0x24 ./Core/Src/main.o
 .rodata._ZL16task2_attributes
                0x0800a3cc       0x24 ./Core/Src/main.o
 .rodata._ZL16task3_attributes
                0x0800a3f0       0x24 ./Core/Src/main.o
 .rodata._ZL24queueCanFifo0_attributes
                0x0800a414       0x18 ./Core/Src/main.o
 .rodata._ZL24queueCanFifo1_attributes
                0x0800a42c       0x18 ./Core/Src/main.o
 .rodata._ZL19mutexCan_attributes
                0x0800a444       0x10 ./Core/Src/main.o
 .rodata._ZL17semCan_attributes
                0x0800a454       0x10 ./Core/Src/main.o
 .rodata.AHBPrescTable
                0x0800a464       0x10 ./Core/Src/system_stm32g4xx.o
                0x0800a464                AHBPrescTable
 .rodata.APBPrescTable
                0x0800a474        0x8 ./Core/Src/system_stm32g4xx.o
                0x0800a474                APBPrescTable
 .rodata.DLCtoBytes
                0x0800a47c       0x10 ./Drivers/STM32G4xx_HAL_Driver/Src/stm32g4xx_hal_fdcan.o
 .rodata.UARTPrescTable
                0x0800a48c       0x18 ./Drivers/STM32G4xx_HAL_Driver/Src/stm32g4xx_hal_uart.o
                0x0800a48c                UARTPrescTable
 .rodata.numerator.1
                0x0800a4a4        0x8 ./Drivers/STM32G4xx_HAL_Driver/Src/stm32g4xx_hal_uart_ex.o
 .rodata.denominator.0
                0x0800a4ac        0x8 ./Drivers/STM32G4xx_HAL_Driver/Src/stm32g4xx_hal_uart_ex.o
 .rodata._ZTV15FdcanController
                0x0800a4b4       0x10 ./Project/fdcan_controller.o
                0x0800a4b4                vtable for FdcanController
 .rodata._vfprintf_r.str1.1
                0x0800a4c4       0x11 /home/knap-linux/st/stm32cubeide_1.17.0/plugins/com.st.stm32cube.ide.mcu.externaltools.gnu-tools-for-stm32.12.3.rel1.linux64_1.1.0.202410170702/tools/bin/../lib/gcc/arm-none-eabi/12.3.1/../../../../arm-none-eabi/lib/thumb/v7e-m+fp/hard/libc_nano.a(libc_a-nano-vfprintf.o)
 .rodata._printf_i.str1.1
                0x0800a4d5       0x22 /home/knap-linux/st/stm32cubeide_1.17.0/plugins/com.st.stm32cube.ide.mcu.externaltools.gnu-tools-for-stm32.12.3.rel1.linux64_1.1.0.202410170702/tools/bin/../lib/gcc/arm-none-eabi/12.3.1/../../../../arm-none-eabi/lib/thumb/v7e-m+fp/hard/libc_nano.a(libc_a-nano-vfprintf_i.o)
                0x0800a4f8                        . = ALIGN (0x4)
 *fill*         0x0800a4f7        0x1 

.ARM.extab      0x0800a4f8        0x0
                0x0800a4f8                        . = ALIGN (0x4)
 *(.ARM.extab* .gnu.linkonce.armextab.*)
                0x0800a4f8                        . = ALIGN (0x4)

.ARM            0x0800a4f8        0x8
                0x0800a4f8                        . = ALIGN (0x4)
                0x0800a4f8                        __exidx_start = .
 *(.ARM.exidx*)
 .ARM.exidx     0x0800a4f8        0x8 /home/knap-linux/st/stm32cubeide_1.17.0/plugins/com.st.stm32cube.ide.mcu.externaltools.gnu-tools-for-stm32.12.3.rel1.linux64_1.1.0.202410170702/tools/bin/../lib/gcc/arm-none-eabi/12.3.1/../../../../arm-none-eabi/lib/thumb/v7e-m+fp/hard/libc_nano.a(libc_a-memchr.o)
 .ARM.exidx     0x0800a500        0x0 /home/knap-linux/st/stm32cubeide_1.17.0/plugins/com.st.stm32cube.ide.mcu.externaltools.gnu-tools-for-stm32.12.3.rel1.linux64_1.1.0.202410170702/tools/bin/../lib/gcc/arm-none-eabi/12.3.1/thumb/v7e-m+fp/hard/libgcc.a(_udivmoddi4.o)
                                  0x8 (size before relaxing)
                0x0800a500                        __exidx_end = .
                0x0800a500                        . = ALIGN (0x4)

.preinit_array  0x0800a500        0x0
                0x0800a500                        . = ALIGN (0x4)
                0x0800a500                        PROVIDE (__preinit_array_start = .)
 *(.preinit_array*)
                0x0800a500                        PROVIDE (__preinit_array_end = .)
                0x0800a500                        . = ALIGN (0x4)

.init_array     0x0800a500        0x8
                0x0800a500                        . = ALIGN (0x4)
                0x0800a500                        PROVIDE (__init_array_start = .)
 *(SORT_BY_NAME(.init_array.*))
 *(.init_array*)
 .init_array    0x0800a500        0x4 /home/knap-linux/st/stm32cubeide_1.17.0/plugins/com.st.stm32cube.ide.mcu.externaltools.gnu-tools-for-stm32.12.3.rel1.linux64_1.1.0.202410170702/tools/bin/../lib/gcc/arm-none-eabi/12.3.1/thumb/v7e-m+fp/hard/crtbegin.o
 .init_array    0x0800a504        0x4 ./Core/Src/main.o
                0x0800a508                        PROVIDE (__init_array_end = .)
                0x0800a508                        . = ALIGN (0x4)

.fini_array     0x0800a508        0x8
                0x0800a508                        . = ALIGN (0x4)
                [!provide]                        PROVIDE (__fini_array_start = .)
 *(SORT_BY_NAME(.fini_array.*))
 *(.fini_array*)
 .fini_array    0x0800a508        0x4 /home/knap-linux/st/stm32cubeide_1.17.0/plugins/com.st.stm32cube.ide.mcu.externaltools.gnu-tools-for-stm32.12.3.rel1.linux64_1.1.0.202410170702/tools/bin/../lib/gcc/arm-none-eabi/12.3.1/thumb/v7e-m+fp/hard/crtbegin.o
 .fini_array    0x0800a50c        0x4 ./Core/Src/main.o
                [!provide]                        PROVIDE (__fini_array_end = .)
                0x0800a510                        . = ALIGN (0x4)
                0x0800a510                        _sidata = LOADADDR (.data)

.rel.dyn        0x0800a510        0x0
 .rel.iplt      0x0800a510        0x0 /home/knap-linux/st/stm32cubeide_1.17.0/plugins/com.st.stm32cube.ide.mcu.externaltools.gnu-tools-for-stm32.12.3.rel1.linux64_1.1.0.202410170702/tools/bin/../lib/gcc/arm-none-eabi/12.3.1/thumb/v7e-m+fp/hard/crtbegin.o

.data           0x20000000       0x6c load address 0x0800a510
                0x20000000                        . = ALIGN (0x4)
                0x20000000                        _sdata = .
 *(.data)
 *(.data*)
 .data.SystemCoreClock
                0x20000000        0x4 ./Core/Src/system_stm32g4xx.o
                0x20000000                SystemCoreClock
 .data.uwTickPrio
                0x20000004        0x4 ./Drivers/STM32G4xx_HAL_Driver/Src/stm32g4xx_hal.o
                0x20000004                uwTickPrio
 .data.uwTickFreq
                0x20000008        0x4 ./Drivers/STM32G4xx_HAL_Driver/Src/stm32g4xx_hal.o
                0x20000008                uwTickFreq
 .data.uxCriticalNesting
                0x2000000c        0x4 ./Middlewares/Third_Party/FreeRTOS/Source/portable/GCC/ARM_CM4F/port.o
 .data.__sglue  0x20000010        0xc /home/knap-linux/st/stm32cubeide_1.17.0/plugins/com.st.stm32cube.ide.mcu.externaltools.gnu-tools-for-stm32.12.3.rel1.linux64_1.1.0.202410170702/tools/bin/../lib/gcc/arm-none-eabi/12.3.1/../../../../arm-none-eabi/lib/thumb/v7e-m+fp/hard/libc_nano.a(libc_a-findfp.o)
                0x20000010                __sglue
 .data._impure_ptr
                0x2000001c        0x4 /home/knap-linux/st/stm32cubeide_1.17.0/plugins/com.st.stm32cube.ide.mcu.externaltools.gnu-tools-for-stm32.12.3.rel1.linux64_1.1.0.202410170702/tools/bin/../lib/gcc/arm-none-eabi/12.3.1/../../../../arm-none-eabi/lib/thumb/v7e-m+fp/hard/libc_nano.a(libc_a-impure.o)
                0x2000001c                _impure_ptr
 .data._impure_data
                0x20000020       0x4c /home/knap-linux/st/stm32cubeide_1.17.0/plugins/com.st.stm32cube.ide.mcu.externaltools.gnu-tools-for-stm32.12.3.rel1.linux64_1.1.0.202410170702/tools/bin/../lib/gcc/arm-none-eabi/12.3.1/../../../../arm-none-eabi/lib/thumb/v7e-m+fp/hard/libc_nano.a(libc_a-impure.o)
                0x20000020                _impure_data
 *(.RamFunc)
 *(.RamFunc*)
                0x2000006c                        . = ALIGN (0x4)
                0x2000006c                        _edata = .

.igot.plt       0x2000006c        0x0 load address 0x0800a57c
 .igot.plt      0x2000006c        0x0 /home/knap-linux/st/stm32cubeide_1.17.0/plugins/com.st.stm32cube.ide.mcu.externaltools.gnu-tools-for-stm32.12.3.rel1.linux64_1.1.0.202410170702/tools/bin/../lib/gcc/arm-none-eabi/12.3.1/thumb/v7e-m+fp/hard/crtbegin.o
                0x2000006c                        . = ALIGN (0x4)

.bss            0x2000006c     0x377c load address 0x0800a57c
                0x2000006c                        _sbss = .
                0x2000006c                        __bss_start__ = _sbss
 *(.bss)
 .bss           0x2000006c       0x1c /home/knap-linux/st/stm32cubeide_1.17.0/plugins/com.st.stm32cube.ide.mcu.externaltools.gnu-tools-for-stm32.12.3.rel1.linux64_1.1.0.202410170702/tools/bin/../lib/gcc/arm-none-eabi/12.3.1/thumb/v7e-m+fp/hard/crtbegin.o
 *(.bss*)
 .bss.hfdcan1   0x20000088       0x64 ./Core/Src/main.o
                0x20000088                hfdcan1
 .bss.huart2    0x200000ec       0x94 ./Core/Src/main.o
                0x200000ec                huart2
 .bss.task0Handle
                0x20000180        0x4 ./Core/Src/main.o
                0x20000180                task0Handle
 .bss.task1Handle
                0x20000184        0x4 ./Core/Src/main.o
                0x20000184                task1Handle
 .bss.task2Handle
                0x20000188        0x4 ./Core/Src/main.o
                0x20000188                task2Handle
 .bss.task3Handle
                0x2000018c        0x4 ./Core/Src/main.o
                0x2000018c                task3Handle
 .bss.queueCanFifo0Handle
                0x20000190        0x4 ./Core/Src/main.o
                0x20000190                queueCanFifo0Handle
 .bss.queueCanFifo1Handle
                0x20000194        0x4 ./Core/Src/main.o
                0x20000194                queueCanFifo1Handle
 .bss.mutexCanHandle
                0x20000198        0x4 ./Core/Src/main.o
                0x20000198                mutexCanHandle
 .bss.semCanHandle
                0x2000019c        0x4 ./Core/Src/main.o
                0x2000019c                semCanHandle
 .bss.can       0x200001a0       0x18 ./Core/Src/main.o
                0x200001a0                can
 .bss.htim6     0x200001b8       0x4c ./Core/Src/stm32g4xx_hal_timebase_tim.o
                0x200001b8                htim6
 .bss.__sbrk_heap_end
                0x20000204        0x4 ./Core/Src/sysmem.o
 .bss.uwTick    0x20000208        0x4 ./Drivers/STM32G4xx_HAL_Driver/Src/stm32g4xx_hal.o
                0x20000208                uwTick
 .bss.KernelState
                0x2000020c        0x4 ./Middlewares/Third_Party/FreeRTOS/Source/CMSIS_RTOS_V2/cmsis_os2.o
 .bss.Idle_TCB.3
                0x20000210       0x5c ./Middlewares/Third_Party/FreeRTOS/Source/CMSIS_RTOS_V2/cmsis_os2.o
 .bss.Idle_Stack.2
                0x2000026c      0x200 ./Middlewares/Third_Party/FreeRTOS/Source/CMSIS_RTOS_V2/cmsis_os2.o
 .bss.Timer_TCB.1
                0x2000046c       0x5c ./Middlewares/Third_Party/FreeRTOS/Source/CMSIS_RTOS_V2/cmsis_os2.o
 .bss.Timer_Stack.0
                0x200004c8      0x400 ./Middlewares/Third_Party/FreeRTOS/Source/CMSIS_RTOS_V2/cmsis_os2.o
 .bss.xQueueRegistry
                0x200008c8       0x40 ./Middlewares/Third_Party/FreeRTOS/Source/queue.o
                0x200008c8                xQueueRegistry
 .bss.pxCurrentTCB
                0x20000908        0x4 ./Middlewares/Third_Party/FreeRTOS/Source/tasks.o
                0x20000908                pxCurrentTCB
 .bss.pxReadyTasksLists
                0x2000090c      0x460 ./Middlewares/Third_Party/FreeRTOS/Source/tasks.o
 .bss.xDelayedTaskList1
                0x20000d6c       0x14 ./Middlewares/Third_Party/FreeRTOS/Source/tasks.o
 .bss.xDelayedTaskList2
                0x20000d80       0x14 ./Middlewares/Third_Party/FreeRTOS/Source/tasks.o
 .bss.pxDelayedTaskList
                0x20000d94        0x4 ./Middlewares/Third_Party/FreeRTOS/Source/tasks.o
 .bss.pxOverflowDelayedTaskList
                0x20000d98        0x4 ./Middlewares/Third_Party/FreeRTOS/Source/tasks.o
 .bss.xPendingReadyList
                0x20000d9c       0x14 ./Middlewares/Third_Party/FreeRTOS/Source/tasks.o
 .bss.xTasksWaitingTermination
                0x20000db0       0x14 ./Middlewares/Third_Party/FreeRTOS/Source/tasks.o
 .bss.uxDeletedTasksWaitingCleanUp
                0x20000dc4        0x4 ./Middlewares/Third_Party/FreeRTOS/Source/tasks.o
 .bss.xSuspendedTaskList
                0x20000dc8       0x14 ./Middlewares/Third_Party/FreeRTOS/Source/tasks.o
 .bss.uxCurrentNumberOfTasks
                0x20000ddc        0x4 ./Middlewares/Third_Party/FreeRTOS/Source/tasks.o
 .bss.xTickCount
                0x20000de0        0x4 ./Middlewares/Third_Party/FreeRTOS/Source/tasks.o
 .bss.uxTopReadyPriority
                0x20000de4        0x4 ./Middlewares/Third_Party/FreeRTOS/Source/tasks.o
 .bss.xSchedulerRunning
                0x20000de8        0x4 ./Middlewares/Third_Party/FreeRTOS/Source/tasks.o
 .bss.xPendedTicks
                0x20000dec        0x4 ./Middlewares/Third_Party/FreeRTOS/Source/tasks.o
 .bss.xYieldPending
                0x20000df0        0x4 ./Middlewares/Third_Party/FreeRTOS/Source/tasks.o
 .bss.xNumOfOverflows
                0x20000df4        0x4 ./Middlewares/Third_Party/FreeRTOS/Source/tasks.o
 .bss.uxTaskNumber
                0x20000df8        0x4 ./Middlewares/Third_Party/FreeRTOS/Source/tasks.o
 .bss.xNextTaskUnblockTime
                0x20000dfc        0x4 ./Middlewares/Third_Party/FreeRTOS/Source/tasks.o
 .bss.xIdleTaskHandle
                0x20000e00        0x4 ./Middlewares/Third_Party/FreeRTOS/Source/tasks.o
 .bss.uxSchedulerSuspended
                0x20000e04        0x4 ./Middlewares/Third_Party/FreeRTOS/Source/tasks.o
 .bss.xActiveTimerList1
                0x20000e08       0x14 ./Middlewares/Third_Party/FreeRTOS/Source/timers.o
 .bss.xActiveTimerList2
                0x20000e1c       0x14 ./Middlewares/Third_Party/FreeRTOS/Source/timers.o
 .bss.pxCurrentTimerList
                0x20000e30        0x4 ./Middlewares/Third_Party/FreeRTOS/Source/timers.o
 .bss.pxOverflowTimerList
                0x20000e34        0x4 ./Middlewares/Third_Party/FreeRTOS/Source/timers.o
 .bss.xTimerQueue
                0x20000e38        0x4 ./Middlewares/Third_Party/FreeRTOS/Source/timers.o
 .bss.xTimerTaskHandle
                0x20000e3c        0x4 ./Middlewares/Third_Party/FreeRTOS/Source/timers.o
 .bss.xLastTime.2
                0x20000e40        0x4 ./Middlewares/Third_Party/FreeRTOS/Source/timers.o
 .bss.ucStaticTimerQueueStorage.1
                0x20000e44       0xa0 ./Middlewares/Third_Party/FreeRTOS/Source/timers.o
 .bss.xStaticTimerQueue.0
                0x20000ee4       0x50 ./Middlewares/Third_Party/FreeRTOS/Source/timers.o
 .bss.ucMaxSysCallPriority
                0x20000f34        0x1 ./Middlewares/Third_Party/FreeRTOS/Source/portable/GCC/ARM_CM4F/port.o
 *fill*         0x20000f35        0x3 
 .bss.ulMaxPRIGROUPValue
                0x20000f38        0x4 ./Middlewares/Third_Party/FreeRTOS/Source/portable/GCC/ARM_CM4F/port.o
 .bss.ucHeap    0x20000f3c     0x2740 ./Middlewares/Third_Party/FreeRTOS/Source/portable/MemMang/heap_4.o
 .bss.xStart    0x2000367c        0x8 ./Middlewares/Third_Party/FreeRTOS/Source/portable/MemMang/heap_4.o
 .bss.pxEnd     0x20003684        0x4 ./Middlewares/Third_Party/FreeRTOS/Source/portable/MemMang/heap_4.o
 .bss.xFreeBytesRemaining
                0x20003688        0x4 ./Middlewares/Third_Party/FreeRTOS/Source/portable/MemMang/heap_4.o
 .bss.xMinimumEverFreeBytesRemaining
                0x2000368c        0x4 ./Middlewares/Third_Party/FreeRTOS/Source/portable/MemMang/heap_4.o
 .bss.xNumberOfSuccessfulAllocations
                0x20003690        0x4 ./Middlewares/Third_Party/FreeRTOS/Source/portable/MemMang/heap_4.o
 .bss.xNumberOfSuccessfulFrees
                0x20003694        0x4 ./Middlewares/Third_Party/FreeRTOS/Source/portable/MemMang/heap_4.o
 .bss.xBlockAllocatedBit
                0x20003698        0x4 ./Middlewares/Third_Party/FreeRTOS/Source/portable/MemMang/heap_4.o
 .bss.__malloc_sbrk_start
                0x2000369c        0x4 /home/knap-linux/st/stm32cubeide_1.17.0/plugins/com.st.stm32cube.ide.mcu.externaltools.gnu-tools-for-stm32.12.3.rel1.linux64_1.1.0.202410170702/tools/bin/../lib/gcc/arm-none-eabi/12.3.1/../../../../arm-none-eabi/lib/thumb/v7e-m+fp/hard/libc_nano.a(libc_a-mallocr.o)
                0x2000369c                __malloc_sbrk_start
 .bss.__malloc_free_list
                0x200036a0        0x4 /home/knap-linux/st/stm32cubeide_1.17.0/plugins/com.st.stm32cube.ide.mcu.externaltools.gnu-tools-for-stm32.12.3.rel1.linux64_1.1.0.202410170702/tools/bin/../lib/gcc/arm-none-eabi/12.3.1/../../../../arm-none-eabi/lib/thumb/v7e-m+fp/hard/libc_nano.a(libc_a-mallocr.o)
                0x200036a0                __malloc_free_list
 .bss.__sf      0x200036a4      0x138 /home/knap-linux/st/stm32cubeide_1.17.0/plugins/com.st.stm32cube.ide.mcu.externaltools.gnu-tools-for-stm32.12.3.rel1.linux64_1.1.0.202410170702/tools/bin/../lib/gcc/arm-none-eabi/12.3.1/../../../../arm-none-eabi/lib/thumb/v7e-m+fp/hard/libc_nano.a(libc_a-findfp.o)
                0x200036a4                __sf
 .bss.__stdio_exit_handler
                0x200037dc        0x4 /home/knap-linux/st/stm32cubeide_1.17.0/plugins/com.st.stm32cube.ide.mcu.externaltools.gnu-tools-for-stm32.12.3.rel1.linux64_1.1.0.202410170702/tools/bin/../lib/gcc/arm-none-eabi/12.3.1/../../../../arm-none-eabi/lib/thumb/v7e-m+fp/hard/libc_nano.a(libc_a-findfp.o)
                0x200037dc                __stdio_exit_handler
 .bss.errno     0x200037e0        0x4 /home/knap-linux/st/stm32cubeide_1.17.0/plugins/com.st.stm32cube.ide.mcu.externaltools.gnu-tools-for-stm32.12.3.rel1.linux64_1.1.0.202410170702/tools/bin/../lib/gcc/arm-none-eabi/12.3.1/../../../../arm-none-eabi/lib/thumb/v7e-m+fp/hard/libc_nano.a(libc_a-reent.o)
                0x200037e0                errno
 .bss.__lock___malloc_recursive_mutex