Archive member included to satisfy reference by file (symbol)

/home/knap-linux/st/stm32cubeide_1.17.0/plugins/com.st.stm32cube.ide.mcu.externaltools.gnu-tools-for-stm32.12.3.rel1.linux64_1.1.0.202410170702/tools/bin/../lib/gcc/arm-none-eabi/12.3.1/../../../../arm-none-eabi/lib/thumb/v7e-m+fp/hard/libstdc++_nano.a(del_ops.o)
                              ./Project/fdcan_controller.o (operator delete(void*, unsigned int))
/home/knap-linux/st/stm32cubeide_1.17.0/plugins/com.st.stm32cube.ide.mcu.externaltools.gnu-tools-for-stm32.12.3.rel1.linux64_1.1.0.202410170702/tools/bin/../lib/gcc/arm-none-eabi/12.3.1/../../../../arm-none-eabi/lib/thumb/v7e-m+fp/hard/libstdc++_nano.a(del_op.o)
                              /home/knap-linux/st/stm32cubeide_1.17.0/plugins/com.st.stm32cube.ide.mcu.externaltools.gnu-tools-for-stm32.12.3.rel1.linux64_1.1.0.202410170702/tools/bin/../lib/gcc/arm-none-eabi/12.3.1/../../../../arm-none-eabi/lib/thumb/v7e-m+fp/hard/libstdc++_nano.a(del_ops.o) (operator delete(void*))
/home/knap-linux/st/stm32cubeide_1.17.0/plugins/com.st.stm32cube.ide.mcu.externaltools.gnu-tools-for-stm32.12.3.rel1.linux64_1.1.0.202410170702/tools/bin/../lib/gcc/arm-none-eabi/12.3.1/../../../../arm-none-eabi/lib/thumb/v7e-m+fp/hard/libc_nano.a(libc_a-exit.o)
                              /home/knap-linux/st/stm32cubeide_1.17.0/plugins/com.st.stm32cube.ide.mcu.externaltools.gnu-tools-for-stm32.12.3.rel1.linux64_1.1.0.202410170702/tools/bin/../lib/gcc/arm-none-eabi/12.3.1/../../../../arm-none-eabi/lib/thumb/v7e-m+fp/hard/crt0.o (exit)
/home/knap-linux/st/stm32cubeide_1.17.0/plugins/com.st.stm32cube.ide.mcu.externaltools.gnu-tools-for-stm32.12.3.rel1.linux64_1.1.0.202410170702/tools/bin/../lib/gcc/arm-none-eabi/12.3.1/../../../../arm-none-eabi/lib/thumb/v7e-m+fp/hard/libc_nano.a(libc_a-malloc.o)
                              /home/knap-linux/st/stm32cubeide_1.17.0/plugins/com.st.stm32cube.ide.mcu.externaltools.gnu-tools-for-stm32.12.3.rel1.linux64_1.1.0.202410170702/tools/bin/../lib/gcc/arm-none-eabi/12.3.1/../../../../arm-none-eabi/lib/thumb/v7e-m+fp/hard/libstdc++_nano.a(del_op.o) (free)
/home/knap-linux/st/stm32cubeide_1.17.0/plugins/com.st.stm32cube.ide.mcu.externaltools.gnu-tools-for-stm32.12.3.rel1.linux64_1.1.0.202410170702/tools/bin/../lib/gcc/arm-none-eabi/12.3.1/../../../../arm-none-eabi/lib/thumb/v7e-m+fp/hard/libc_nano.a(libc_a-mallocr.o)
                              /home/knap-linux/st/stm32cubeide_1.17.0/plugins/com.st.stm32cube.ide.mcu.externaltools.gnu-tools-for-stm32.12.3.rel1.linux64_1.1.0.202410170702/tools/bin/../lib/gcc/arm-none-eabi/12.3.1/../../../../arm-none-eabi/lib/thumb/v7e-m+fp/hard/libc_nano.a(libc_a-malloc.o) (_malloc_r)
/home/knap-linux/st/stm32cubeide_1.17.0/plugins/com.st.stm32cube.ide.mcu.externaltools.gnu-tools-for-stm32.12.3.rel1.linux64_1.1.0.202410170702/tools/bin/../lib/gcc/arm-none-eabi/12.3.1/../../../../arm-none-eabi/lib/thumb/v7e-m+fp/hard/libc_nano.a(libc_a-mlock.o)
                              /home/knap-linux/st/stm32cubeide_1.17.0/plugins/com.st.stm32cube.ide.mcu.externaltools.gnu-tools-for-stm32.12.3.rel1.linux64_1.1.0.202410170702/tools/bin/../lib/gcc/arm-none-eabi/12.3.1/../../../../arm-none-eabi/lib/thumb/v7e-m+fp/hard/libc_nano.a(libc_a-mallocr.o) (__malloc_lock)
/home/knap-linux/st/stm32cubeide_1.17.0/plugins/com.st.stm32cube.ide.mcu.externaltools.gnu-tools-for-stm32.12.3.rel1.linux64_1.1.0.202410170702/tools/bin/../lib/gcc/arm-none-eabi/12.3.1/../../../../arm-none-eabi/lib/thumb/v7e-m+fp/hard/libc_nano.a(libc_a-findfp.o)
                              /home/knap-linux/st/stm32cubeide_1.17.0/plugins/com.st.stm32cube.ide.mcu.externaltools.gnu-tools-for-stm32.12.3.rel1.linux64_1.1.0.202410170702/tools/bin/../lib/gcc/arm-none-eabi/12.3.1/../../../../arm-none-eabi/lib/thumb/v7e-m+fp/hard/libc_nano.a(libc_a-exit.o) (__stdio_exit_handler)
/home/knap-linux/st/stm32cubeide_1.17.0/plugins/com.st.stm32cube.ide.mcu.externaltools.gnu-tools-for-stm32.12.3.rel1.linux64_1.1.0.202410170702/tools/bin/../lib/gcc/arm-none-eabi/12.3.1/../../../../arm-none-eabi/lib/thumb/v7e-m+fp/hard/libc_nano.a(libc_a-fwalk.o)
                              /home/knap-linux/st/stm32cubeide_1.17.0/plugins/com.st.stm32cube.ide.mcu.externaltools.gnu-tools-for-stm32.12.3.rel1.linux64_1.1.0.202410170702/tools/bin/../lib/gcc/arm-none-eabi/12.3.1/../../../../arm-none-eabi/lib/thumb/v7e-m+fp/hard/libc_nano.a(libc_a-findfp.o) (_fwalk_sglue)
/home/knap-linux/st/stm32cubeide_1.17.0/plugins/com.st.stm32cube.ide.mcu.externaltools.gnu-tools-for-stm32.12.3.rel1.linux64_1.1.0.202410170702/tools/bin/../lib/gcc/arm-none-eabi/12.3.1/../../../../arm-none-eabi/lib/thumb/v7e-m+fp/hard/libc_nano.a(libc_a-printf.o)
                              ./Core/Src/main.o (printf)
[...]
Memory Configuration

Name             Origin             Length             Attributes
RAM              0x20000000         0x00020000         xrw
FLASH            0x08000000         0x00080000         xr
*default*        0x00000000         0xffffffff

Linker script and memory map

LOAD /home/knap-linux/st/stm32cubeide_1.17.0/plugins/com.st.stm32cube.ide.mcu.externaltools.gnu-tools-for-stm32.12.3.rel1.linux64_1.1.0.202410170702/tools/bin/../lib/gcc/arm-none-eabi/12.3.1/thumb/v7e-m+fp/hard/crti.o
LOAD /home/knap-linux/st/stm32cubeide_1.17.0/plugins/com.st.stm32cube.ide.mcu.externaltools.gnu-tools-for-stm32.12.3.rel1.linux64_1.1.0.202410170702/tools/bin/../lib/gcc/arm-none-eabi/12.3.1/thumb/v7e-m+fp/hard/crtbegin.o
LOAD /home/knap-linux/st/stm32cubeide_1.17.0/plugins/com.st.stm32cube.ide.mcu.externaltools.gnu-tools-for-stm32.12.3.rel1.linux64_1.1.0.202410170702/tools/bin/../lib/gcc/arm-none-eabi/12.3.1/../../../../arm-none-eabi/lib/thumb/v7e-m+fp/hard/crt0.o
LOAD ./Core/Src/app_freertos.o
LOAD ./Core/Src/main.o
LOAD ./Core/Src/stm32g4xx_hal_msp.o
LOAD ./Core/Src/stm32g4xx_hal_timebase_tim.o
LOAD ./Core/Src/stm32g4xx_it.o
LOAD ./Core/Src/syscalls.o
LOAD ./Core/Src/sysmem.o
LOAD ./Core/Src/system_stm32g4xx.o
LOAD ./Core/Startup/startup_stm32g474retx.o
LOAD ./Drivers/STM32G4xx_HAL_Driver/Src/stm32g4xx_hal.o
LOAD ./Drivers/STM32G4xx_HAL_Driver/Src/stm32g4xx_hal_cortex.o
LOAD ./Drivers/STM32G4xx_HAL_Driver/Src/stm32g4xx_hal_dma.o
LOAD ./Drivers/STM32G4xx_HAL_Driver/Src/stm32g4xx_hal_dma_ex.o
LOAD ./Drivers/STM32G4xx_HAL_Driver/Src/stm32g4xx_hal_exti.o
LOAD ./Drivers/STM32G4xx_HAL_Driver/Src/stm32g4xx_hal_fdcan.o
LOAD ./Drivers/STM32G4xx_HAL_Driver/Src/stm32g4xx_hal_flash.o
LOAD ./Drivers/STM32G4xx_HAL_Driver/Src/stm32g4xx_hal_flash_ex.o
LOAD ./Drivers/STM32G4xx_HAL_Driver/Src/stm32g4xx_hal_flash_ramfunc.o
LOAD ./Drivers/STM32G4xx_HAL_Driver/Src/stm32g4xx_hal_gpio.o
LOAD ./Drivers/STM32G4xx_HAL_Driver/Src/stm32g4xx_hal_pwr.o
LOAD ./Drivers/STM32G4xx_HAL_Driver/Src/stm32g4xx_hal_pwr_ex.o
LOAD ./Drivers/STM32G4xx_HAL_Driver/Src/stm32g4xx_hal_rcc.o
LOAD ./Drivers/STM32G4xx_HAL_Driver/Src/stm32g4xx_hal_rcc_ex.o
LOAD ./Drivers/STM32G4xx_HAL_Driver/Src/stm32g4xx_hal_tim.o
LOAD ./Drivers/STM32G4xx_HAL_Driver/Src/stm32g4xx_hal_tim_ex.o
LOAD ./Drivers/STM32G4xx_HAL_Driver/Src/stm32g4xx_hal_uart.o
LOAD ./Drivers/STM32G4xx_HAL_Driver/Src/stm32g4xx_hal_uart_ex.o
LOAD ./Middlewares/Third_Party/FreeRTOS/Source/CMSIS_RTOS_V2/cmsis_os2.o
LOAD ./Middlewares/Third_Party/FreeRTOS/Source/croutine.o
LOAD ./Middlewares/Third_Party/FreeRTOS/Source/event_groups.o
LOAD ./Middlewares/Third_Party/FreeRTOS/Source/list.o
LOAD ./Middlewares/Third_Party/FreeRTOS/Source/queue.o
LOAD ./Middlewares/Third_Party/FreeRTOS/Source/stream_buffer.o
LOAD ./Middlewares/Third_Party/FreeRTOS/Source/tasks.o
LOAD ./Middlewares/Third_Party/FreeRTOS/Source/timers.o
LOAD ./Middlewares/Third_Party/FreeRTOS/Source/portable/GCC/ARM_CM4F/port.o
LOAD ./Middlewares/Third_Party/FreeRTOS/Source/portable/MemMang/heap_4.o
LOAD ./Project/fdcan_controller.o
START GROUP
LOAD /home/knap-linux/st/stm32cubeide_1.17.0/plugins/com.st.stm32cube.ide.mcu.externaltools.gnu-tools-for-stm32.12.3.rel1.linux64_1.1.0.202410170702/tools/bin/../lib/gcc/arm-none-eabi/12.3.1/../../../../arm-none-eabi/lib/thumb/v7e-m+fp/hard/libstdc++_nano.a
LOAD /home/knap-linux/st/stm32cubeide_1.17.0/plugins/com.st.stm32cube.ide.mcu.externaltools.gnu-tools-for-stm32.12.3.rel1.linux64_1.1.0.202410170702/tools/bin/../lib/gcc/arm-none-eabi/12.3.1/../../../../arm-none-eabi/lib/thumb/v7e-m+fp/hard/libsupc++_nano.a
END GROUP
LOAD /home/knap-linux/st/stm32cubeide_1.17.0/plugins/com.st.stm32cube.ide.mcu.externaltools.gnu-tools-for-stm32.12.3.rel1.linux64_1.1.0.202410170702/tools/bin/../lib/gcc/arm-none-eabi/12.3.1/../../../../arm-none-eabi/lib/thumb/v7e-m+fp/hard/libstdc++_nano.a
LOAD /home/knap-linux/st/stm32cubeide_1.17.0/plugins/com.st.stm32cube.ide.mcu.externaltools.gnu-tools-for-stm32.12.3.rel1.linux64_1.1.0.202410170702/tools/bin/../lib/gcc/arm-none-eabi/12.3.1/../../../../arm-none-eabi/lib/thumb/v7e-m+fp/hard/libm.a
LOAD /home/knap-linux/st/stm32cubeide_1.17.0/plugins/com.st.stm32cube.ide.mcu.externaltools.gnu-tools-for-stm32.12.3.rel1.linux64_1.1.0.202410170702/tools/bin/../lib/gcc/arm-none-eabi/12.3.1/../../../../arm-none-eabi/lib/thumb/v7e-m+fp/hard/libc_nano.a
START GROUP
LOAD /home/knap-linux/st/stm32cubeide_1.17.0/plugins/com.st.stm32cube.ide.mcu.externaltools.gnu-tools-for-stm32.12.3.rel1.linux64_1.1.0.202410170702/tools/bin/../lib/gcc/arm-none-eabi/12.3.1/thumb/v7e-m+fp/hard/libgcc.a
LOAD /home/knap-linux/st/stm32cubeide_1.17.0/plugins/com.st.stm32cube.ide.mcu.externaltools.gnu-tools-for-stm32.12.3.rel1.linux64_1.1.0.202410170702/tools/bin/../lib/gcc/arm-none-eabi/12.3.1/../../../../arm-none-eabi/lib/thumb/v7e-m+fp/hard/libc_nano.a
END GROUP
START GROUP
LOAD /home/knap-linux/st/stm32cubeide_1.17.0/plugins/com.st.stm32cube.ide.mcu.externaltools.gnu-tools-for-stm32.12.3.rel1.linux64_1.1.0.202410170702/tools/bin/../lib/gcc/arm-none-eabi/12.3.1/thumb/v7e-m+fp/hard/libgcc.a
LOAD /home/knap-linux/st/stm32cubeide_1.17.0/plugins/com.st.stm32cube.ide.mcu.externaltools.gnu-tools-for-stm32.12.3.rel1.linux64_1.1.0.202410170702/tools/bin/../lib/gcc/arm-none-eabi/12.3.1/../../../../arm-none-eabi/lib/thumb/v7e-m+fp/hard/libc_nano.a
LOAD /home/knap-linux/st/stm32cubeide_1.17.0/plugins/com.st.stm32cube.ide.mcu.externaltools.gnu-tools-for-stm32.12.3.rel1.linux64_1.1.0.202410170702/tools/bin/../lib/gcc/arm-none-eabi/12.3.1/../../../../arm-none-eabi/lib/thumb/v7e-m+fp/hard/libnosys.a
END GROUP
START GROUP
LOAD /home/knap-linux/st/stm32cubeide_1.17.0/plugins/com.st.stm32cube.ide.mcu.externaltools.gnu-tools-for-stm32.12.3.rel1.linux64_1.1.0.202410170702/tools/bin/../lib/gcc/arm-none-eabi/12.3.1/thumb/v7e-m+fp/hard/libgcc.a
LOAD /home/knap-linux/st/stm32cubeide_1.17.0/plugins/com.st.stm32cube.ide.mcu.externaltools.gnu-tools-for-stm32.12.3.rel1.linux64_1.1.0.202410170702/tools/bin/../lib/gcc/arm-none-eabi/12.3.1/../../../../arm-none-eabi/lib/thumb/v7e-m+fp/hard/libc_nano.a
LOAD /home/knap-linux/st/stm32cubeide_1.17.0/plugins/com.st.stm32cube.ide.mcu.externaltools.gnu-tools-for-stm32.12.3.rel1.linux64_1.1.0.202410170702/tools/bin/../lib/gcc/arm-none-eabi/12.3.1/../../../../arm-none-eabi/lib/thumb/v7e-m+fp/hard/libnosys.a
END GROUP
LOAD /home/knap-linux/st/stm32cubeide_1.17.0/plugins/com.st.stm32cube.ide.mcu.externaltools.gnu-tools-for-stm32.12.3.rel1.linux64_1.1.0.202410170702/tools/bin/../lib/gcc/arm-none-eabi/12.3.1/thumb/v7e-m+fp/hard/crtend.o
LOAD /home/knap-linux/st/stm32cubeide_1.17.0/plugins/com.st.stm32cube.ide.mcu.externaltools.gnu-tools-for-stm32.12.3.rel1.linux64_1.1.0.202410170702/tools/bin/../lib/gcc/arm-none-eabi/12.3.1/thumb/v7e-m+fp/hard/crtn.o
                0x20020000                        _estack = (ORIGIN (RAM) + LENGTH (RAM))
                0x00000200                        _Min_Heap_Size = 0x200
                0x00000400                        _Min_Stack_Size = 0x400

.isr_vector     0x08000000      0x1d8
                0x08000000                        . = ALIGN (0x4)
 *(.isr_vector)
 .isr_vector    0x08000000      0x1d8 ./Core/Startup/startup_stm32g474retx.o
                0x08000000                g_pfnVectors
                0x080001d8                        . = ALIGN (0x4)

.text           0x080001e0     0x9d48
                0x080001e0                        . = ALIGN (0x4)
 *(.text)
 .text          0x080001e0       0x40 /home/knap-linux/st/stm32cubeide_1.17.0/plugins/com.st.stm32cube.ide.mcu.externaltools.gnu-tools-for-stm32.12.3.rel1.linux64_1.1.0.202410170702/tools/bin/../lib/gcc/arm-none-eabi/12.3.1/thumb/v7e-m+fp/hard/crtbegin.o
 .text          0x08000220       0xa0 /home/knap-linux/st/stm32cubeide_1.17.0/plugins/com.st.stm32cube.ide.mcu.externaltools.gnu-tools-for-stm32.12.3.rel1.linux64_1.1.0.202410170702/tools/bin/../lib/gcc/arm-none-eabi/12.3.1/../../../../arm-none-eabi/lib/thumb/v7e-m+fp/hard/libc_nano.a(libc_a-memchr.o)
                0x08000220                memchr
 .text          0x080002c0       0x30 /home/knap-linux/st/stm32cubeide_1.17.0/plugins/com.st.stm32cube.ide.mcu.externaltools.gnu-tools-for-stm32.12.3.rel1.linux64_1.1.0.202410170702/tools/bin/../lib/gcc/arm-none-eabi/12.3.1/thumb/v7e-m+fp/hard/libgcc.a(_aeabi_uldivmod.o)
                0x080002c0                __aeabi_uldivmod
 .text          0x080002f0      0x2bc /home/knap-linux/st/stm32cubeide_1.17.0/plugins/com.st.stm32cube.ide.mcu.externaltools.gnu-tools-for-stm32.12.3.rel1.linux64_1.1.0.202410170702/tools/bin/../lib/gcc/arm-none-eabi/12.3.1/thumb/v7e-m+fp/hard/libgcc.a(_udivmoddi4.o)
                0x080002f0                __udivmoddi4
 .text          0x080005ac        0x4 /home/knap-linux/st/stm32cubeide_1.17.0/plugins/com.st.stm32cube.ide.mcu.externaltools.gnu-tools-for-stm32.12.3.rel1.linux64_1.1.0.202410170702/tools/bin/../lib/gcc/arm-none-eabi/12.3.1/thumb/v7e-m+fp/hard/libgcc.a(_dvmd_tls.o)
                0x080005ac                __aeabi_ldiv0
                0x080005ac                __aeabi_idiv0
 *(.text*)
 .text._write   0x080005b0       0x28 ./Core/Src/main.o
                0x080005b0                _write
 .text.main     0x080005d8       0xf4 ./Core/Src/main.o
                0x080005d8                main
 .text._Z18SystemClock_Configv
                0x080006cc       0xaa ./Core/Src/main.o
                0x080006cc                SystemClock_Config()
 *fill*         0x08000776        0x2 
 .text._ZL14MX_FDCAN1_Initv
                0x08000778       0x98 ./Core/Src/main.o
 .text._ZL19MX_USART2_UART_Initv
                0x08000810       0xc0 ./Core/Src/main.o
 .text._ZL12MX_GPIO_Initv
                0x080008d0       0xdc ./Core/Src/main.o
 .text.HAL_FDCAN_TxBufferCompleteCallback
                0x080009ac       0x38 ./Core/Src/main.o
                0x080009ac                HAL_FDCAN_TxBufferCompleteCallback
 .text.HAL_FDCAN_RxFifo0Callback
                0x080009e4       0x3c ./Core/Src/main.o
                0x080009e4                HAL_FDCAN_RxFifo0Callback
 .text._Z10startTask0Pv
                0x08000a20       0x74 ./Core/Src/main.o
                0x08000a20                startTask0(void*)
 .text._Z10startTask1Pv
                0x08000a94       0x30 ./Core/Src/main.o
                0x08000a94                startTask1(void*)
 .text.HAL_TIM_PeriodElapsedCallback
                0x08000ac4       0x24 ./Core/Src/main.o
                0x08000ac4                HAL_TIM_PeriodElapsedCallback
 .text.Error_Handler
                0x08000ae8        0xc ./Core/Src/main.o
                0x08000ae8                Error_Handler
 .text._Z41__static_initialization_and_destruction_0ii
                0x08000af4       0x44 ./Core/Src/main.o
 .text._GLOBAL__sub_I_hfdcan1
                0x08000b38       0x10 ./Core/Src/main.o
 .text._GLOBAL__sub_D_hfdcan1
                0x08000b48       0x10 ./Core/Src/main.o
 .text.HAL_MspInit
                0x08000b58       0x54 ./Core/Src/stm32g4xx_hal_msp.o
                0x08000b58                HAL_MspInit
 .text.HAL_FDCAN_MspInit
                0x08000bac       0xd4 ./Core/Src/stm32g4xx_hal_msp.o
                0x08000bac                HAL_FDCAN_MspInit
 .text.HAL_UART_MspInit
                0x08000c80       0xc0 ./Core/Src/stm32g4xx_hal_msp.o
                0x08000c80                HAL_UART_MspInit
 .text.HAL_InitTick
                0x08000d40       0xd8 ./Core/Src/stm32g4xx_hal_timebase_tim.o
                0x08000d40                HAL_InitTick
 .text.NMI_Handler
                0x08000e18        0x8 ./Core/Src/stm32g4xx_it.o
                0x08000e18                NMI_Handler
 .text.HardFault_Handler
                0x08000e20        0x8 ./Core/Src/stm32g4xx_it.o
                0x08000e20                HardFault_Handler
 .text.MemManage_Handler
                0x08000e28        0x8 ./Core/Src/stm32g4xx_it.o
                0x08000e28                MemManage_Handler
 .text.BusFault_Handler
                0x08000e30        0x8 ./Core/Src/stm32g4xx_it.o
                0x08000e30                BusFault_Handler
 .text.UsageFault_Handler
                0x08000e38        0x8 ./Core/Src/stm32g4xx_it.o
                0x08000e38                UsageFault_Handler
 .text.DebugMon_Handler
                0x08000e40        0xe ./Core/Src/stm32g4xx_it.o
                0x08000e40                DebugMon_Handler
 *fill*         0x08000e4e        0x2 
 .text.FDCAN1_IT0_IRQHandler
                0x08000e50       0x14 ./Core/Src/stm32g4xx_it.o
                0x08000e50                FDCAN1_IT0_IRQHandler
 .text.FDCAN1_IT1_IRQHandler
                0x08000e64       0x14 ./Core/Src/stm32g4xx_it.o
                0x08000e64                FDCAN1_IT1_IRQHandler
 .text.USART2_IRQHandler
                0x08000e78       0x14 ./Core/Src/stm32g4xx_it.o
                0x08000e78                USART2_IRQHandler
 .text.EXTI15_10_IRQHandler
                0x08000e8c       0x10 ./Core/Src/stm32g4xx_it.o
                0x08000e8c                EXTI15_10_IRQHandler
 .text.TIM6_DAC_IRQHandler
                0x08000e9c       0x14 ./Core/Src/stm32g4xx_it.o
                0x08000e9c                TIM6_DAC_IRQHandler
 .text._read    0x08000eb0       0x3a ./Core/Src/syscalls.o
                0x08000eb0                _read
 .text._close   0x08000eea       0x18 ./Core/Src/syscalls.o
                0x08000eea                _close
 .text._fstat   0x08000f02       0x20 ./Core/Src/syscalls.o
                0x08000f02                _fstat
 .text._isatty  0x08000f22       0x16 ./Core/Src/syscalls.o
                0x08000f22                _isatty
 .text._lseek   0x08000f38       0x1a ./Core/Src/syscalls.o
                0x08000f38                _lseek
 *fill*         0x08000f52        0x2 
 .text._sbrk    0x08000f54       0x6c ./Core/Src/sysmem.o
                0x08000f54                _sbrk
 .text.SystemInit
                0x08000fc0       0x24 ./Core/Src/system_stm32g4xx.o
                0x08000fc0                SystemInit
 .text.Reset_Handler
                0x08000fe4       0x50 ./Core/Startup/startup_stm32g474retx.o
                0x08000fe4                Reset_Handler
 .text.Default_Handler
                0x08001034        0x2 ./Core/Startup/startup_stm32g474retx.o
                0x08001034                RTC_Alarm_IRQHandler
                0x08001034                EXTI2_IRQHandler
                0x08001034                TIM8_TRG_COM_IRQHandler
                0x08001034                TIM8_CC_IRQHandler
                0x08001034                HRTIM1_Master_IRQHandler
                0x08001034                SPI4_IRQHandler
                0x08001034                FDCAN3_IT0_IRQHandler
                0x08001034                TIM1_CC_IRQHandler
                0x08001034                HRTIM1_FLT_IRQHandler
                0x08001034                HRTIM1_TIMF_IRQHandler
                0x08001034                USB_HP_IRQHandler
                0x08001034                CORDIC_IRQHandler
                0x08001034                HRTIM1_TIMD_IRQHandler
                0x08001034                DMA2_Channel8_IRQHandler
                0x08001034                EXTI3_IRQHandler
                0x08001034                I2C3_ER_IRQHandler
                0x08001034                EXTI0_IRQHandler
                0x08001034                I2C2_EV_IRQHandler
                0x08001034                FPU_IRQHandler
                0x08001034                TIM1_UP_TIM16_IRQHandler
                0x08001034                ADC1_2_IRQHandler
                0x08001034                HRTIM1_TIME_IRQHandler
                0x08001034                SPI1_IRQHandler
                0x08001034                HRTIM1_TIMC_IRQHandler
                0x08001034                TIM8_UP_IRQHandler
                0x08001034                DMA2_Channel2_IRQHandler
                0x08001034                DMA1_Channel4_IRQHandler
                0x08001034                TIM20_TRG_COM_IRQHandler
                0x08001034                USART3_IRQHandler
                0x08001034                DMA1_Channel7_IRQHandler
                0x08001034                UART5_IRQHandler
                0x08001034                ADC3_IRQHandler
                0x08001034                TIM4_IRQHandler
                0x08001034                DMA2_Channel1_IRQHandler
                0x08001034                QUADSPI_IRQHandler
                0x08001034                I2C1_EV_IRQHandler
                0x08001034                DMA1_Channel6_IRQHandler
                0x08001034                UART4_IRQHandler
                0x08001034                DMA2_Channel4_IRQHandler
                0x08001034                TIM3_IRQHandler
                0x08001034                RCC_IRQHandler
                0x08001034                TIM20_UP_IRQHandler
                0x08001034                DMA1_Channel1_IRQHandler
                0x08001034                Default_Handler
                0x08001034                DMA2_Channel7_IRQHandler
                0x08001034                RTC_TAMP_LSECSS_IRQHandler
                0x08001034                FMAC_IRQHandler
                0x08001034                DMA1_Channel8_IRQHandler
                0x08001034                HRTIM1_TIMA_IRQHandler
                0x08001034                TIM7_DAC_IRQHandler
                0x08001034                FDCAN3_IT1_IRQHandler
                0x08001034                TIM5_IRQHandler
                0x08001034                UCPD1_IRQHandler
                0x08001034                I2C3_EV_IRQHandler
                0x08001034                EXTI9_5_IRQHandler
                0x08001034                RTC_WKUP_IRQHandler
                0x08001034                PVD_PVM_IRQHandler
                0x08001034                SPI2_IRQHandler
                0x08001034                ADC5_IRQHandler
                0x08001034                DMA2_Channel5_IRQHandler
                0x08001034                CRS_IRQHandler
                0x08001034                DMA1_Channel5_IRQHandler
                0x08001034                USB_LP_IRQHandler
                0x08001034                EXTI4_IRQHandler
                0x08001034                RNG_IRQHandler
                0x08001034                HRTIM1_TIMB_IRQHandler
                0x08001034                TIM1_TRG_COM_TIM17_IRQHandler
                0x08001034                FDCAN2_IT1_IRQHandler
                0x08001034                DMA1_Channel3_IRQHandler
                0x08001034                ADC4_IRQHandler
                0x08001034                WWDG_IRQHandler
                0x08001034                I2C4_EV_IRQHandler
                0x08001034                FDCAN2_IT0_IRQHandler
                0x08001034                LPUART1_IRQHandler
                0x08001034                DMA2_Channel6_IRQHandler
                0x08001034                TIM2_IRQHandler
                0x08001034                COMP7_IRQHandler
                0x08001034                COMP1_2_3_IRQHandler
                0x08001034                EXTI1_IRQHandler
                0x08001034                COMP4_5_6_IRQHandler
                0x08001034                TIM20_BRK_IRQHandler
                0x08001034                I2C2_ER_IRQHandler
                0x08001034                DMA1_Channel2_IRQHandler
                0x08001034                TIM8_BRK_IRQHandler
                0x08001034                FLASH_IRQHandler
                0x08001034                TIM20_CC_IRQHandler
                0x08001034                USART1_IRQHandler
                0x08001034                SPI3_IRQHandler
                0x08001034                I2C1_ER_IRQHandler
                0x08001034                FMC_IRQHandler
                0x08001034                LPTIM1_IRQHandler
                0x08001034                DMAMUX_OVR_IRQHandler
                0x08001034                I2C4_ER_IRQHandler
                0x08001034                USBWakeUp_IRQHandler
                0x08001034                SAI1_IRQHandler
                0x08001034                DMA2_Channel3_IRQHandler
                0x08001034                TIM1_BRK_TIM15_IRQHandler
 .text.HAL_Init
                0x08001036       0x30 ./Drivers/STM32G4xx_HAL_Driver/Src/stm32g4xx_hal.o
                0x08001036                HAL_Init
 *fill*         0x08001066        0x2 
 .text.HAL_IncTick
                0x08001068       0x24 ./Drivers/STM32G4xx_HAL_Driver/Src/stm32g4xx_hal.o
                0x08001068                HAL_IncTick
 .text.HAL_GetTick
                0x0800108c       0x18 ./Drivers/STM32G4xx_HAL_Driver/Src/stm32g4xx_hal.o
                0x0800108c                HAL_GetTick
 .text.__NVIC_SetPriorityGrouping
                0x080010a4       0x48 ./Drivers/STM32G4xx_HAL_Driver/Src/stm32g4xx_hal_cortex.o
 .text.__NVIC_GetPriorityGrouping
                0x080010ec       0x1c ./Drivers/STM32G4xx_HAL_Driver/Src/stm32g4xx_hal_cortex.o
 .text.__NVIC_EnableIRQ
                0x08001108       0x3c ./Drivers/STM32G4xx_HAL_Driver/Src/stm32g4xx_hal_cortex.o
 .text.__NVIC_SetPriority
                0x08001144       0x54 ./Drivers/STM32G4xx_HAL_Driver/Src/stm32g4xx_hal_cortex.o
 .text.NVIC_EncodePriority
                0x08001198       0x66 ./Drivers/STM32G4xx_HAL_Driver/Src/stm32g4xx_hal_cortex.o
 .text.HAL_NVIC_SetPriorityGrouping
                0x080011fe       0x16 ./Drivers/STM32G4xx_HAL_Driver/Src/stm32g4xx_hal_cortex.o
                0x080011fe                HAL_NVIC_SetPriorityGrouping
 .text.HAL_NVIC_SetPriority
                0x08001214       0x34 ./Drivers/STM32G4xx_HAL_Driver/Src/stm32g4xx_hal_cortex.o
                0x08001214                HAL_NVIC_SetPriority
 .text.HAL_NVIC_EnableIRQ
                0x08001248       0x1c ./Drivers/STM32G4xx_HAL_Driver/Src/stm32g4xx_hal_cortex.o
                0x08001248                HAL_NVIC_EnableIRQ
 .text.HAL_DMA_Abort
                0x08001264       0xb2 ./Drivers/STM32G4xx_HAL_Driver/Src/stm32g4xx_hal_dma.o
                0x08001264                HAL_DMA_Abort
 .text.HAL_DMA_Abort_IT
                0x08001316       0xce ./Drivers/STM32G4xx_HAL_Driver/Src/stm32g4xx_hal_dma.o
                0x08001316                HAL_DMA_Abort_IT
 .text.HAL_FDCAN_Init
                0x080013e4      0x2b4 ./Drivers/STM32G4xx_HAL_Driver/Src/stm32g4xx_hal_fdcan.o
                0x080013e4                HAL_FDCAN_Init
 .text.HAL_FDCAN_Start
                0x08001698       0x50 ./Drivers/STM32G4xx_HAL_Driver/Src/stm32g4xx_hal_fdcan.o
                0x08001698                HAL_FDCAN_Start
 .text.HAL_FDCAN_AddMessageToTxFifoQ
                0x080016e8       0x88 ./Drivers/STM32G4xx_HAL_Driver/Src/stm32g4xx_hal_fdcan.o
                0x080016e8                HAL_FDCAN_AddMessageToTxFifoQ
 .text.HAL_FDCAN_GetRxMessage
                0x08001770      0x210 ./Drivers/STM32G4xx_HAL_Driver/Src/stm32g4xx_hal_fdcan.o
                0x08001770                HAL_FDCAN_GetRxMessage
 .text.HAL_FDCAN_ActivateNotification
                0x08001980      0x1cc ./Drivers/STM32G4xx_HAL_Driver/Src/stm32g4xx_hal_fdcan.o
                0x08001980                HAL_FDCAN_ActivateNotification
 .text.HAL_FDCAN_IRQHandler
                0x08001b4c      0x24a ./Drivers/STM32G4xx_HAL_Driver/Src/stm32g4xx_hal_fdcan.o
                0x08001b4c                HAL_FDCAN_IRQHandler
 .text.HAL_FDCAN_TxEventFifoCallback
                0x08001d96       0x16 ./Drivers/STM32G4xx_HAL_Driver/Src/stm32g4xx_hal_fdcan.o
                0x08001d96                HAL_FDCAN_TxEventFifoCallback
 .text.HAL_FDCAN_RxFifo1Callback
                0x08001dac       0x16 ./Drivers/STM32G4xx_HAL_Driver/Src/stm32g4xx_hal_fdcan.o
                0x08001dac                HAL_FDCAN_RxFifo1Callback
 .text.HAL_FDCAN_TxFifoEmptyCallback
                0x08001dc2       0x14 ./Drivers/STM32G4xx_HAL_Driver/Src/stm32g4xx_hal_fdcan.o
                0x08001dc2                HAL_FDCAN_TxFifoEmptyCallback
 .text.HAL_FDCAN_TxBufferAbortCallback
                0x08001dd6       0x16 ./Drivers/STM32G4xx_HAL_Driver/Src/stm32g4xx_hal_fdcan.o
                0x08001dd6                HAL_FDCAN_TxBufferAbortCallback
 .text.HAL_FDCAN_TimestampWraparoundCallback
                0x08001dec       0x14 ./Drivers/STM32G4xx_HAL_Driver/Src/stm32g4xx_hal_fdcan.o
                0x08001dec                HAL_FDCAN_TimestampWraparoundCallback
 .text.HAL_FDCAN_TimeoutOccurredCallback
                0x08001e00       0x14 ./Drivers/STM32G4xx_HAL_Driver/Src/stm32g4xx_hal_fdcan.o
                0x08001e00                HAL_FDCAN_TimeoutOccurredCallback
 .text.HAL_FDCAN_HighPriorityMessageCallback
                0x08001e14       0x14 ./Drivers/STM32G4xx_HAL_Driver/Src/stm32g4xx_hal_fdcan.o
                0x08001e14                HAL_FDCAN_HighPriorityMessageCallback
 .text.HAL_FDCAN_ErrorCallback
                0x08001e28       0x14 ./Drivers/STM32G4xx_HAL_Driver/Src/stm32g4xx_hal_fdcan.o
                0x08001e28                HAL_FDCAN_ErrorCallback
 .text.HAL_FDCAN_ErrorStatusCallback
                0x08001e3c       0x16 ./Drivers/STM32G4xx_HAL_Driver/Src/stm32g4xx_hal_fdcan.o
                0x08001e3c                HAL_FDCAN_ErrorStatusCallback
 *fill*         0x08001e52        0x2 
 .text.FDCAN_CalcultateRamBlockAddresses
                0x08001e54       0xd8 ./Drivers/STM32G4xx_HAL_Driver/Src/stm32g4xx_hal_fdcan.o
 .text.FDCAN_CopyMessageToRAM
                0x08001f2c       0xf8 ./Drivers/STM32G4xx_HAL_Driver/Src/stm32g4xx_hal_fdcan.o
 .text.HAL_GPIO_Init
                0x08002024      0x304 ./Drivers/STM32G4xx_HAL_Driver/Src/stm32g4xx_hal_gpio.o
                0x08002024                HAL_GPIO_Init
 .text.HAL_GPIO_WritePin
                0x08002328       0x30 ./Drivers/STM32G4xx_HAL_Driver/Src/stm32g4xx_hal_gpio.o
                0x08002328                HAL_GPIO_WritePin
 .text.HAL_GPIO_EXTI_IRQHandler
                0x08002358       0x30 ./Drivers/STM32G4xx_HAL_Driver/Src/stm32g4xx_hal_gpio.o
                0x08002358                HAL_GPIO_EXTI_IRQHandler
 .text.HAL_GPIO_EXTI_Callback
                0x08002388       0x16 ./Drivers/STM32G4xx_HAL_Driver/Src/stm32g4xx_hal_gpio.o
                0x08002388                HAL_GPIO_EXTI_Callback
 *fill*         0x0800239e        0x2 
 .text.HAL_PWREx_ControlVoltageScaling
                0x080023a0      0x148 ./Drivers/STM32G4xx_HAL_Driver/Src/stm32g4xx_hal_pwr_ex.o
                0x080023a0                HAL_PWREx_ControlVoltageScaling
 .text.HAL_PWREx_DisableUCPDDeadBattery
                0x080024e8       0x20 ./Drivers/STM32G4xx_HAL_Driver/Src/stm32g4xx_hal_pwr_ex.o
                0x080024e8                HAL_PWREx_DisableUCPDDeadBattery
 .text.HAL_RCC_OscConfig
                0x08002508      0x624 ./Drivers/STM32G4xx_HAL_Driver/Src/stm32g4xx_hal_rcc.o
                0x08002508                HAL_RCC_OscConfig
 .text.HAL_RCC_ClockConfig
                0x08002b2c      0x278 ./Drivers/STM32G4xx_HAL_Driver/Src/stm32g4xx_hal_rcc.o
                0x08002b2c                HAL_RCC_ClockConfig
 .text.HAL_RCC_GetSysClockFreq
                0x08002da4       0xc4 ./Drivers/STM32G4xx_HAL_Driver/Src/stm32g4xx_hal_rcc.o
                0x08002da4                HAL_RCC_GetSysClockFreq
 .text.HAL_RCC_GetHCLKFreq
                0x08002e68       0x18 ./Drivers/STM32G4xx_HAL_Driver/Src/stm32g4xx_hal_rcc.o
                0x08002e68                HAL_RCC_GetHCLKFreq
 .text.HAL_RCC_GetPCLK1Freq
                0x08002e80       0x2c ./Drivers/STM32G4xx_HAL_Driver/Src/stm32g4xx_hal_rcc.o
                0x08002e80                HAL_RCC_GetPCLK1Freq
 .text.HAL_RCC_GetPCLK2Freq
                0x08002eac       0x2c ./Drivers/STM32G4xx_HAL_Driver/Src/stm32g4xx_hal_rcc.o
                0x08002eac                HAL_RCC_GetPCLK2Freq
 .text.HAL_RCC_GetClockConfig
                0x08002ed8       0x64 ./Drivers/STM32G4xx_HAL_Driver/Src/stm32g4xx_hal_rcc.o
                0x08002ed8                HAL_RCC_GetClockConfig
 .text.RCC_GetSysClockFreqFromPLLSource
                0x08002f3c       0x8c ./Drivers/STM32G4xx_HAL_Driver/Src/stm32g4xx_hal_rcc.o
 .text.HAL_RCCEx_PeriphCLKConfig
                0x08002fc8      0x49c ./Drivers/STM32G4xx_HAL_Driver/Src/stm32g4xx_hal_rcc_ex.o
                0x08002fc8                HAL_RCCEx_PeriphCLKConfig
 .text.HAL_TIM_Base_Init
                0x08003464       0xae ./Drivers/STM32G4xx_HAL_Driver/Src/stm32g4xx_hal_tim.o
                0x08003464                HAL_TIM_Base_Init
 .text.HAL_TIM_Base_MspInit
                0x08003512       0x14 ./Drivers/STM32G4xx_HAL_Driver/Src/stm32g4xx_hal_tim.o
                0x08003512                HAL_TIM_Base_MspInit
 *fill*         0x08003526        0x2 
 .text.HAL_TIM_Base_Start_IT
                0x08003528       0xf0 ./Drivers/STM32G4xx_HAL_Driver/Src/stm32g4xx_hal_tim.o
                0x08003528                HAL_TIM_Base_Start_IT
 .text.HAL_TIM_IRQHandler
                0x08003618      0x29e ./Drivers/STM32G4xx_HAL_Driver/Src/stm32g4xx_hal_tim.o
                0x08003618                HAL_TIM_IRQHandler
 .text.HAL_TIM_OC_DelayElapsedCallback
                0x080038b6       0x14 ./Drivers/STM32G4xx_HAL_Driver/Src/stm32g4xx_hal_tim.o
                0x080038b6                HAL_TIM_OC_DelayElapsedCallback
 .text.HAL_TIM_IC_CaptureCallback
                0x080038ca       0x14 ./Drivers/STM32G4xx_HAL_Driver/Src/stm32g4xx_hal_tim.o
                0x080038ca                HAL_TIM_IC_CaptureCallback
 .text.HAL_TIM_PWM_PulseFinishedCallback
                0x080038de       0x14 ./Drivers/STM32G4xx_HAL_Driver/Src/stm32g4xx_hal_tim.o
                0x080038de                HAL_TIM_PWM_PulseFinishedCallback
 .text.HAL_TIM_TriggerCallback
                0x080038f2       0x14 ./Drivers/STM32G4xx_HAL_Driver/Src/stm32g4xx_hal_tim.o
                0x080038f2                HAL_TIM_TriggerCallback
 *fill*         0x08003906        0x2 
 .text.TIM_Base_SetConfig
                0x08003908      0x168 ./Drivers/STM32G4xx_HAL_Driver/Src/stm32g4xx_hal_tim.o
                0x08003908                TIM_Base_SetConfig
 .text.HAL_TIMEx_CommutCallback
                0x08003a70       0x14 ./Drivers/STM32G4xx_HAL_Driver/Src/stm32g4xx_hal_tim_ex.o
                0x08003a70                HAL_TIMEx_CommutCallback
 .text.HAL_TIMEx_BreakCallback
                0x08003a84       0x14 ./Drivers/STM32G4xx_HAL_Driver/Src/stm32g4xx_hal_tim_ex.o
                0x08003a84                HAL_TIMEx_BreakCallback
 .text.HAL_TIMEx_Break2Callback
                0x08003a98       0x14 ./Drivers/STM32G4xx_HAL_Driver/Src/stm32g4xx_hal_tim_ex.o
                0x08003a98                HAL_TIMEx_Break2Callback
 .text.HAL_TIMEx_EncoderIndexCallback
                0x08003aac       0x14 ./Drivers/STM32G4xx_HAL_Driver/Src/stm32g4xx_hal_tim_ex.o
                0x08003aac                HAL_TIMEx_EncoderIndexCallback
 .text.HAL_TIMEx_DirectionChangeCallback
                0x08003ac0       0x14 ./Drivers/STM32G4xx_HAL_Driver/Src/stm32g4xx_hal_tim_ex.o
                0x08003ac0                HAL_TIMEx_DirectionChangeCallback
 .text.HAL_TIMEx_IndexErrorCallback
                0x08003ad4       0x14 ./Drivers/STM32G4xx_HAL_Driver/Src/stm32g4xx_hal_tim_ex.o
                0x08003ad4                HAL_TIMEx_IndexErrorCallback
 .text.HAL_TIMEx_TransitionErrorCallback
                0x08003ae8       0x14 ./Drivers/STM32G4xx_HAL_Driver/Src/stm32g4xx_hal_tim_ex.o
                0x08003ae8                HAL_TIMEx_TransitionErrorCallback
 .text.HAL_UART_Init
                0x08003afc       0xa0 ./Drivers/STM32G4xx_HAL_Driver/Src/stm32g4xx_hal_uart.o
                0x08003afc                HAL_UART_Init
 .text.HAL_UART_Transmit
                0x08003b9c      0x11c ./Drivers/STM32G4xx_HAL_Driver/Src/stm32g4xx_hal_uart.o
                0x08003b9c                HAL_UART_Transmit
 .text.HAL_UART_IRQHandler
                0x08003cb8      0x684 ./Drivers/STM32G4xx_HAL_Driver/Src/stm32g4xx_hal_uart.o
                0x08003cb8                HAL_UART_IRQHandler
 .text.HAL_UART_TxCpltCallback
                0x0800433c       0x14 ./Drivers/STM32G4xx_HAL_Driver/Src/stm32g4xx_hal_uart.o
                0x0800433c                HAL_UART_TxCpltCallback
 .text.HAL_UART_ErrorCallback
                0x08004350       0x14 ./Drivers/STM32G4xx_HAL_Driver/Src/stm32g4xx_hal_uart.o
                0x08004350                HAL_UART_ErrorCallback
 .text.HAL_UARTEx_RxEventCallback
                0x08004364       0x18 ./Drivers/STM32G4xx_HAL_Driver/Src/stm32g4xx_hal_uart.o
                0x08004364                HAL_UARTEx_RxEventCallback
 .text.UART_SetConfig
                0x0800437c      0x5f8 ./Drivers/STM32G4xx_HAL_Driver/Src/stm32g4xx_hal_uart.o
                0x0800437c                UART_SetConfig
 .text.UART_AdvFeatureConfig
                0x08004974      0x144 ./Drivers/STM32G4xx_HAL_Driver/Src/stm32g4xx_hal_uart.o
                0x08004974                UART_AdvFeatureConfig
 .text.UART_CheckIdleState
                0x08004ab8      0x154 ./Drivers/STM32G4xx_HAL_Driver/Src/stm32g4xx_hal_uart.o
                0x08004ab8                UART_CheckIdleState
 .text.UART_WaitOnFlagUntilTimeout
                0x08004c0c       0xda ./Drivers/STM32G4xx_HAL_Driver/Src/stm32g4xx_hal_uart.o
                0x08004c0c                UART_WaitOnFlagUntilTimeout
 .text.UART_EndRxTransfer
                0x08004ce6       0xcc ./Drivers/STM32G4xx_HAL_Driver/Src/stm32g4xx_hal_uart.o
 .text.UART_DMAAbortOnError
                0x08004db2       0x24 ./Drivers/STM32G4xx_HAL_Driver/Src/stm32g4xx_hal_uart.o
 .text.UART_EndTransmit_IT
                0x08004dd6       0x56 ./Drivers/STM32G4xx_HAL_Driver/Src/stm32g4xx_hal_uart.o
 .text.HAL_UARTEx_WakeupCallback
                0x08004e2c       0x14 ./Drivers/STM32G4xx_HAL_Driver/Src/stm32g4xx_hal_uart_ex.o
                0x08004e2c                HAL_UARTEx_WakeupCallback
 .text.HAL_UARTEx_RxFifoFullCallback
                0x08004e40       0x14 ./Drivers/STM32G4xx_HAL_Driver/Src/stm32g4xx_hal_uart_ex.o
                0x08004e40                HAL_UARTEx_RxFifoFullCallback
 .text.HAL_UARTEx_TxFifoEmptyCallback
                0x08004e54       0x14 ./Drivers/STM32G4xx_HAL_Driver/Src/stm32g4xx_hal_uart_ex.o
                0x08004e54                HAL_UARTEx_TxFifoEmptyCallback
 .text.HAL_UARTEx_DisableFifoMode
                0x08004e68       0x72 ./Drivers/STM32G4xx_HAL_Driver/Src/stm32g4xx_hal_uart_ex.o
                0x08004e68                HAL_UARTEx_DisableFifoMode
 .text.HAL_UARTEx_SetTxFifoThreshold
                0x08004eda       0x7c ./Drivers/STM32G4xx_HAL_Driver/Src/stm32g4xx_hal_uart_ex.o
                0x08004eda                HAL_UARTEx_SetTxFifoThreshold
 .text.HAL_UARTEx_SetRxFifoThreshold
                0x08004f56       0x7c ./Drivers/STM32G4xx_HAL_Driver/Src/stm32g4xx_hal_uart_ex.o
                0x08004f56                HAL_UARTEx_SetRxFifoThreshold
 *fill*         0x08004fd2        0x2 
 .text.UARTEx_SetNbDataToProcess
                0x08004fd4       0x9c ./Drivers/STM32G4xx_HAL_Driver/Src/stm32g4xx_hal_uart_ex.o
 .text.__NVIC_SetPriority
                0x08005070       0x54 ./Middlewares/Third_Party/FreeRTOS/Source/CMSIS_RTOS_V2/cmsis_os2.o
 .text.SysTick_Handler
                0x080050c4       0x20 ./Middlewares/Third_Party/FreeRTOS/Source/CMSIS_RTOS_V2/cmsis_os2.o
                0x080050c4                SysTick_Handler
 .text.SVC_Setup
                0x080050e4       0x12 ./Middlewares/Third_Party/FreeRTOS/Source/CMSIS_RTOS_V2/cmsis_os2.o
 *fill*         0x080050f6        0x2 
 .text.osKernelInitialize
                0x080050f8       0x48 ./Middlewares/Third_Party/FreeRTOS/Source/CMSIS_RTOS_V2/cmsis_os2.o
                0x080050f8                osKernelInitialize
 .text.osKernelStart
                0x08005140       0x4c ./Middlewares/Third_Party/FreeRTOS/Source/CMSIS_RTOS_V2/cmsis_os2.o
                0x08005140                osKernelStart
 .text.osThreadNew
                0x0800518c      0x124 ./Middlewares/Third_Party/FreeRTOS/Source/CMSIS_RTOS_V2/cmsis_os2.o
                0x0800518c                osThreadNew
 .text.osDelay  0x080052b0       0x36 ./Middlewares/Third_Party/FreeRTOS/Source/CMSIS_RTOS_V2/cmsis_os2.o
                0x080052b0                osDelay
 .text.osMutexNew
                0x080052e6      0x10c ./Middlewares/Third_Party/FreeRTOS/Source/CMSIS_RTOS_V2/cmsis_os2.o
                0x080052e6                osMutexNew
 .text.osMutexAcquire
                0x080053f2       0x96 ./Middlewares/Third_Party/FreeRTOS/Source/CMSIS_RTOS_V2/cmsis_os2.o
                0x080053f2                osMutexAcquire
 .text.osMutexRelease
                0x08005488       0x7a ./Middlewares/Third_Party/FreeRTOS/Source/CMSIS_RTOS_V2/cmsis_os2.o
                0x08005488                osMutexRelease
 .text.osSemaphoreNew
                0x08005502      0x112 ./Middlewares/Third_Party/FreeRTOS/Source/CMSIS_RTOS_V2/cmsis_os2.o
                0x08005502                osSemaphoreNew
 .text.osSemaphoreAcquire
                0x08005614       0xa4 ./Middlewares/Third_Party/FreeRTOS/Source/CMSIS_RTOS_V2/cmsis_os2.o
                0x08005614                osSemaphoreAcquire
 .text.osSemaphoreRelease
                0x080056b8       0x88 ./Middlewares/Third_Party/FreeRTOS/Source/CMSIS_RTOS_V2/cmsis_os2.o
                0x080056b8                osSemaphoreRelease
 .text.osMessageQueueNew
                0x08005740       0xe6 ./Middlewares/Third_Party/FreeRTOS/Source/CMSIS_RTOS_V2/cmsis_os2.o
                0x08005740                osMessageQueueNew
 *fill*         0x08005826        0x2 
 .text.osMessageQueuePut
                0x08005828       0xc0 ./Middlewares/Third_Party/FreeRTOS/Source/CMSIS_RTOS_V2/cmsis_os2.o
                0x08005828                osMessageQueuePut
 .text.osMessageQueueGet
                0x080058e8       0xbc ./Middlewares/Third_Party/FreeRTOS/Source/CMSIS_RTOS_V2/cmsis_os2.o
                0x080058e8                osMessageQueueGet
 .text.vApplicationGetIdleTaskMemory
                0x080059a4       0x34 ./Middlewares/Third_Party/FreeRTOS/Source/CMSIS_RTOS_V2/cmsis_os2.o
                0x080059a4                vApplicationGetIdleTaskMemory
 .text.vApplicationGetTimerTaskMemory
                0x080059d8       0x34 ./Middlewares/Third_Party/FreeRTOS/Source/CMSIS_RTOS_V2/cmsis_os2.o
                0x080059d8                vApplicationGetTimerTaskMemory
 .text.vListInitialise
                0x08005a0c       0x40 ./Middlewares/Third_Party/FreeRTOS/Source/list.o
                0x08005a0c                vListInitialise
 .text.vListInitialiseItem
                0x08005a4c       0x1a ./Middlewares/Third_Party/FreeRTOS/Source/list.o
                0x08005a4c                vListInitialiseItem
 .text.vListInsertEnd
                0x08005a66       0x48 ./Middlewares/Third_Party/FreeRTOS/Source/list.o
                0x08005a66                vListInsertEnd
 .text.vListInsert
                0x08005aae       0x72 ./Middlewares/Third_Party/FreeRTOS/Source/list.o
                0x08005aae                vListInsert
 .text.uxListRemove
                0x08005b20       0x54 ./Middlewares/Third_Party/FreeRTOS/Source/list.o
                0x08005b20                uxListRemove
 .text.xQueueGenericReset
                0x08005b74       0xd4 ./Middlewares/Third_Party/FreeRTOS/Source/queue.o
                0x08005b74                xQueueGenericReset
 .text.xQueueGenericCreateStatic
                0x08005c48       0xfa ./Middlewares/Third_Party/FreeRTOS/Source/queue.o
                0x08005c48                xQueueGenericCreateStatic
 .text.xQueueGenericCreate
                0x08005d42       0x76 ./Middlewares/Third_Party/FreeRTOS/Source/queue.o
                0x08005d42                xQueueGenericCreate
 .text.prvInitialiseNewQueue
                0x08005db8       0x46 ./Middlewares/Third_Party/FreeRTOS/Source/queue.o
 .text.prvInitialiseMutex
                0x08005dfe       0x34 ./Middlewares/Third_Party/FreeRTOS/Source/queue.o
 .text.xQueueCreateMutex
                0x08005e32       0x30 ./Middlewares/Third_Party/FreeRTOS/Source/queue.o
                0x08005e32                xQueueCreateMutex
 .text.xQueueCreateMutexStatic
                0x08005e62       0x36 ./Middlewares/Third_Party/FreeRTOS/Source/queue.o
                0x08005e62                xQueueCreateMutexStatic
 .text.xQueueGiveMutexRecursive
                0x08005e98       0x6a ./Middlewares/Third_Party/FreeRTOS/Source/queue.o
                0x08005e98                xQueueGiveMutexRecursive
 .text.xQueueTakeMutexRecursive
                0x08005f02       0x6e ./Middlewares/Third_Party/FreeRTOS/Source/queue.o
                0x08005f02                xQueueTakeMutexRecursive
 .text.xQueueCreateCountingSemaphoreStatic
                0x08005f70       0x72 ./Middlewares/Third_Party/FreeRTOS/Source/queue.o
                0x08005f70                xQueueCreateCountingSemaphoreStatic
 .text.xQueueCreateCountingSemaphore
                0x08005fe2       0x6a ./Middlewares/Third_Party/FreeRTOS/Source/queue.o
                0x08005fe2                xQueueCreateCountingSemaphore
 .text.xQueueGenericSend
                0x0800604c      0x204 ./Middlewares/Third_Party/FreeRTOS/Source/queue.o
                0x0800604c                xQueueGenericSend
 .text.xQueueGenericSendFromISR
                0x08006250      0x13c ./Middlewares/Third_Party/FreeRTOS/Source/queue.o
                0x08006250                xQueueGenericSendFromISR
 .text.xQueueGiveFromISR
                0x0800638c      0x120 ./Middlewares/Third_Party/FreeRTOS/Source/queue.o
                0x0800638c                xQueueGiveFromISR
 .text.xQueueReceive
                0x080064ac      0x1c4 ./Middlewares/Third_Party/FreeRTOS/Source/queue.o
                0x080064ac                xQueueReceive
 .text.xQueueSemaphoreTake
                0x08006670      0x220 ./Middlewares/Third_Party/FreeRTOS/Source/queue.o
                0x08006670                xQueueSemaphoreTake
 .text.xQueueReceiveFromISR
                0x08006890      0x104 ./Middlewares/Third_Party/FreeRTOS/Source/queue.o
                0x08006890                xQueueReceiveFromISR
 .text.vQueueDelete
                0x08006994       0x48 ./Middlewares/Third_Party/FreeRTOS/Source/queue.o
                0x08006994                vQueueDelete
 .text.prvGetDisinheritPriorityAfterTimeout
                0x080069dc       0x30 ./Middlewares/Third_Party/FreeRTOS/Source/queue.o
 .text.prvCopyDataToQueue
                0x08006a0c       0xd4 ./Middlewares/Third_Party/FreeRTOS/Source/queue.o
 .text.prvCopyDataFromQueue
                0x08006ae0       0x4c ./Middlewares/Third_Party/FreeRTOS/Source/queue.o
 .text.prvUnlockQueue
                0x08006b2c       0xa4 ./Middlewares/Third_Party/FreeRTOS/Source/queue.o
 .text.prvIsQueueEmpty
                0x08006bd0       0x2c ./Middlewares/Third_Party/FreeRTOS/Source/queue.o
 .text.prvIsQueueFull
                0x08006bfc       0x30 ./Middlewares/Third_Party/FreeRTOS/Source/queue.o
 .text.vQueueAddToRegistry
                0x08006c2c       0x54 ./Middlewares/Third_Party/FreeRTOS/Source/queue.o
                0x08006c2c                vQueueAddToRegistry
 .text.vQueueUnregisterQueue
                0x08006c80       0x54 ./Middlewares/Third_Party/FreeRTOS/Source/queue.o
                0x08006c80                vQueueUnregisterQueue
 .text.vQueueWaitForMessageRestricted
                0x08006cd4       0x68 ./Middlewares/Third_Party/FreeRTOS/Source/queue.o
                0x08006cd4                vQueueWaitForMessageRestricted
 .text.xTaskCreateStatic
                0x08006d3c       0xc0 ./Middlewares/Third_Party/FreeRTOS/Source/tasks.o
                0x08006d3c                xTaskCreateStatic
 .text.xTaskCreate
                0x08006dfc       0x8a ./Middlewares/Third_Party/FreeRTOS/Source/tasks.o
                0x08006dfc                xTaskCreate
 .text.prvInitialiseNewTask
                0x08006e86      0x120 ./Middlewares/Third_Party/FreeRTOS/Source/tasks.o
 *fill*         0x08006fa6        0x2 
 .text.prvAddNewTaskToReadyList
                0x08006fa8       0xe0 ./Middlewares/Third_Party/FreeRTOS/Source/tasks.o
 .text.vTaskDelay
                0x08007088       0x6c ./Middlewares/Third_Party/FreeRTOS/Source/tasks.o
                0x08007088                vTaskDelay
 .text.vTaskStartScheduler
                0x080070f4       0xd0 ./Middlewares/Third_Party/FreeRTOS/Source/tasks.o
                0x080070f4                vTaskStartScheduler
 .text.vTaskSuspendAll
                0x080071c4       0x1c ./Middlewares/Third_Party/FreeRTOS/Source/tasks.o
                0x080071c4                vTaskSuspendAll
 .text.xTaskResumeAll
                0x080071e0      0x13c ./Middlewares/Third_Party/FreeRTOS/Source/tasks.o
                0x080071e0                xTaskResumeAll
 .text.xTaskGetTickCount
                0x0800731c       0x20 ./Middlewares/Third_Party/FreeRTOS/Source/tasks.o
                0x0800731c                xTaskGetTickCount
 .text.xTaskIncrementTick
                0x0800733c      0x174 ./Middlewares/Third_Party/FreeRTOS/Source/tasks.o
                0x0800733c                xTaskIncrementTick
 .text.vTaskSwitchContext
                0x080074b0       0xbc ./Middlewares/Third_Party/FreeRTOS/Source/tasks.o
                0x080074b0                vTaskSwitchContext
 .text.vTaskPlaceOnEventList
                0x0800756c       0x4c ./Middlewares/Third_Party/FreeRTOS/Source/tasks.o
                0x0800756c                vTaskPlaceOnEventList
 .text.vTaskPlaceOnEventListRestricted
                0x080075b8       0x58 ./Middlewares/Third_Party/FreeRTOS/Source/tasks.o
                0x080075b8                vTaskPlaceOnEventListRestricted
 .text.xTaskRemoveFromEventList
                0x08007610       0xc8 ./Middlewares/Third_Party/FreeRTOS/Source/tasks.o
                0x08007610                xTaskRemoveFromEventList
 .text.vTaskInternalSetTimeOutState
                0x080076d8       0x2c ./Middlewares/Third_Party/FreeRTOS/Source/tasks.o
                0x080076d8                vTaskInternalSetTimeOutState
 .text.xTaskCheckForTimeOut
                0x08007704       0xc8 ./Middlewares/Third_Party/FreeRTOS/Source/tasks.o
                0x08007704                xTaskCheckForTimeOut
 .text.vTaskMissedYield
                0x080077cc       0x18 ./Middlewares/Third_Party/FreeRTOS/Source/tasks.o
                0x080077cc                vTaskMissedYield
 .text.prvIdleTask
                0x080077e4       0x30 ./Middlewares/Third_Party/FreeRTOS/Source/tasks.o
 .text.prvInitialiseTaskLists
                0x08007814       0x80 ./Middlewares/Third_Party/FreeRTOS/Source/tasks.o
 .text.prvCheckTasksWaitingTermination
                0x08007894       0x5c ./Middlewares/Third_Party/FreeRTOS/Source/tasks.o
 .text.prvDeleteTCB
                0x080078f0       0x60 ./Middlewares/Third_Party/FreeRTOS/Source/tasks.o
 .text.prvResetNextTaskUnblockTime
                0x08007950       0x40 ./Middlewares/Third_Party/FreeRTOS/Source/tasks.o
 .text.xTaskGetCurrentTaskHandle
                0x08007990       0x20 ./Middlewares/Third_Party/FreeRTOS/Source/tasks.o
                0x08007990                xTaskGetCurrentTaskHandle
 .text.xTaskGetSchedulerState
                0x080079b0       0x3c ./Middlewares/Third_Party/FreeRTOS/Source/tasks.o
                0x080079b0                xTaskGetSchedulerState
 .text.xTaskPriorityInherit
                0x080079ec       0xd0 ./Middlewares/Third_Party/FreeRTOS/Source/tasks.o
                0x080079ec                xTaskPriorityInherit
 .text.xTaskPriorityDisinherit
                0x08007abc       0xe0 ./Middlewares/Third_Party/FreeRTOS/Source/tasks.o
                0x08007abc                xTaskPriorityDisinherit
 .text.vTaskPriorityDisinheritAfterTimeout
                0x08007b9c      0x108 ./Middlewares/Third_Party/FreeRTOS/Source/tasks.o
                0x08007b9c                vTaskPriorityDisinheritAfterTimeout
 .text.pvTaskIncrementMutexHeldCount
                0x08007ca4       0x28 ./Middlewares/Third_Party/FreeRTOS/Source/tasks.o
                0x08007ca4                pvTaskIncrementMutexHeldCount
 .text.prvAddCurrentTaskToDelayedList
                0x08007ccc       0xa8 ./Middlewares/Third_Party/FreeRTOS/Source/tasks.o
 .text.xTimerCreateTimerTask
                0x08007d74       0x94 ./Middlewares/Third_Party/FreeRTOS/Source/timers.o
                0x08007d74                xTimerCreateTimerTask
 .text.xTimerGenericCommand
                0x08007e08       0x9c ./Middlewares/Third_Party/FreeRTOS/Source/timers.o
                0x08007e08                xTimerGenericCommand
 .text.prvProcessExpiredTimer
                0x08007ea4       0x9c ./Middlewares/Third_Party/FreeRTOS/Source/timers.o
 .text.prvTimerTask
                0x08007f40       0x26 ./Middlewares/Third_Party/FreeRTOS/Source/timers.o
 *fill*         0x08007f66        0x2 
 .text.prvProcessTimerOrBlockTask
                0x08007f68       0x9c ./Middlewares/Third_Party/FreeRTOS/Source/timers.o
 .text.prvGetNextExpireTime
                0x08008004       0x48 ./Middlewares/Third_Party/FreeRTOS/Source/timers.o
 .text.prvSampleTimeNow
                0x0800804c       0x40 ./Middlewares/Third_Party/FreeRTOS/Source/timers.o
 .text.prvInsertTimerInActiveList
                0x0800808c       0x84 ./Middlewares/Third_Party/FreeRTOS/Source/timers.o
 .text.prvProcessReceivedCommands
                0x08008110      0x1cc ./Middlewares/Third_Party/FreeRTOS/Source/timers.o
 .text.prvSwitchTimerLists
                0x080082dc       0xcc ./Middlewares/Third_Party/FreeRTOS/Source/timers.o
 .text.prvCheckForValidListAndQueue
                0x080083a8       0x80 ./Middlewares/Third_Party/FreeRTOS/Source/timers.o
 .text.pxPortInitialiseStack
                0x08008428       0x68 ./Middlewares/Third_Party/FreeRTOS/Source/portable/GCC/ARM_CM4F/port.o
                0x08008428                pxPortInitialiseStack
 .text.prvTaskExitError
                0x08008490       0x5c ./Middlewares/Third_Party/FreeRTOS/Source/portable/GCC/ARM_CM4F/port.o
 *fill*         0x080084ec        0x4 
 .text.SVC_Handler
                0x080084f0       0x28 ./Middlewares/Third_Party/FreeRTOS/Source/portable/GCC/ARM_CM4F/port.o
                0x080084f0                SVC_Handler
 .text.prvPortStartFirstTask
                0x08008518       0x28 ./Middlewares/Third_Party/FreeRTOS/Source/portable/GCC/ARM_CM4F/port.o
 .text.xPortStartScheduler
                0x08008540      0x148 ./Middlewares/Third_Party/FreeRTOS/Source/portable/GCC/ARM_CM4F/port.o
                0x08008540                xPortStartScheduler
 .text.vPortEnterCritical
                0x08008688       0x64 ./Middlewares/Third_Party/FreeRTOS/Source/portable/GCC/ARM_CM4F/port.o
                0x08008688                vPortEnterCritical
 .text.vPortExitCritical
                0x080086ec       0x54 ./Middlewares/Third_Party/FreeRTOS/Source/portable/GCC/ARM_CM4F/port.o
                0x080086ec                vPortExitCritical
 .text.PendSV_Handler
                0x08008740       0x68 ./Middlewares/Third_Party/FreeRTOS/Source/portable/GCC/ARM_CM4F/port.o
                0x08008740                PendSV_Handler
 .text.xPortSysTickHandler
                0x080087a8       0x44 ./Middlewares/Third_Party/FreeRTOS/Source/portable/GCC/ARM_CM4F/port.o
                0x080087a8                xPortSysTickHandler
 .text.vPortSetupTimerInterrupt
                0x080087ec       0x48 ./Middlewares/Third_Party/FreeRTOS/Source/portable/GCC/ARM_CM4F/port.o
                0x080087ec                vPortSetupTimerInterrupt
 .text.vPortEnableVFP
                0x08008834       0x14 ./Middlewares/Third_Party/FreeRTOS/Source/portable/GCC/ARM_CM4F/port.o
 .text.vPortValidateInterruptPriority
                0x08008848       0x84 ./Middlewares/Third_Party/FreeRTOS/Source/portable/GCC/ARM_CM4F/port.o
                0x08008848                vPortValidateInterruptPriority
 .text.pvPortMalloc
                0x080088cc      0x19c ./Middlewares/Third_Party/FreeRTOS/Source/portable/MemMang/heap_4.o
                0x080088cc                pvPortMalloc
 .text.vPortFree
                0x08008a68       0xc8 ./Middlewares/Third_Party/FreeRTOS/Source/portable/MemMang/heap_4.o
                0x08008a68                vPortFree
 .text.prvHeapInit
                0x08008b30       0xc4 ./Middlewares/Third_Party/FreeRTOS/Source/portable/MemMang/heap_4.o
 .text.prvInsertBlockIntoFreeList
                0x08008bf4       0xb4 ./Middlewares/Third_Party/FreeRTOS/Source/portable/MemMang/heap_4.o
 .text._ZN15FdcanControllerC2Ev
                0x08008ca8       0x38 ./Project/fdcan_controller.o
                0x08008ca8                FdcanController::FdcanController()
                0x08008ca8                FdcanController::FdcanController()
 .text._ZN15FdcanControllerD2Ev
                0x08008ce0       0x20 ./Project/fdcan_controller.o
                0x08008ce0                FdcanController::~FdcanController()
                0x08008ce0                FdcanController::~FdcanController()
 .text._ZN15FdcanControllerD0Ev
                0x08008d00       0x20 ./Project/fdcan_controller.o
                0x08008d00                FdcanController::~FdcanController()
 .text._ZN15FdcanController14setHandleFdcanEP19FDCAN_HandleTypeDef
                0x08008d20       0x1c ./Project/fdcan_controller.o
                0x08008d20                FdcanController::setHandleFdcan(FDCAN_HandleTypeDef*)
 .text._ZN15FdcanController14setHandleQueueEPPv
                0x08008d3c       0x1c ./Project/fdcan_controller.o
                0x08008d3c                FdcanController::setHandleQueue(void**)
 .text._ZN15FdcanController14setHandleMutexEPPv
                0x08008d58       0x1c ./Project/fdcan_controller.o
                0x08008d58                FdcanController::setHandleMutex(void**)
 .text._ZN15FdcanController12setHandleSemEPPv
                0x08008d74       0x1c ./Project/fdcan_controller.o
                0x08008d74                FdcanController::setHandleSem(void**)
 .text._ZN15FdcanController4initEv
                0x08008d90       0x82 ./Project/fdcan_controller.o
                0x08008d90                FdcanController::init()
 .text._ZN15FdcanController4sendE8FdcanMsg
                0x08008e12       0xb6 ./Project/fdcan_controller.o
                0x08008e12                FdcanController::send(FdcanMsg)
 .text._ZN15FdcanController7receiveEP8FdcanMsg
                0x08008ec8       0x3a ./Project/fdcan_controller.o
                0x08008ec8                FdcanController::receive(FdcanMsg*)
 .text._ZN15FdcanController17updateInterruptTxEP19FDCAN_HandleTypeDef
                0x08008f02       0x42 ./Project/fdcan_controller.o
                0x08008f02                FdcanController::updateInterruptTx(FDCAN_HandleTypeDef*)
 .text._ZN15FdcanController17updateInterruptRxEP19FDCAN_HandleTypeDefm
                0x08008f44       0x7c ./Project/fdcan_controller.o
                0x08008f44                FdcanController::updateInterruptRx(FDCAN_HandleTypeDef*, unsigned long)
 .text._ZdlPvj  0x08008fc0        0x4 /home/knap-linux/st/stm32cubeide_1.17.0/plugins/com.st.stm32cube.ide.mcu.externaltools.gnu-tools-for-stm32.12.3.rel1.linux64_1.1.0.202410170702/tools/bin/../lib/gcc/arm-none-eabi/12.3.1/../../../../arm-none-eabi/lib/thumb/v7e-m+fp/hard/libstdc++_nano.a(del_ops.o)
                0x08008fc0                operator delete(void*, unsigned int)
 .text._ZdlPv   0x08008fc4        0x4 /home/knap-linux/st/stm32cubeide_1.17.0/plugins/com.st.stm32cube.ide.mcu.externaltools.gnu-tools-for-stm32.12.3.rel1.linux64_1.1.0.202410170702/tools/bin/../lib/gcc/arm-none-eabi/12.3.1/../../../../arm-none-eabi/lib/thumb/v7e-m+fp/hard/libstdc++_nano.a(del_op.o)
                0x08008fc4                operator delete(void*)
 .text.free     0x08008fc8       0x10 /home/knap-linux/st/stm32cubeide_1.17.0/plugins/com.st.stm32cube.ide.mcu.externaltools.gnu-tools-for-stm32.12.3.rel1.linux64_1.1.0.202410170702/tools/bin/../lib/gcc/arm-none-eabi/12.3.1/../../../../arm-none-eabi/lib/thumb/v7e-m+fp/hard/libc_nano.a(libc_a-malloc.o)
                0x08008fc8                free
 .text.sbrk_aligned
                0x08008fd8       0x44 /home/knap-linux/st/stm32cubeide_1.17.0/plugins/com.st.stm32cube.ide.mcu.externaltools.gnu-tools-for-stm32.12.3.rel1.linux64_1.1.0.202410170702/tools/bin/../lib/gcc/arm-none-eabi/12.3.1/../../../../arm-none-eabi/lib/thumb/v7e-m+fp/hard/libc_nano.a(libc_a-mallocr.o)
 .text._malloc_r
                0x0800901c      0x100 /home/knap-linux/st/stm32cubeide_1.17.0/plugins/com.st.stm32cube.ide.mcu.externaltools.gnu-tools-for-stm32.12.3.rel1.linux64_1.1.0.202410170702/tools/bin/../lib/gcc/arm-none-eabi/12.3.1/../../../../arm-none-eabi/lib/thumb/v7e-m+fp/hard/libc_nano.a(libc_a-mallocr.o)
                0x0800901c                _malloc_r
 .text.__malloc_lock
                0x0800911c        0xc /home/knap-linux/st/stm32cubeide_1.17.0/plugins/com.st.stm32cube.ide.mcu.externaltools.gnu-tools-for-stm32.12.3.rel1.linux64_1.1.0.202410170702/tools/bin/../lib/gcc/arm-none-eabi/12.3.1/../../../../arm-none-eabi/lib/thumb/v7e-m+fp/hard/libc_nano.a(libc_a-mlock.o)
                0x0800911c                __malloc_lock
 .text.__malloc_unlock
                0x08009128        0xc /home/knap-linux/st/stm32cubeide_1.17.0/plugins/com.st.stm32cube.ide.mcu.externaltools.gnu-tools-for-stm32.12.3.rel1.linux64_1.1.0.202410170702/tools/bin/../lib/gcc/arm-none-eabi/12.3.1/../../../../arm-none-eabi/lib/thumb/v7e-m+fp/hard/libc_nano.a(libc_a-mlock.o)
                0x08009128                __malloc_unlock
 .text.std      0x08009134       0x6c /home/knap-linux/st/stm32cubeide_1.17.0/plugins/com.st.stm32cube.ide.mcu.externaltools.gnu-tools-for-stm32.12.3.rel1.linux64_1.1.0.202410170702/tools/bin/../lib/gcc/arm-none-eabi/12.3.1/../../../../arm-none-eabi/lib/thumb/v7e-m+fp/hard/libc_nano.a(libc_a-findfp.o)
 .text.stdio_exit_handler
                0x080091a0       0x18 /home/knap-linux/st/stm32cubeide_1.17.0/plugins/com.st.stm32cube.ide.mcu.externaltools.gnu-tools-for-stm32.12.3.rel1.linux64_1.1.0.202410170702/tools/bin/../lib/gcc/arm-none-eabi/12.3.1/../../../../arm-none-eabi/lib/thumb/v7e-m+fp/hard/libc_nano.a(libc_a-findfp.o)
 .text.cleanup_stdio
                0x080091b8       0x40 /home/knap-linux/st/stm32cubeide_1.17.0/plugins/com.st.stm32cube.ide.mcu.externaltools.gnu-tools-for-stm32.12.3.rel1.linux64_1.1.0.202410170702/tools/bin/../lib/gcc/arm-none-eabi/12.3.1/../../../../arm-none-eabi/lib/thumb/v7e-m+fp/hard/libc_nano.a(libc_a-findfp.o)
 .text.global_stdio_init.part.0
                0x080091f8       0x3c /home/knap-linux/st/stm32cubeide_1.17.0/plugins/com.st.stm32cube.ide.mcu.externaltools.gnu-tools-for-stm32.12.3.rel1.linux64_1.1.0.202410170702/tools/bin/../lib/gcc/arm-none-eabi/12.3.1/../../../../arm-none-eabi/lib/thumb/v7e-m+fp/hard/libc_nano.a(libc_a-findfp.o)
 .text.__sfp_lock_acquire
                0x08009234        0xc /home/knap-linux/st/stm32cubeide_1.17.0/plugins/com.st.stm32cube.ide.mcu.externaltools.gnu-tools-for-stm32.12.3.rel1.linux64_1.1.0.202410170702/tools/bin/../lib/gcc/arm-none-eabi/12.3.1/../../../../arm-none-eabi/lib/thumb/v7e-m+fp/hard/libc_nano.a(libc_a-findfp.o)
                0x08009234                __sfp_lock_acquire
 .text.__sfp_lock_release
                0x08009240        0xc /home/knap-linux/st/stm32cubeide_1.17.0/plugins/com.st.stm32cube.ide.mcu.externaltools.gnu-tools-for-stm32.12.3.rel1.linux64_1.1.0.202410170702/tools/bin/../lib/gcc/arm-none-eabi/12.3.1/../../../../arm-none-eabi/lib/thumb/v7e-m+fp/hard/libc_nano.a(libc_a-findfp.o)
                0x08009240                __sfp_lock_release
 .text.__sinit  0x0800924c       0x30 /home/knap-linux/st/stm32cubeide_1.17.0/plugins/com.st.stm32cube.ide.mcu.externaltools.gnu-tools-for-stm32.12.3.rel1.linux64_1.1.0.202410170702/tools/bin/../lib/gcc/arm-none-eabi/12.3.1/../../../../arm-none-eabi/lib/thumb/v7e-m+fp/hard/libc_nano.a(libc_a-findfp.o)
                0x0800924c                __sinit
 .text._fwalk_sglue
                0x0800927c       0x3c /home/knap-linux/st/stm32cubeide_1.17.0/plugins/com.st.stm32cube.ide.mcu.externaltools.gnu-tools-for-stm32.12.3.rel1.linux64_1.1.0.202410170702/tools/bin/../lib/gcc/arm-none-eabi/12.3.1/../../../../arm-none-eabi/lib/thumb/v7e-m+fp/hard/libc_nano.a(libc_a-fwalk.o)
                0x0800927c                _fwalk_sglue
 .text.printf   0x080092b8       0x24 /home/knap-linux/st/stm32cubeide_1.17.0/plugins/com.st.stm32cube.ide.mcu.externaltools.gnu-tools-for-stm32.12.3.rel1.linux64_1.1.0.202410170702/tools/bin/../lib/gcc/arm-none-eabi/12.3.1/../../../../arm-none-eabi/lib/thumb/v7e-m+fp/hard/libc_nano.a(libc_a-printf.o)
                0x080092b8                printf
                0x080092b8                iprintf
 .text._puts_r  0x080092dc       0xaa /home/knap-linux/st/stm32cubeide_1.17.0/plugins/com.st.stm32cube.ide.mcu.externaltools.gnu-tools-for-stm32.12.3.rel1.linux64_1.1.0.202410170702/tools/bin/../lib/gcc/arm-none-eabi/12.3.1/../../../../arm-none-eabi/lib/thumb/v7e-m+fp/hard/libc_nano.a(libc_a-puts.o)
                0x080092dc                _puts_r
 *fill*         0x08009386        0x2 
 .text.puts     0x08009388       0x10 /home/knap-linux/st/stm32cubeide_1.17.0/plugins/com.st.stm32cube.ide.mcu.externaltools.gnu-tools-for-stm32.12.3.rel1.linux64_1.1.0.202410170702/tools/bin/../lib/gcc/arm-none-eabi/12.3.1/../../../../arm-none-eabi/lib/thumb/v7e-m+fp/hard/libc_nano.a(libc_a-puts.o)
                0x08009388                puts
 .text.__sread  0x08009398       0x22 /home/knap-linux/st/stm32cubeide_1.17.0/plugins/com.st.stm32cube.ide.mcu.externaltools.gnu-tools-for-stm32.12.3.rel1.linux64_1.1.0.202410170702/tools/bin/../lib/gcc/arm-none-eabi/12.3.1/../../../../arm-none-eabi/lib/thumb/v7e-m+fp/hard/libc_nano.a(libc_a-stdio.o)
                0x08009398                __sread
 .text.__swrite
                0x080093ba       0x38 /home/knap-linux/st/stm32cubeide_1.17.0/plugins/com.st.stm32cube.ide.mcu.externaltools.gnu-tools-for-stm32.12.3.rel1.linux64_1.1.0.202410170702/tools/bin/../lib/gcc/arm-none-eabi/12.3.1/../../../../arm-none-eabi/lib/thumb/v7e-m+fp/hard/libc_nano.a(libc_a-stdio.o)
                0x080093ba                __swrite
 .text.__sseek  0x080093f2       0x24 /home/knap-linux/st/stm32cubeide_1.17.0/plugins/com.st.stm32cube.ide.mcu.externaltools.gnu-tools-for-stm32.12.3.rel1.linux64_1.1.0.202410170702/tools/bin/../lib/gcc/arm-none-eabi/12.3.1/../../../../arm-none-eabi/lib/thumb/v7e-m+fp/hard/libc_nano.a(libc_a-stdio.o)
                0x080093f2                __sseek
 .text.__sclose
                0x08009416        0x8 /home/knap-linux/st/stm32cubeide_1.17.0/plugins/com.st.stm32cube.ide.mcu.externaltools.gnu-tools-for-stm32.12.3.rel1.linux64_1.1.0.202410170702/tools/bin/../lib/gcc/arm-none-eabi/12.3.1/../../../../arm-none-eabi/lib/thumb/v7e-m+fp/hard/libc_nano.a(libc_a-stdio.o)
                0x08009416                __sclose
 .text.__swbuf_r
                0x0800941e       0x7c /home/knap-linux/st/stm32cubeide_1.17.0/plugins/com.st.stm32cube.ide.mcu.externaltools.gnu-tools-for-stm32.12.3.rel1.linux64_1.1.0.202410170702/tools/bin/../lib/gcc/arm-none-eabi/12.3.1/../../../../arm-none-eabi/lib/thumb/v7e-m+fp/hard/libc_nano.a(libc_a-wbuf.o)
                0x0800941e                __swbuf_r
 *fill*         0x0800949a        0x2 
 .text.__swsetup_r
                0x0800949c       0xac /home/knap-linux/st/stm32cubeide_1.17.0/plugins/com.st.stm32cube.ide.mcu.externaltools.gnu-tools-for-stm32.12.3.rel1.linux64_1.1.0.202410170702/tools/bin/../lib/gcc/arm-none-eabi/12.3.1/../../../../arm-none-eabi/lib/thumb/v7e-m+fp/hard/libc_nano.a(libc_a-wsetup.o)
                0x0800949c                __swsetup_r
 .text.memset   0x08009548       0x10 /home/knap-linux/st/stm32cubeide_1.17.0/plugins/com.st.stm32cube.ide.mcu.externaltools.gnu-tools-for-stm32.12.3.rel1.linux64_1.1.0.202410170702/tools/bin/../lib/gcc/arm-none-eabi/12.3.1/../../../../arm-none-eabi/lib/thumb/v7e-m+fp/hard/libc_nano.a(libc_a-memset.o)
                0x08009548                memset
 .text._close_r
                0x08009558       0x20 /home/knap-linux/st/stm32cubeide_1.17.0/plugins/com.st.stm32cube.ide.mcu.externaltools.gnu-tools-for-stm32.12.3.rel1.linux64_1.1.0.202410170702/tools/bin/../lib/gcc/arm-none-eabi/12.3.1/../../../../arm-none-eabi/lib/thumb/v7e-m+fp/hard/libc_nano.a(libc_a-closer.o)
                0x08009558                _close_r
 .text._lseek_r
                0x08009578       0x24 /home/knap-linux/st/stm32cubeide_1.17.0/plugins/com.st.stm32cube.ide.mcu.externaltools.gnu-tools-for-stm32.12.3.rel1.linux64_1.1.0.202410170702/tools/bin/../lib/gcc/arm-none-eabi/12.3.1/../../../../arm-none-eabi/lib/thumb/v7e-m+fp/hard/libc_nano.a(libc_a-lseekr.o)
                0x08009578                _lseek_r
 .text._read_r  0x0800959c       0x24 /home/knap-linux/st/stm32cubeide_1.17.0/plugins/com.st.stm32cube.ide.mcu.externaltools.gnu-tools-for-stm32.12.3.rel1.linux64_1.1.0.202410170702/tools/bin/../lib/gcc/arm-none-eabi/12.3.1/../../../../arm-none-eabi/lib/thumb/v7e-m+fp/hard/libc_nano.a(libc_a-readr.o)
                0x0800959c                _read_r
 .text._sbrk_r  0x080095c0       0x20 /home/knap-linux/st/stm32cubeide_1.17.0/plugins/com.st.stm32cube.ide.mcu.externaltools.gnu-tools-for-stm32.12.3.rel1.linux64_1.1.0.202410170702/tools/bin/../lib/gcc/arm-none-eabi/12.3.1/../../../../arm-none-eabi/lib/thumb/v7e-m+fp/hard/libc_nano.a(libc_a-sbrkr.o)
                0x080095c0                _sbrk_r
 .text._write_r
                0x080095e0       0x24 /home/knap-linux/st/stm32cubeide_1.17.0/plugins/com.st.stm32cube.ide.mcu.externaltools.gnu-tools-for-stm32.12.3.rel1.linux64_1.1.0.202410170702/tools/bin/../lib/gcc/arm-none-eabi/12.3.1/../../../../arm-none-eabi/lib/thumb/v7e-m+fp/hard/libc_nano.a(libc_a-writer.o)
                0x080095e0                _write_r
 .text.__errno  0x08009604        0xc /home/knap-linux/st/stm32cubeide_1.17.0/plugins/com.st.stm32cube.ide.mcu.externaltools.gnu-tools-for-stm32.12.3.rel1.linux64_1.1.0.202410170702/tools/bin/../lib/gcc/arm-none-eabi/12.3.1/../../../../arm-none-eabi/lib/thumb/v7e-m+fp/hard/libc_nano.a(libc_a-errno.o)
                0x08009604                __errno
 .text.__libc_init_array
                0x08009610       0x48 /home/knap-linux/st/stm32cubeide_1.17.0/plugins/com.st.stm32cube.ide.mcu.externaltools.gnu-tools-for-stm32.12.3.rel1.linux64_1.1.0.202410170702/tools/bin/../lib/gcc/arm-none-eabi/12.3.1/../../../../arm-none-eabi/lib/thumb/v7e-m+fp/hard/libc_nano.a(libc_a-init.o)
                0x08009610                __libc_init_array
 .text.__retarget_lock_init_recursive
                0x08009658        0x2 /home/knap-linux/st/stm32cubeide_1.17.0/plugins/com.st.stm32cube.ide.mcu.externaltools.gnu-tools-for-stm32.12.3.rel1.linux64_1.1.0.202410170702/tools/bin/../lib/gcc/arm-none-eabi/12.3.1/../../../../arm-none-eabi/lib/thumb/v7e-m+fp/hard/libc_nano.a(libc_a-lock.o)
                0x08009658                __retarget_lock_init_recursive
 .text.__retarget_lock_acquire_recursive
                0x0800965a        0x2 /home/knap-linux/st/stm32cubeide_1.17.0/plugins/com.st.stm32cube.ide.mcu.externaltools.gnu-tools-for-stm32.12.3.rel1.linux64_1.1.0.202410170702/tools/bin/../lib/gcc/arm-none-eabi/12.3.1/../../../../arm-none-eabi/lib/thumb/v7e-m+fp/hard/libc_nano.a(libc_a-lock.o)
                0x0800965a                __retarget_lock_acquire_recursive
 .text.__retarget_lock_release_recursive
                0x0800965c        0x2 /home/knap-linux/st/stm32cubeide_1.17.0/plugins/com.st.stm32cube.ide.mcu.externaltools.gnu-tools-for-stm32.12.3.rel1.linux64_1.1.0.202410170702/tools/bin/../lib/gcc/arm-none-eabi/12.3.1/../../../../arm-none-eabi/lib/thumb/v7e-m+fp/hard/libc_nano.a(libc_a-lock.o)
                0x0800965c                __retarget_lock_release_recursive
 .text.memcpy   0x0800965e       0x1c /home/knap-linux/st/stm32cubeide_1.17.0/plugins/com.st.stm32cube.ide.mcu.externaltools.gnu-tools-for-stm32.12.3.rel1.linux64_1.1.0.202410170702/tools/bin/../lib/gcc/arm-none-eabi/12.3.1/../../../../arm-none-eabi/lib/thumb/v7e-m+fp/hard/libc_nano.a(libc_a-memcpy-stub.o)
                0x0800965e                memcpy
 *fill*         0x0800967a        0x2 
 .text._free_r  0x0800967c       0x94 /home/knap-linux/st/stm32cubeide_1.17.0/plugins/com.st.stm32cube.ide.mcu.externaltools.gnu-tools-for-stm32.12.3.rel1.linux64_1.1.0.202410170702/tools/bin/../lib/gcc/arm-none-eabi/12.3.1/../../../../arm-none-eabi/lib/thumb/v7e-m+fp/hard/libc_nano.a(libc_a-freer.o)
                0x0800967c                _free_r
 .text.__sfputc_r
                0x08009710       0x2e /home/knap-linux/st/stm32cubeide_1.17.0/plugins/com.st.stm32cube.ide.mcu.externaltools.gnu-tools-for-stm32.12.3.rel1.linux64_1.1.0.202410170702/tools/bin/../lib/gcc/arm-none-eabi/12.3.1/../../../../arm-none-eabi/lib/thumb/v7e-m+fp/hard/libc_nano.a(libc_a-nano-vfprintf.o)
 .text.__sfputs_r
                0x0800973e       0x24 /home/knap-linux/st/stm32cubeide_1.17.0/plugins/com.st.stm32cube.ide.mcu.externaltools.gnu-tools-for-stm32.12.3.rel1.linux64_1.1.0.202410170702/tools/bin/../lib/gcc/arm-none-eabi/12.3.1/../../../../arm-none-eabi/lib/thumb/v7e-m+fp/hard/libc_nano.a(libc_a-nano-vfprintf.o)
                0x0800973e                __sfputs_r
 *fill*         0x08009762        0x2 
 .text._vfprintf_r
                0x08009764      0x230 /home/knap-linux/st/stm32cubeide_1.17.0/plugins/com.st.stm32cube.ide.mcu.externaltools.gnu-tools-for-stm32.12.3.rel1.linux64_1.1.0.202410170702/tools/bin/../lib/gcc/arm-none-eabi/12.3.1/../../../../arm-none-eabi/lib/thumb/v7e-m+fp/hard/libc_nano.a(libc_a-nano-vfprintf.o)
                0x08009764                _vfiprintf_r
                0x08009764                _vfprintf_r
 .text._printf_common
                0x08009994       0xda /home/knap-linux/st/stm32cubeide_1.17.0/plugins/com.st.stm32cube.ide.mcu.externaltools.gnu-tools-for-stm32.12.3.rel1.linux64_1.1.0.202410170702/tools/bin/../lib/gcc/arm-none-eabi/12.3.1/../../../../arm-none-eabi/lib/thumb/v7e-m+fp/hard/libc_nano.a(libc_a-nano-vfprintf_i.o)
                0x08009994                _printf_common
 *fill*         0x08009a6e        0x2 
 .text._printf_i
                0x08009a70      0x240 /home/knap-linux/st/stm32cubeide_1.17.0/plugins/com.st.stm32cube.ide.mcu.externaltools.gnu-tools-for-stm32.12.3.rel1.linux64_1.1.0.202410170702/tools/bin/../lib/gcc/arm-none-eabi/12.3.1/../../../../arm-none-eabi/lib/thumb/v7e-m+fp/hard/libc_nano.a(libc_a-nano-vfprintf_i.o)
                0x08009a70                _printf_i
 .text.__sflush_r
                0x08009cb0      0x108 /home/knap-linux/st/stm32cubeide_1.17.0/plugins/com.st.stm32cube.ide.mcu.externaltools.gnu-tools-for-stm32.12.3.rel1.linux64_1.1.0.202410170702/tools/bin/../lib/gcc/arm-none-eabi/12.3.1/../../../../arm-none-eabi/lib/thumb/v7e-m+fp/hard/libc_nano.a(libc_a-fflush.o)
                0x08009cb0                __sflush_r
 .text._fflush_r
                0x08009db8       0x50 /home/knap-linux/st/stm32cubeide_1.17.0/plugins/com.st.stm32cube.ide.mcu.externaltools.gnu-tools-for-stm32.12.3.rel1.linux64_1.1.0.202410170702/tools/bin/../lib/gcc/arm-none-eabi/12.3.1/../../../../arm-none-eabi/lib/thumb/v7e-m+fp/hard/libc_nano.a(libc_a-fflush.o)
                0x08009db8                _fflush_r
 .text.__swhatbuf_r
                0x08009e08       0x4c /home/knap-linux/st/stm32cubeide_1.17.0/plugins/com.st.stm32cube.ide.mcu.externaltools.gnu-tools-for-stm32.12.3.rel1.linux64_1.1.0.202410170702/tools/bin/../lib/gcc/arm-none-eabi/12.3.1/../../../../arm-none-eabi/lib/thumb/v7e-m+fp/hard/libc_nano.a(libc_a-makebuf.o)
                0x08009e08                __swhatbuf_r
 .text.__smakebuf_r
                0x08009e54       0x78 /home/knap-linux/st/stm32cubeide_1.17.0/plugins/com.st.stm32cube.ide.mcu.externaltools.gnu-tools-for-stm32.12.3.rel1.linux64_1.1.0.202410170702/tools/bin/../lib/gcc/arm-none-eabi/12.3.1/../../../../arm-none-eabi/lib/thumb/v7e-m+fp/hard/libc_nano.a(libc_a-makebuf.o)
                0x08009e54                __smakebuf_r
 .text._fstat_r
                0x08009ecc       0x24 /home/knap-linux/st/stm32cubeide_1.17.0/plugins/com.st.stm32cube.ide.mcu.externaltools.gnu-tools-for-stm32.12.3.rel1.linux64_1.1.0.202410170702/tools/bin/../lib/gcc/arm-none-eabi/12.3.1/../../../../arm-none-eabi/lib/thumb/v7e-m+fp/hard/libc_nano.a(libc_a-fstatr.o)
                0x08009ecc                _fstat_r
 .text._isatty_r
                0x08009ef0       0x20 /home/knap-linux/st/stm32cubeide_1.17.0/plugins/com.st.stm32cube.ide.mcu.externaltools.gnu-tools-for-stm32.12.3.rel1.linux64_1.1.0.202410170702/tools/bin/../lib/gcc/arm-none-eabi/12.3.1/../../../../arm-none-eabi/lib/thumb/v7e-m+fp/hard/libc_nano.a(libc_a-isattyr.o)
                0x08009ef0                _isatty_r
 *(.glue_7)
 .glue_7        0x08009f10        0x0 linker stubs
 *(.glue_7t)
 .glue_7t       0x08009f10        0x0 linker stubs
 *(.eh_frame)
 .eh_frame      0x08009f10        0x0 /home/knap-linux/st/stm32cubeide_1.17.0/plugins/com.st.stm32cube.ide.mcu.externaltools.gnu-tools-for-stm32.12.3.rel1.linux64_1.1.0.202410170702/tools/bin/../lib/gcc/arm-none-eabi/12.3.1/thumb/v7e-m+fp/hard/crtbegin.o
 *(.init)
 .init          0x08009f10        0x4 /home/knap-linux/st/stm32cubeide_1.17.0/plugins/com.st.stm32cube.ide.mcu.externaltools.gnu-tools-for-stm32.12.3.rel1.linux64_1.1.0.202410170702/tools/bin/../lib/gcc/arm-none-eabi/12.3.1/thumb/v7e-m+fp/hard/crti.o
                0x08009f10                _init
 .init          0x08009f14        0x8 /home/knap-linux/st/stm32cubeide_1.17.0/plugins/com.st.stm32cube.ide.mcu.externaltools.gnu-tools-for-stm32.12.3.rel1.linux64_1.1.0.202410170702/tools/bin/../lib/gcc/arm-none-eabi/12.3.1/thumb/v7e-m+fp/hard/crtn.o
 *(.fini)
 .fini          0x08009f1c        0x4 /home/knap-linux/st/stm32cubeide_1.17.0/plugins/com.st.stm32cube.ide.mcu.externaltools.gnu-tools-for-stm32.12.3.rel1.linux64_1.1.0.202410170702/tools/bin/../lib/gcc/arm-none-eabi/12.3.1/thumb/v7e-m+fp/hard/crti.o
                0x08009f1c                _fini
 .fini          0x08009f20        0x8 /home/knap-linux/st/stm32cubeide_1.17.0/plugins/com.st.stm32cube.ide.mcu.externaltools.gnu-tools-for-stm32.12.3.rel1.linux64_1.1.0.202410170702/tools/bin/../lib/gcc/arm-none-eabi/12.3.1/thumb/v7e-m+fp/hard/crtn.o
                0x08009f28                        . = ALIGN (0x4)
                0x08009f28                        _etext = .

.vfp11_veneer   0x08009f28        0x0
 .vfp11_veneer  0x08009f28        0x0 linker stubs

.v4_bx          0x08009f28        0x0
 .v4_bx         0x08009f28        0x0 linker stubs

.iplt           0x08009f28        0x0
 .iplt          0x08009f28        0x0 /home/knap-linux/st/stm32cubeide_1.17.0/plugins/com.st.stm32cube.ide.mcu.externaltools.gnu-tools-for-stm32.12.3.rel1.linux64_1.1.0.202410170702/tools/bin/../lib/gcc/arm-none-eabi/12.3.1/thumb/v7e-m+fp/hard/crtbegin.o

.rodata         0x08009f28      0x17c
                0x08009f28                        . = ALIGN (0x4)
 *(.rodata)
 .rodata        0x08009f28       0x4e ./Core/Src/main.o
 *fill*         0x08009f76        0x2 
 .rodata        0x08009f78        0x5 ./Middlewares/Third_Party/FreeRTOS/Source/tasks.o
 *fill*         0x08009f7d        0x3 
 .rodata        0x08009f80        0xd ./Middlewares/Third_Party/FreeRTOS/Source/timers.o
 *(.rodata*)
 *fill*         0x08009f8d        0x3 
 .rodata._ZL16task0_attributes
                0x08009f90       0x24 ./Core/Src/main.o
 .rodata._ZL16task1_attributes
                0x08009fb4       0x24 ./Core/Src/main.o
 .rodata._ZL19queueCan_attributes
                0x08009fd8       0x18 ./Core/Src/main.o
 .rodata._ZL19mutexCan_attributes
                0x08009ff0       0x10 ./Core/Src/main.o
 .rodata._ZL17semCan_attributes
                0x0800a000       0x10 ./Core/Src/main.o
 .rodata.AHBPrescTable
                0x0800a010       0x10 ./Core/Src/system_stm32g4xx.o
                0x0800a010                AHBPrescTable
 .rodata.APBPrescTable
                0x0800a020        0x8 ./Core/Src/system_stm32g4xx.o
                0x0800a020                APBPrescTable
 .rodata.DLCtoBytes
                0x0800a028       0x10 ./Drivers/STM32G4xx_HAL_Driver/Src/stm32g4xx_hal_fdcan.o
 .rodata.UARTPrescTable
                0x0800a038       0x18 ./Drivers/STM32G4xx_HAL_Driver/Src/stm32g4xx_hal_uart.o
                0x0800a038                UARTPrescTable
 .rodata.numerator.1
                0x0800a050        0x8 ./Drivers/STM32G4xx_HAL_Driver/Src/stm32g4xx_hal_uart_ex.o
 .rodata.denominator.0
                0x0800a058        0x8 ./Drivers/STM32G4xx_HAL_Driver/Src/stm32g4xx_hal_uart_ex.o
 .rodata._ZTV15FdcanController
                0x0800a060       0x10 ./Project/fdcan_controller.o
                0x0800a060                vtable for FdcanController
 .rodata._vfprintf_r.str1.1
                0x0800a070       0x11 /home/knap-linux/st/stm32cubeide_1.17.0/plugins/com.st.stm32cube.ide.mcu.externaltools.gnu-tools-for-stm32.12.3.rel1.linux64_1.1.0.202410170702/tools/bin/../lib/gcc/arm-none-eabi/12.3.1/../../../../arm-none-eabi/lib/thumb/v7e-m+fp/hard/libc_nano.a(libc_a-nano-vfprintf.o)
 .rodata._printf_i.str1.1
                0x0800a081       0x22 /home/knap-linux/st/stm32cubeide_1.17.0/plugins/com.st.stm32cube.ide.mcu.externaltools.gnu-tools-for-stm32.12.3.rel1.linux64_1.1.0.202410170702/tools/bin/../lib/gcc/arm-none-eabi/12.3.1/../../../../arm-none-eabi/lib/thumb/v7e-m+fp/hard/libc_nano.a(libc_a-nano-vfprintf_i.o)
                0x0800a0a4                        . = ALIGN (0x4)
 *fill*         0x0800a0a3        0x1 

.ARM.extab      0x0800a0a4        0x0
                0x0800a0a4                        . = ALIGN (0x4)
 *(.ARM.extab* .gnu.linkonce.armextab.*)
                0x0800a0a4                        . = ALIGN (0x4)

.ARM            0x0800a0a4        0x8
                0x0800a0a4                        . = ALIGN (0x4)
                0x0800a0a4                        __exidx_start = .
 *(.ARM.exidx*)
 .ARM.exidx     0x0800a0a4        0x8 /home/knap-linux/st/stm32cubeide_1.17.0/plugins/com.st.stm32cube.ide.mcu.externaltools.gnu-tools-for-stm32.12.3.rel1.linux64_1.1.0.202410170702/tools/bin/../lib/gcc/arm-none-eabi/12.3.1/../../../../arm-none-eabi/lib/thumb/v7e-m+fp/hard/libc_nano.a(libc_a-memchr.o)
 .ARM.exidx     0x0800a0ac        0x0 /home/knap-linux/st/stm32cubeide_1.17.0/plugins/com.st.stm32cube.ide.mcu.externaltools.gnu-tools-for-stm32.12.3.rel1.linux64_1.1.0.202410170702/tools/bin/../lib/gcc/arm-none-eabi/12.3.1/thumb/v7e-m+fp/hard/libgcc.a(_udivmoddi4.o)
                                  0x8 (size before relaxing)
                0x0800a0ac                        __exidx_end = .
                0x0800a0ac                        . = ALIGN (0x4)

.preinit_array  0x0800a0ac        0x0
                0x0800a0ac                        . = ALIGN (0x4)
                0x0800a0ac                        PROVIDE (__preinit_array_start = .)
 *(.preinit_array*)
                0x0800a0ac                        PROVIDE (__preinit_array_end = .)
                0x0800a0ac                        . = ALIGN (0x4)

.init_array     0x0800a0ac        0x8
                0x0800a0ac                        . = ALIGN (0x4)
                0x0800a0ac                        PROVIDE (__init_array_start = .)
 *(SORT_BY_NAME(.init_array.*))
 *(.init_array*)
 .init_array    0x0800a0ac        0x4 /home/knap-linux/st/stm32cubeide_1.17.0/plugins/com.st.stm32cube.ide.mcu.externaltools.gnu-tools-for-stm32.12.3.rel1.linux64_1.1.0.202410170702/tools/bin/../lib/gcc/arm-none-eabi/12.3.1/thumb/v7e-m+fp/hard/crtbegin.o
 .init_array    0x0800a0b0        0x4 ./Core/Src/main.o
                0x0800a0b4                        PROVIDE (__init_array_end = .)
                0x0800a0b4                        . = ALIGN (0x4)

.fini_array     0x0800a0b4        0x8
                0x0800a0b4                        . = ALIGN (0x4)
                [!provide]                        PROVIDE (__fini_array_start = .)
 *(SORT_BY_NAME(.fini_array.*))
 *(.fini_array*)
 .fini_array    0x0800a0b4        0x4 /home/knap-linux/st/stm32cubeide_1.17.0/plugins/com.st.stm32cube.ide.mcu.externaltools.gnu-tools-for-stm32.12.3.rel1.linux64_1.1.0.202410170702/tools/bin/../lib/gcc/arm-none-eabi/12.3.1/thumb/v7e-m+fp/hard/crtbegin.o
 .fini_array    0x0800a0b8        0x4 ./Core/Src/main.o
                [!provide]                        PROVIDE (__fini_array_end = .)
                0x0800a0bc                        . = ALIGN (0x4)
                0x0800a0bc                        _sidata = LOADADDR (.data)

.rel.dyn        0x0800a0bc        0x0
 .rel.iplt      0x0800a0bc        0x0 /home/knap-linux/st/stm32cubeide_1.17.0/plugins/com.st.stm32cube.ide.mcu.externaltools.gnu-tools-for-stm32.12.3.rel1.linux64_1.1.0.202410170702/tools/bin/../lib/gcc/arm-none-eabi/12.3.1/thumb/v7e-m+fp/hard/crtbegin.o

.data           0x20000000       0x6c load address 0x0800a0bc
                0x20000000                        . = ALIGN (0x4)
                0x20000000                        _sdata = .
 *(.data)
 *(.data*)
 .data.SystemCoreClock
                0x20000000        0x4 ./Core/Src/system_stm32g4xx.o
                0x20000000                SystemCoreClock
 .data.uwTickPrio
                0x20000004        0x4 ./Drivers/STM32G4xx_HAL_Driver/Src/stm32g4xx_hal.o
                0x20000004                uwTickPrio
 .data.uwTickFreq
                0x20000008        0x4 ./Drivers/STM32G4xx_HAL_Driver/Src/stm32g4xx_hal.o
                0x20000008                uwTickFreq
 .data.uxCriticalNesting
                0x2000000c        0x4 ./Middlewares/Third_Party/FreeRTOS/Source/portable/GCC/ARM_CM4F/port.o
 .data.__sglue  0x20000010        0xc /home/knap-linux/st/stm32cubeide_1.17.0/plugins/com.st.stm32cube.ide.mcu.externaltools.gnu-tools-for-stm32.12.3.rel1.linux64_1.1.0.202410170702/tools/bin/../lib/gcc/arm-none-eabi/12.3.1/../../../../arm-none-eabi/lib/thumb/v7e-m+fp/hard/libc_nano.a(libc_a-findfp.o)
                0x20000010                __sglue
 .data._impure_ptr
                0x2000001c        0x4 /home/knap-linux/st/stm32cubeide_1.17.0/plugins/com.st.stm32cube.ide.mcu.externaltools.gnu-tools-for-stm32.12.3.rel1.linux64_1.1.0.202410170702/tools/bin/../lib/gcc/arm-none-eabi/12.3.1/../../../../arm-none-eabi/lib/thumb/v7e-m+fp/hard/libc_nano.a(libc_a-impure.o)
                0x2000001c                _impure_ptr
 .data._impure_data
                0x20000020       0x4c /home/knap-linux/st/stm32cubeide_1.17.0/plugins/com.st.stm32cube.ide.mcu.externaltools.gnu-tools-for-stm32.12.3.rel1.linux64_1.1.0.202410170702/tools/bin/../lib/gcc/arm-none-eabi/12.3.1/../../../../arm-none-eabi/lib/thumb/v7e-m+fp/hard/libc_nano.a(libc_a-impure.o)
                0x20000020                _impure_data
 *(.RamFunc)
 *(.RamFunc*)
                0x2000006c                        . = ALIGN (0x4)
                0x2000006c                        _edata = .

.igot.plt       0x2000006c        0x0 load address 0x0800a128
 .igot.plt      0x2000006c        0x0 /home/knap-linux/st/stm32cubeide_1.17.0/plugins/com.st.stm32cube.ide.mcu.externaltools.gnu-tools-for-stm32.12.3.rel1.linux64_1.1.0.202410170702/tools/bin/../lib/gcc/arm-none-eabi/12.3.1/thumb/v7e-m+fp/hard/crtbegin.o
                0x2000006c                        . = ALIGN (0x4)

.bss            0x2000006c     0x376c load address 0x0800a128
                0x2000006c                        _sbss = .
                0x2000006c                        __bss_start__ = _sbss
 *(.bss)
 .bss           0x2000006c       0x1c /home/knap-linux/st/stm32cubeide_1.17.0/plugins/com.st.stm32cube.ide.mcu.externaltools.gnu-tools-for-stm32.12.3.rel1.linux64_1.1.0.202410170702/tools/bin/../lib/gcc/arm-none-eabi/12.3.1/thumb/v7e-m+fp/hard/crtbegin.o
 *(.bss*)
 .bss.hfdcan1   0x20000088       0x64 ./Core/Src/main.o
                0x20000088                hfdcan1
 .bss.huart2    0x200000ec       0x94 ./Core/Src/main.o
                0x200000ec                huart2
 .bss.task0Handle
                0x20000180        0x4 ./Core/Src/main.o
                0x20000180                task0Handle
 .bss.task1Handle
                0x20000184        0x4 ./Core/Src/main.o
                0x20000184                task1Handle
 .bss.queueCanHandle
                0x20000188        0x4 ./Core/Src/main.o
                0x20000188                queueCanHandle
 .bss.mutexCanHandle
                0x2000018c        0x4 ./Core/Src/main.o
                0x2000018c                mutexCanHandle
 .bss.semCanHandle
                0x20000190        0x4 ./Core/Src/main.o
                0x20000190                semCanHandle
 .bss.can       0x20000194       0x14 ./Core/Src/main.o
                0x20000194                can
 .bss.htim6     0x200001a8       0x4c ./Core/Src/stm32g4xx_hal_timebase_tim.o
                0x200001a8                htim6
 .bss.__sbrk_heap_end
                0x200001f4        0x4 ./Core/Src/sysmem.o
 .bss.uwTick    0x200001f8        0x4 ./Drivers/STM32G4xx_HAL_Driver/Src/stm32g4xx_hal.o
                0x200001f8                uwTick
 .bss.KernelState
                0x200001fc        0x4 ./Middlewares/Third_Party/FreeRTOS/Source/CMSIS_RTOS_V2/cmsis_os2.o
 .bss.Idle_TCB.3
                0x20000200       0x5c ./Middlewares/Third_Party/FreeRTOS/Source/CMSIS_RTOS_V2/cmsis_os2.o
 .bss.Idle_Stack.2
                0x2000025c      0x200 ./Middlewares/Third_Party/FreeRTOS/Source/CMSIS_RTOS_V2/cmsis_os2.o
 .bss.Timer_TCB.1
                0x2000045c       0x5c ./Middlewares/Third_Party/FreeRTOS/Source/CMSIS_RTOS_V2/cmsis_os2.o
 .bss.Timer_Stack.0
                0x200004b8      0x400 ./Middlewares/Third_Party/FreeRTOS/Source/CMSIS_RTOS_V2/cmsis_os2.o
 .bss.xQueueRegistry
                0x200008b8       0x40 ./Middlewares/Third_Party/FreeRTOS/Source/queue.o
                0x200008b8                xQueueRegistry
 .bss.pxCurrentTCB
                0x200008f8        0x4 ./Middlewares/Third_Party/FreeRTOS/Source/tasks.o
                0x200008f8                pxCurrentTCB
 .bss.pxReadyTasksLists
                0x200008fc      0x460 ./Middlewares/Third_Party/FreeRTOS/Source/tasks.o
 .bss.xDelayedTaskList1
                0x20000d5c       0x14 ./Middlewares/Third_Party/FreeRTOS/Source/tasks.o
 .bss.xDelayedTaskList2
                0x20000d70       0x14 ./Middlewares/Third_Party/FreeRTOS/Source/tasks.o
 .bss.pxDelayedTaskList
                0x20000d84        0x4 ./Middlewares/Third_Party/FreeRTOS/Source/tasks.o
 .bss.pxOverflowDelayedTaskList
                0x20000d88        0x4 ./Middlewares/Third_Party/FreeRTOS/Source/tasks.o
 .bss.xPendingReadyList
                0x20000d8c       0x14 ./Middlewares/Third_Party/FreeRTOS/Source/tasks.o
 .bss.xTasksWaitingTermination
                0x20000da0       0x14 ./Middlewares/Third_Party/FreeRTOS/Source/tasks.o
 .bss.uxDeletedTasksWaitingCleanUp
                0x20000db4        0x4 ./Middlewares/Third_Party/FreeRTOS/Source/tasks.o
 .bss.xSuspendedTaskList
                0x20000db8       0x14 ./Middlewares/Third_Party/FreeRTOS/Source/tasks.o
 .bss.uxCurrentNumberOfTasks
                0x20000dcc        0x4 ./Middlewares/Third_Party/FreeRTOS/Source/tasks.o
 .bss.xTickCount
                0x20000dd0        0x4 ./Middlewares/Third_Party/FreeRTOS/Source/tasks.o
 .bss.uxTopReadyPriority
                0x20000dd4        0x4 ./Middlewares/Third_Party/FreeRTOS/Source/tasks.o
 .bss.xSchedulerRunning
                0x20000dd8        0x4 ./Middlewares/Third_Party/FreeRTOS/Source/tasks.o
 .bss.xPendedTicks
                0x20000ddc        0x4 ./Middlewares/Third_Party/FreeRTOS/Source/tasks.o
 .bss.xYieldPending
                0x20000de0        0x4 ./Middlewares/Third_Party/FreeRTOS/Source/tasks.o
 .bss.xNumOfOverflows
                0x20000de4        0x4 ./Middlewares/Third_Party/FreeRTOS/Source/tasks.o
 .bss.uxTaskNumber
                0x20000de8        0x4 ./Middlewares/Third_Party/FreeRTOS/Source/tasks.o
 .bss.xNextTaskUnblockTime
                0x20000dec        0x4 ./Middlewares/Third_Party/FreeRTOS/Source/tasks.o
 .bss.xIdleTaskHandle
                0x20000df0        0x4 ./Middlewares/Third_Party/FreeRTOS/Source/tasks.o
 .bss.uxSchedulerSuspended
                0x20000df4        0x4 ./Middlewares/Third_Party/FreeRTOS/Source/tasks.o
 .bss.xActiveTimerList1
                0x20000df8       0x14 ./Middlewares/Third_Party/FreeRTOS/Source/timers.o
 .bss.xActiveTimerList2
                0x20000e0c       0x14 ./Middlewares/Third_Party/FreeRTOS/Source/timers.o
 .bss.pxCurrentTimerList
                0x20000e20        0x4 ./Middlewares/Third_Party/FreeRTOS/Source/timers.o
 .bss.pxOverflowTimerList
                0x20000e24        0x4 ./Middlewares/Third_Party/FreeRTOS/Source/timers.o
 .bss.xTimerQueue
                0x20000e28        0x4 ./Middlewares/Third_Party/FreeRTOS/Source/timers.o
 .bss.xTimerTaskHandle
                0x20000e2c        0x4 ./Middlewares/Third_Party/FreeRTOS/Source/timers.o
 .bss.xLastTime.2
                0x20000e30        0x4 ./Middlewares/Third_Party/FreeRTOS/Source/timers.o
 .bss.ucStaticTimerQueueStorage.1
                0x20000e34       0xa0 ./Middlewares/Third_Party/FreeRTOS/Source/timers.o
 .bss.xStaticTimerQueue.0
                0x20000ed4       0x50 ./Middlewares/Third_Party/FreeRTOS/Source/timers.o
 .bss.ucMaxSysCallPriority
                0x20000f24        0x1 ./Middlewares/Third_Party/FreeRTOS/Source/portable/GCC/ARM_CM4F/port.o
 *fill*         0x20000f25        0x3 
 .bss.ulMaxPRIGROUPValue
                0x20000f28        0x4 ./Middlewares/Third_Party/FreeRTOS/Source/portable/GCC/ARM_CM4F/port.o
 .bss.ucHeap    0x20000f2c     0x2740 ./Middlewares/Third_Party/FreeRTOS/Source/portable/MemMang/heap_4.o
 .bss.xStart    0x2000366c        0x8 ./Middlewares/Third_Party/FreeRTOS/Source/portable/MemMang/heap_4.o
 .bss.pxEnd     0x20003674        0x4 ./Middlewares/Third_Party/FreeRTOS/Source/portable/MemMang/heap_4.o
 .bss.xFreeBytesRemaining
                0x20003678        0x4 ./Middlewares/Third_Party/FreeRTOS/Source/portable/MemMang/heap_4.o
 .bss.xMinimumEverFreeBytesRemaining
                0x2000367c        0x4 ./Middlewares/Third_Party/FreeRTOS/Source/portable/MemMang/heap_4.o
 .bss.xNumberOfSuccessfulAllocations
                0x20003680        0x4 ./Middlewares/Third_Party/FreeRTOS/Source/portable/MemMang/heap_4.o
 .bss.xNumberOfSuccessfulFrees
                0x20003684        0x4 ./Middlewares/Third_Party/FreeRTOS/Source/portable/MemMang/heap_4.o
 .bss.xBlockAllocatedBit
                0x20003688        0x4 ./Middlewares/Third_Party/FreeRTOS/Source/portable/MemMang/heap_4.o
 .bss.__malloc_sbrk_start
                0x2000368c        0x4 /home/knap-linux/st/stm32cubeide_1.17.0/plugins/com.st.stm32cube.ide.mcu.externaltools.gnu-tools-for-stm32.12.3.rel1.linux64_1.1.0.202410170702/tools/bin/../lib/gcc/arm-none-eabi/12.3.1/../../../../arm-none-eabi/lib/thumb/v7e-m+fp/hard/libc_nano.a(libc_a-mallocr.o)
                0x2000368c                __malloc_sbrk_start
 .bss.__malloc_free_list
                0x20003690        0x4 /home/knap-linux/st/stm32cubeide_1.17.0/plugins/com.st.stm32cube.ide.mcu.externaltools.gnu-tools-for-stm32.12.3.rel1.linux64_1.1.0.202410170702/tools/bin/../lib/gcc/arm-none-eabi/12.3.1/../../../../arm-none-eabi/lib/thumb/v7e-m+fp/hard/libc_nano.a(libc_a-mallocr.o)
                0x20003690                __malloc_free_list
 .bss.__sf      0x20003694      0x138 /home/knap-linux/st/stm32cubeide_1.17.0/plugins/com.st.stm32cube.ide.mcu.externaltools.gnu-tools-for-stm32.12.3.rel1.linux64_1.1.0.202410170702/tools/bin/../lib/gcc/arm-none-eabi/12.3.1/../../../../arm-none-eabi/lib/thumb/v7e-m+fp/hard/libc_nano.a(libc_a-findfp.o)
                0x20003694                __sf
 .bss.__stdio_exit_handler
                0x200037cc        0x4 /home/knap-linux/st/stm32cubeide_1.17.0/plugins/com.st.stm32cube.ide.mcu.externaltools.gnu-tools-for-stm32.12.3.rel1.linux64_1.1.0.202410170702/tools/bin/../lib/gcc/arm-none-eabi/12.3.1/../../../../arm-none-eabi/lib/thumb/v7e-m+fp/hard/libc_nano.a(libc_a-findfp.o)
                0x200037cc                __stdio_exit_handler
 .bss.errno     0x200037d0        0x4 /home/knap-linux/st/stm32cubeide_1.17.0/plugins/com.st.stm32cube.ide.mcu.externaltools.gnu-tools-for-stm32.12.3.rel1.linux64_1.1.0.202410170702/tools/bin/../lib/gcc/arm-none-eabi/12.3.1/../../../../arm-none-eabi/lib/thumb/v7e-m+fp/hard/libc_nano.a(libc_a-reent.o)
                0x200037d0                errno
 .bss.__lock___malloc_recursive_mutex
                0x200037d4        0x1 /home/knap-linux/st/stm32cubeide_1.17.0/plugins/com.st.stm32cube.ide.mcu.externaltools.gnu-tools-for-stm32.12.3.rel1.linux64_1.1.0.202410170702/tools/bin/../lib/gcc/arm-none-eabi/12.3.1/../../../../arm-none-eabi/lib/thumb/v7e-m+fp/hard/libc_nano.a(libc_a-lock.o)
                0x200037d4                __lock___malloc_recursive_mutex
 .bss.__lock___sfp_recursive_mutex
                0x200037d5        0x1 /home/knap-linux/st/stm32cubeide_1.17.0/plugins/com.st.stm32cube.ide.mcu.externaltools.gnu-tools-for-stm32.12.3.rel1.linux64_1.1.0.202410170702/tools/bin/../lib/gcc/arm-none-eabi/12.3.1/../../../../arm-none-eabi/lib/thumb/v7e-m+fp/hard/libc_nano.a(libc_a-lock.o)
                0x200037d5                __lock___sfp_recursive_mutex
 *(COMMON)
                0x200037d8                        . = ALIGN (0x4)
 *fill*         0x200037d6        0x2 
                0x200037d8                        _ebss = .
                0x200037d8                        __bss_end__ = _ebss

._user_heap_stack
                0x200037d8      0x600 load address 0x0800a128
                0x200037d8                        . = ALIGN (0x8)
                [!provide]                        PROVIDE (end = .)
                0x200037d8                        PROVIDE (_end = .)
                0x200039d8                        . = (. + _Min_Heap_Size)
 *fill*         0x200037d8      0x200 
                0x20003dd8                        . = (. + _Min_Stack_Size)
 *fill*         0x200039d8      0x400 
                0x20003dd8                        . = ALIGN (0x8)

/DISCARD/
 libc.a(*)
 libm.a(*)
 libgcc.a(*)

.ARM.attributes
                0x00000000       0x30
 *(.ARM.attributes)
 .ARM.attributes