../Drivers/CMSIS/Include/core_cm4.h:2059:26:uint32_t ITM_SendChar(uint32_t)	16	static,ignoring_inline_asm
../Core/Src/main.cpp:103:16:int _write(int, char*, int)	24	static
../Core/Src/main.cpp:115:5:int main()	8	static
../Core/Src/main.cpp:226:6:void SystemClock_Config()	88	static
../Core/Src/main.cpp:275:13:void MX_FDCAN1_Init()	8	static
../Core/Src/main.cpp:318:13:void MX_USART2_UART_Init()	8	static
../Core/Src/main.cpp:368:13:void MX_GPIO_Init()	48	static
../Core/Src/main.cpp:407:6:void HAL_FDCAN_TxBufferCompleteCallback(FDCAN_HandleTypeDef*, uint32_t)	16	static
../Core/Src/main.cpp:416:6:void HAL_FDCAN_RxFifo0Callback(FDCAN_HandleTypeDef*, uint32_t)	16	static
../Core/Src/main.cpp:424:6:void task_action(char)	16	static
../Core/Src/main.cpp:439:6:void startTask0(void*)	176	static
../Core/Src/main.cpp:479:6:void startTask1(void*)	104	static
../Core/Src/main.cpp:492:6:void startTask2(void*)	176	static
../Core/Src/main.cpp:530:6:void HAL_TIM_PeriodElapsedCallback(TIM_HandleTypeDef*)	16	static
../Core/Src/main.cpp:548:6:void Error_Handler()	4	static,ignoring_inline_asm
../Core/Src/main.cpp:557:1:void __static_initialization_and_destruction_0(int, int)	16	static
../Core/Src/main.cpp:557:1:cpp)	8	static
../Core/Src/main.cpp:557:1:cpp)	8	static
