../Project/fdcan_controller.cpp:10:1:FdcanController::FdcanController()	16	static
../Project/fdcan_controller.cpp:19:1:FdcanController::~FdcanController()	16	static
../Project/fdcan_controller.cpp:19:1:virtual FdcanController::~FdcanController()	16	static
../Project/fdcan_controller.cpp:24:6:void FdcanController::setHandleFdcan(FDCAN_HandleTypeDef*)	16	static
../Project/fdcan_controller.cpp:29:6:void FdcanController::setHandleQueue(void**)	16	static
../Project/fdcan_controller.cpp:34:6:void FdcanController::setHandleMutex(void**)	16	static
../Project/fdcan_controller.cpp:39:6:void FdcanController::setHandleSem(void**)	16	static
../Project/fdcan_controller.cpp:44:24:FdcanController::State FdcanController::init()	16	static
../Project/fdcan_controller.cpp:66:24:FdcanController::State FdcanController::send(FdcanMsg)	16	static
../Project/fdcan_controller.cpp:88:24:FdcanController::State FdcanController::receive(FdcanMsg*)	16	static
../Project/fdcan_controller.cpp:98:24:FdcanController::State FdcanController::updateInterruptTx(FDCAN_HandleTypeDef*)	16	static
../Project/fdcan_controller.cpp:111:24:FdcanController::State FdcanController::updateInterruptRx(FDCAN_HandleTypeDef*, uint32_t)	112	static
../Project/fdcan_controller.cpp:132:6:void FdcanController::setFilter(FDCAN_FilterTypeDef)	16	static
